FFFFFFFFFFFFFFFFFFFFFFFFFF......F.F.....FF
=================================== FAILURES ===================================
___________________ TestIconRegistry.test_ingest_folder_pack ___________________
tests/test_icon_registry.py:172: in test_ingest_folder_pack
    result = registry.ingest_icon_pack(azure_pack_path, pack_id="azure-core")
icons/registry.py:198: in ingest_icon_pack
    logger.info(
/opt/homebrew/Cellar/python@3.13/3.13.12_1/Frameworks/Python.framework/Versions/3.13/lib/python3.13/logging/__init__.py:1520: in info
    self._log(INFO, msg, args, **kwargs)
/opt/homebrew/Cellar/python@3.13/3.13.12_1/Frameworks/Python.framework/Versions/3.13/lib/python3.13/logging/__init__.py:1665: in _log
    self.handle(record)
/opt/homebrew/Cellar/python@3.13/3.13.12_1/Frameworks/Python.framework/Versions/3.13/lib/python3.13/logging/__init__.py:1681: in handle
    self.callHandlers(record)
/opt/homebrew/Cellar/python@3.13/3.13.12_1/Frameworks/Python.framework/Versions/3.13/lib/python3.13/logging/__init__.py:1737: in callHandlers
    hdlr.handle(record)
/opt/homebrew/Cellar/python@3.13/3.13.12_1/Frameworks/Python.framework/Versions/3.13/lib/python3.13/logging/__init__.py:1027: in handle
    self.emit(record)
.venv/lib/python3.13/site-packages/_pytest/logging.py:386: in emit
    super().emit(record)
/opt/homebrew/Cellar/python@3.13/3.13.12_1/Frameworks/Python.framework/Versions/3.13/lib/python3.13/logging/__init__.py:1159: in emit
    self.handleError(record)
/opt/homebrew/Cellar/python@3.13/3.13.12_1/Frameworks/Python.framework/Versions/3.13/lib/python3.13/logging/__init__.py:1151: in emit
    msg = self.format(record)
/opt/homebrew/Cellar/python@3.13/3.13.12_1/Frameworks/Python.framework/Versions/3.13/lib/python3.13/logging/__init__.py:999: in format
    return fmt.format(record)
.venv/lib/python3.13/site-packages/_pytest/logging.py:139: in format
    return super().format(record)
/opt/homebrew/Cellar/python@3.13/3.13.12_1/Frameworks/Python.framework/Versions/3.13/lib/python3.13/logging/__init__.py:712: in format
    record.message = record.getMessage()
/opt/homebrew/Cellar/python@3.13/3.13.12_1/Frameworks/Python.framework/Versions/3.13/lib/python3.13/logging/__init__.py:400: in getMessage
    msg = msg % self.args
E   TypeError: %d format: a real number is required, not str
----------------------------- Captured stdout call -----------------------------
{"timestamp": "2026-03-14T15:17:25+0200", "level": "info", "name": "icons.registry", "message": "Ingesting icon pack from PosixPath", "logger": "icons.registry"}
----------------------------- Captured stderr call -----------------------------
--- Logging error ---
Traceback (most recent call last):
  File "/opt/homebrew/Cellar/python@3.13/3.13.12_1/Frameworks/Python.framework/Versions/3.13/lib/python3.13/logging/__init__.py", line 1151, in emit
    msg = self.format(record)
  File "/opt/homebrew/Cellar/python@3.13/3.13.12_1/Frameworks/Python.framework/Versions/3.13/lib/python3.13/logging/__init__.py", line 999, in format
    return fmt.format(record)
           ~~~~~~~~~~^^^^^^^^
  File "/Users/idokatz/VSCode/Archmorph/backend/.venv/lib/python3.13/site-packages/pythonjsonlogger/core.py", line 245, in format
    record.message = record.getMessage()
                     ~~~~~~~~~~~~~~~~~^^
  File "/opt/homebrew/Cellar/python@3.13/3.13.12_1/Frameworks/Python.framework/Versions/3.13/lib/python3.13/logging/__init__.py", line 400, in getMessage
    msg = msg % self.args
          ~~~~^~~~~~~~~~~
TypeError: %d format: a real number is required, not str
Call stack:
  File "/Users/idokatz/VSCode/Archmorph/backend/.venv/bin/pytest", line 6, in <module>
    sys.exit(console_main())
  File "/Users/idokatz/VSCode/Archmorph/backend/.venv/lib/python3.13/site-packages/_pytest/config/__init__.py", line 201, in console_main
    code = main()
  File "/Users/idokatz/VSCode/Archmorph/backend/.venv/lib/python3.13/site-packages/_pytest/config/__init__.py", line 175, in main
    ret: ExitCode | int = config.hook.pytest_cmdline_main(config=config)
  File "/Users/idokatz/VSCode/Archmorph/backend/.venv/lib/python3.13/site-packages/pluggy/_hooks.py", line 512, in __call__
    return self._hookexec(self.name, self._hookimpls.copy(), kwargs, firstresult)
  File "/Users/idokatz/VSCode/Archmorph/backend/.venv/lib/python3.13/site-packages/pluggy/_manager.py", line 120, in _hookexec
    return self._inner_hookexec(hook_name, methods, kwargs, firstresult)
  File "/Users/idokatz/VSCode/Archmorph/backend/.venv/lib/python3.13/site-packages/pluggy/_callers.py", line 121, in _multicall
    res = hook_impl.function(*args)
  File "/Users/idokatz/VSCode/Archmorph/backend/.venv/lib/python3.13/site-packages/_pytest/main.py", line 330, in pytest_cmdline_main
    return wrap_session(config, _main)
  File "/Users/idokatz/VSCode/Archmorph/backend/.venv/lib/python3.13/site-packages/_pytest/main.py", line 283, in wrap_session
    session.exitstatus = doit(config, session) or 0
  File "/Users/idokatz/VSCode/Archmorph/backend/.venv/lib/python3.13/site-packages/_pytest/main.py", line 337, in _main
    config.hook.pytest_runtestloop(session=session)
  File "/Users/idokatz/VSCode/Archmorph/backend/.venv/lib/python3.13/site-packages/pluggy/_hooks.py", line 512, in __call__
    return self._hookexec(self.name, self._hookimpls.copy(), kwargs, firstresult)
  File "/Users/idokatz/VSCode/Archmorph/backend/.venv/lib/python3.13/site-packages/pluggy/_manager.py", line 120, in _hookexec
    return self._inner_hookexec(hook_name, methods, kwargs, firstresult)
  File "/Users/idokatz/VSCode/Archmorph/backend/.venv/lib/python3.13/site-packages/pluggy/_callers.py", line 121, in _multicall
    res = hook_impl.function(*args)
  File "/Users/idokatz/VSCode/Archmorph/backend/.venv/lib/python3.13/site-packages/_pytest/main.py", line 362, in pytest_runtestloop
    item.config.hook.pytest_runtest_protocol(item=item, nextitem=nextitem)
  File "/Users/idokatz/VSCode/Archmorph/backend/.venv/lib/python3.13/site-packages/pluggy/_hooks.py", line 512, in __call__
    return self._hookexec(self.name, self._hookimpls.copy(), kwargs, firstresult)
  File "/Users/idokatz/VSCode/Archmorph/backend/.venv/lib/python3.13/site-packages/pluggy/_manager.py", line 120, in _hookexec
    return self._inner_hookexec(hook_name, methods, kwargs, firstresult)
  File "/Users/idokatz/VSCode/Archmorph/backend/.venv/lib/python3.13/site-packages/pluggy/_callers.py", line 121, in _multicall
    res = hook_impl.function(*args)
  File "/Users/idokatz/VSCode/Archmorph/backend/.venv/lib/python3.13/site-packages/_pytest/runner.py", line 113, in pytest_runtest_protocol
    runtestprotocol(item, nextitem=nextitem)
  File "/Users/idokatz/VSCode/Archmorph/backend/.venv/lib/python3.13/site-packages/_pytest/runner.py", line 132, in runtestprotocol
    reports.append(call_and_report(item, "call", log))
  File "/Users/idokatz/VSCode/Archmorph/backend/.venv/lib/python3.13/site-packages/_pytest/runner.py", line 241, in call_and_report
    call = CallInfo.from_call(
  File "/Users/idokatz/VSCode/Archmorph/backend/.venv/lib/python3.13/site-packages/_pytest/runner.py", line 341, in from_call
    result: TResult | None = func()
  File "/Users/idokatz/VSCode/Archmorph/backend/.venv/lib/python3.13/site-packages/_pytest/runner.py", line 242, in <lambda>
    lambda: runtest_hook(item=item, **kwds), when=when, reraise=reraise
  File "/Users/idokatz/VSCode/Archmorph/backend/.venv/lib/python3.13/site-packages/pluggy/_hooks.py", line 512, in __call__
    return self._hookexec(self.name, self._hookimpls.copy(), kwargs, firstresult)
  File "/Users/idokatz/VSCode/Archmorph/backend/.venv/lib/python3.13/site-packages/pluggy/_manager.py", line 120, in _hookexec
    return self._inner_hookexec(hook_name, methods, kwargs, firstresult)
  File "/Users/idokatz/VSCode/Archmorph/backend/.venv/lib/python3.13/site-packages/pluggy/_callers.py", line 121, in _multicall
    res = hook_impl.function(*args)
  File "/Users/idokatz/VSCode/Archmorph/backend/.venv/lib/python3.13/site-packages/_pytest/runner.py", line 174, in pytest_runtest_call
    item.runtest()
  File "/Users/idokatz/VSCode/Archmorph/backend/.venv/lib/python3.13/site-packages/_pytest/python.py", line 1627, in runtest
    self.ihook.pytest_pyfunc_call(pyfuncitem=self)
  File "/Users/idokatz/VSCode/Archmorph/backend/.venv/lib/python3.13/site-packages/pluggy/_hooks.py", line 512, in __call__
    return self._hookexec(self.name, self._hookimpls.copy(), kwargs, firstresult)
  File "/Users/idokatz/VSCode/Archmorph/backend/.venv/lib/python3.13/site-packages/pluggy/_manager.py", line 120, in _hookexec
    return self._inner_hookexec(hook_name, methods, kwargs, firstresult)
  File "/Users/idokatz/VSCode/Archmorph/backend/.venv/lib/python3.13/site-packages/pluggy/_callers.py", line 121, in _multicall
    res = hook_impl.function(*args)
  File "/Users/idokatz/VSCode/Archmorph/backend/.venv/lib/python3.13/site-packages/_pytest/python.py", line 159, in pytest_pyfunc_call
    result = testfunction(**testargs)
  File "/Users/idokatz/VSCode/Archmorph/backend/tests/test_icon_registry.py", line 172, in test_ingest_folder_pack
    result = registry.ingest_icon_pack(azure_pack_path, pack_id="azure-core")
  File "/Users/idokatz/VSCode/Archmorph/backend/tests/../icons/registry.py", line 198, in ingest_icon_pack
    logger.info(
Message: "Icon pack '%s' ingested: %d icons, %d failed (%.2fs)"
Arguments: ('azure-core', '143', '0', '0.06089020799845457')
------------------------------ Captured log call -------------------------------
INFO     icons.registry:registry.py:115 Ingesting icon pack from PosixPath
____________________ TestIconRegistry.test_ingest_zip_pack _____________________
tests/test_icon_registry.py:177: in test_ingest_zip_pack
    result = registry.ingest_icon_pack(small_zip_pack, pack_id="test-zip")
icons/registry.py:198: in ingest_icon_pack
    logger.info(
/opt/homebrew/Cellar/python@3.13/3.13.12_1/Frameworks/Python.framework/Versions/3.13/lib/python3.13/logging/__init__.py:1520: in info
    self._log(INFO, msg, args, **kwargs)
/opt/homebrew/Cellar/python@3.13/3.13.12_1/Frameworks/Python.framework/Versions/3.13/lib/python3.13/logging/__init__.py:1665: in _log
    self.handle(record)
/opt/homebrew/Cellar/python@3.13/3.13.12_1/Frameworks/Python.framework/Versions/3.13/lib/python3.13/logging/__init__.py:1681: in handle
    self.callHandlers(record)
/opt/homebrew/Cellar/python@3.13/3.13.12_1/Frameworks/Python.framework/Versions/3.13/lib/python3.13/logging/__init__.py:1737: in callHandlers
    hdlr.handle(record)
/opt/homebrew/Cellar/python@3.13/3.13.12_1/Frameworks/Python.framework/Versions/3.13/lib/python3.13/logging/__init__.py:1027: in handle
    self.emit(record)
.venv/lib/python3.13/site-packages/_pytest/logging.py:386: in emit
    super().emit(record)
/opt/homebrew/Cellar/python@3.13/3.13.12_1/Frameworks/Python.framework/Versions/3.13/lib/python3.13/logging/__init__.py:1159: in emit
    self.handleError(record)
/opt/homebrew/Cellar/python@3.13/3.13.12_1/Frameworks/Python.framework/Versions/3.13/lib/python3.13/logging/__init__.py:1151: in emit
    msg = self.format(record)
/opt/homebrew/Cellar/python@3.13/3.13.12_1/Frameworks/Python.framework/Versions/3.13/lib/python3.13/logging/__init__.py:999: in format
    return fmt.format(record)
.venv/lib/python3.13/site-packages/_pytest/logging.py:139: in format
    return super().format(record)
/opt/homebrew/Cellar/python@3.13/3.13.12_1/Frameworks/Python.framework/Versions/3.13/lib/python3.13/logging/__init__.py:712: in format
    record.message = record.getMessage()
/opt/homebrew/Cellar/python@3.13/3.13.12_1/Frameworks/Python.framework/Versions/3.13/lib/python3.13/logging/__init__.py:400: in getMessage
    msg = msg % self.args
E   TypeError: %d format: a real number is required, not str
----------------------------- Captured stdout call -----------------------------
{"timestamp": "2026-03-14T15:17:25+0200", "level": "info", "name": "icons.registry", "message": "Ingesting icon pack from bytes", "logger": "icons.registry"}
----------------------------- Captured stderr call -----------------------------
--- Logging error ---
Traceback (most recent call last):
  File "/opt/homebrew/Cellar/python@3.13/3.13.12_1/Frameworks/Python.framework/Versions/3.13/lib/python3.13/logging/__init__.py", line 1151, in emit
    msg = self.format(record)
  File "/opt/homebrew/Cellar/python@3.13/3.13.12_1/Frameworks/Python.framework/Versions/3.13/lib/python3.13/logging/__init__.py", line 999, in format
    return fmt.format(record)
           ~~~~~~~~~~^^^^^^^^
  File "/Users/idokatz/VSCode/Archmorph/backend/.venv/lib/python3.13/site-packages/pythonjsonlogger/core.py", line 245, in format
    record.message = record.getMessage()
                     ~~~~~~~~~~~~~~~~~^^
  File "/opt/homebrew/Cellar/python@3.13/3.13.12_1/Frameworks/Python.framework/Versions/3.13/lib/python3.13/logging/__init__.py", line 400, in getMessage
    msg = msg % self.args
          ~~~~^~~~~~~~~~~
TypeError: %d format: a real number is required, not str
Call stack:
  File "/Users/idokatz/VSCode/Archmorph/backend/.venv/bin/pytest", line 6, in <module>
    sys.exit(console_main())
  File "/Users/idokatz/VSCode/Archmorph/backend/.venv/lib/python3.13/site-packages/_pytest/config/__init__.py", line 201, in console_main
    code = main()
  File "/Users/idokatz/VSCode/Archmorph/backend/.venv/lib/python3.13/site-packages/_pytest/config/__init__.py", line 175, in main
    ret: ExitCode | int = config.hook.pytest_cmdline_main(config=config)
  File "/Users/idokatz/VSCode/Archmorph/backend/.venv/lib/python3.13/site-packages/pluggy/_hooks.py", line 512, in __call__
    return self._hookexec(self.name, self._hookimpls.copy(), kwargs, firstresult)
  File "/Users/idokatz/VSCode/Archmorph/backend/.venv/lib/python3.13/site-packages/pluggy/_manager.py", line 120, in _hookexec
    return self._inner_hookexec(hook_name, methods, kwargs, firstresult)
  File "/Users/idokatz/VSCode/Archmorph/backend/.venv/lib/python3.13/site-packages/pluggy/_callers.py", line 121, in _multicall
    res = hook_impl.function(*args)
  File "/Users/idokatz/VSCode/Archmorph/backend/.venv/lib/python3.13/site-packages/_pytest/main.py", line 330, in pytest_cmdline_main
    return wrap_session(config, _main)
  File "/Users/idokatz/VSCode/Archmorph/backend/.venv/lib/python3.13/site-packages/_pytest/main.py", line 283, in wrap_session
    session.exitstatus = doit(config, session) or 0
  File "/Users/idokatz/VSCode/Archmorph/backend/.venv/lib/python3.13/site-packages/_pytest/main.py", line 337, in _main
    config.hook.pytest_runtestloop(session=session)
  File "/Users/idokatz/VSCode/Archmorph/backend/.venv/lib/python3.13/site-packages/pluggy/_hooks.py", line 512, in __call__
    return self._hookexec(self.name, self._hookimpls.copy(), kwargs, firstresult)
  File "/Users/idokatz/VSCode/Archmorph/backend/.venv/lib/python3.13/site-packages/pluggy/_manager.py", line 120, in _hookexec
    return self._inner_hookexec(hook_name, methods, kwargs, firstresult)
  File "/Users/idokatz/VSCode/Archmorph/backend/.venv/lib/python3.13/site-packages/pluggy/_callers.py", line 121, in _multicall
    res = hook_impl.function(*args)
  File "/Users/idokatz/VSCode/Archmorph/backend/.venv/lib/python3.13/site-packages/_pytest/main.py", line 362, in pytest_runtestloop
    item.config.hook.pytest_runtest_protocol(item=item, nextitem=nextitem)
  File "/Users/idokatz/VSCode/Archmorph/backend/.venv/lib/python3.13/site-packages/pluggy/_hooks.py", line 512, in __call__
    return self._hookexec(self.name, self._hookimpls.copy(), kwargs, firstresult)
  File "/Users/idokatz/VSCode/Archmorph/backend/.venv/lib/python3.13/site-packages/pluggy/_manager.py", line 120, in _hookexec
    return self._inner_hookexec(hook_name, methods, kwargs, firstresult)
  File "/Users/idokatz/VSCode/Archmorph/backend/.venv/lib/python3.13/site-packages/pluggy/_callers.py", line 121, in _multicall
    res = hook_impl.function(*args)
  File "/Users/idokatz/VSCode/Archmorph/backend/.venv/lib/python3.13/site-packages/_pytest/runner.py", line 113, in pytest_runtest_protocol
    runtestprotocol(item, nextitem=nextitem)
  File "/Users/idokatz/VSCode/Archmorph/backend/.venv/lib/python3.13/site-packages/_pytest/runner.py", line 132, in runtestprotocol
    reports.append(call_and_report(item, "call", log))
  File "/Users/idokatz/VSCode/Archmorph/backend/.venv/lib/python3.13/site-packages/_pytest/runner.py", line 241, in call_and_report
    call = CallInfo.from_call(
  File "/Users/idokatz/VSCode/Archmorph/backend/.venv/lib/python3.13/site-packages/_pytest/runner.py", line 341, in from_call
    result: TResult | None = func()
  File "/Users/idokatz/VSCode/Archmorph/backend/.venv/lib/python3.13/site-packages/_pytest/runner.py", line 242, in <lambda>
    lambda: runtest_hook(item=item, **kwds), when=when, reraise=reraise
  File "/Users/idokatz/VSCode/Archmorph/backend/.venv/lib/python3.13/site-packages/pluggy/_hooks.py", line 512, in __call__
    return self._hookexec(self.name, self._hookimpls.copy(), kwargs, firstresult)
  File "/Users/idokatz/VSCode/Archmorph/backend/.venv/lib/python3.13/site-packages/pluggy/_manager.py", line 120, in _hookexec
    return self._inner_hookexec(hook_name, methods, kwargs, firstresult)
  File "/Users/idokatz/VSCode/Archmorph/backend/.venv/lib/python3.13/site-packages/pluggy/_callers.py", line 121, in _multicall
    res = hook_impl.function(*args)
  File "/Users/idokatz/VSCode/Archmorph/backend/.venv/lib/python3.13/site-packages/_pytest/runner.py", line 174, in pytest_runtest_call
    item.runtest()
  File "/Users/idokatz/VSCode/Archmorph/backend/.venv/lib/python3.13/site-packages/_pytest/python.py", line 1627, in runtest
    self.ihook.pytest_pyfunc_call(pyfuncitem=self)
  File "/Users/idokatz/VSCode/Archmorph/backend/.venv/lib/python3.13/site-packages/pluggy/_hooks.py", line 512, in __call__
    return self._hookexec(self.name, self._hookimpls.copy(), kwargs, firstresult)
  File "/Users/idokatz/VSCode/Archmorph/backend/.venv/lib/python3.13/site-packages/pluggy/_manager.py", line 120, in _hookexec
    return self._inner_hookexec(hook_name, methods, kwargs, firstresult)
  File "/Users/idokatz/VSCode/Archmorph/backend/.venv/lib/python3.13/site-packages/pluggy/_callers.py", line 121, in _multicall
    res = hook_impl.function(*args)
  File "/Users/idokatz/VSCode/Archmorph/backend/.venv/lib/python3.13/site-packages/_pytest/python.py", line 159, in pytest_pyfunc_call
    result = testfunction(**testargs)
  File "/Users/idokatz/VSCode/Archmorph/backend/tests/test_icon_registry.py", line 177, in test_ingest_zip_pack
    result = registry.ingest_icon_pack(small_zip_pack, pack_id="test-zip")
  File "/Users/idokatz/VSCode/Archmorph/backend/tests/../icons/registry.py", line 198, in ingest_icon_pack
    logger.info(
Message: "Icon pack '%s' ingested: %d icons, %d failed (%.2fs)"
Arguments: ('test-zip', '1', '0', '0.07308025000384077')
------------------------------ Captured log call -------------------------------
INFO     icons.registry:registry.py:115 Ingesting icon pack from bytes
_________________ TestIconRegistry.test_get_icon_after_ingest __________________
tests/test_icon_registry.py:196: in test_get_icon_after_ingest
    registry.ingest_icon_pack(small_zip_pack, pack_id="t1")
icons/registry.py:198: in ingest_icon_pack
    logger.info(
/opt/homebrew/Cellar/python@3.13/3.13.12_1/Frameworks/Python.framework/Versions/3.13/lib/python3.13/logging/__init__.py:1520: in info
    self._log(INFO, msg, args, **kwargs)
/opt/homebrew/Cellar/python@3.13/3.13.12_1/Frameworks/Python.framework/Versions/3.13/lib/python3.13/logging/__init__.py:1665: in _log
    self.handle(record)
/opt/homebrew/Cellar/python@3.13/3.13.12_1/Frameworks/Python.framework/Versions/3.13/lib/python3.13/logging/__init__.py:1681: in handle
    self.callHandlers(record)
/opt/homebrew/Cellar/python@3.13/3.13.12_1/Frameworks/Python.framework/Versions/3.13/lib/python3.13/logging/__init__.py:1737: in callHandlers
    hdlr.handle(record)
/opt/homebrew/Cellar/python@3.13/3.13.12_1/Frameworks/Python.framework/Versions/3.13/lib/python3.13/logging/__init__.py:1027: in handle
    self.emit(record)
.venv/lib/python3.13/site-packages/_pytest/logging.py:386: in emit
    super().emit(record)
/opt/homebrew/Cellar/python@3.13/3.13.12_1/Frameworks/Python.framework/Versions/3.13/lib/python3.13/logging/__init__.py:1159: in emit
    self.handleError(record)
/opt/homebrew/Cellar/python@3.13/3.13.12_1/Frameworks/Python.framework/Versions/3.13/lib/python3.13/logging/__init__.py:1151: in emit
    msg = self.format(record)
/opt/homebrew/Cellar/python@3.13/3.13.12_1/Frameworks/Python.framework/Versions/3.13/lib/python3.13/logging/__init__.py:999: in format
    return fmt.format(record)
.venv/lib/python3.13/site-packages/_pytest/logging.py:139: in format
    return super().format(record)
/opt/homebrew/Cellar/python@3.13/3.13.12_1/Frameworks/Python.framework/Versions/3.13/lib/python3.13/logging/__init__.py:712: in format
    record.message = record.getMessage()
/opt/homebrew/Cellar/python@3.13/3.13.12_1/Frameworks/Python.framework/Versions/3.13/lib/python3.13/logging/__init__.py:400: in getMessage
    msg = msg % self.args
E   TypeError: %d format: a real number is required, not str
----------------------------- Captured stdout call -----------------------------
{"timestamp": "2026-03-14T15:17:26+0200", "level": "info", "name": "icons.registry", "message": "Ingesting icon pack from bytes", "logger": "icons.registry"}
----------------------------- Captured stderr call -----------------------------
--- Logging error ---
Traceback (most recent call last):
  File "/opt/homebrew/Cellar/python@3.13/3.13.12_1/Frameworks/Python.framework/Versions/3.13/lib/python3.13/logging/__init__.py", line 1151, in emit
    msg = self.format(record)
  File "/opt/homebrew/Cellar/python@3.13/3.13.12_1/Frameworks/Python.framework/Versions/3.13/lib/python3.13/logging/__init__.py", line 999, in format
    return fmt.format(record)
           ~~~~~~~~~~^^^^^^^^
  File "/Users/idokatz/VSCode/Archmorph/backend/.venv/lib/python3.13/site-packages/pythonjsonlogger/core.py", line 245, in format
    record.message = record.getMessage()
                     ~~~~~~~~~~~~~~~~~^^
  File "/opt/homebrew/Cellar/python@3.13/3.13.12_1/Frameworks/Python.framework/Versions/3.13/lib/python3.13/logging/__init__.py", line 400, in getMessage
    msg = msg % self.args
          ~~~~^~~~~~~~~~~
TypeError: %d format: a real number is required, not str
Call stack:
  File "/Users/idokatz/VSCode/Archmorph/backend/.venv/bin/pytest", line 6, in <module>
    sys.exit(console_main())
  File "/Users/idokatz/VSCode/Archmorph/backend/.venv/lib/python3.13/site-packages/_pytest/config/__init__.py", line 201, in console_main
    code = main()
  File "/Users/idokatz/VSCode/Archmorph/backend/.venv/lib/python3.13/site-packages/_pytest/config/__init__.py", line 175, in main
    ret: ExitCode | int = config.hook.pytest_cmdline_main(config=config)
  File "/Users/idokatz/VSCode/Archmorph/backend/.venv/lib/python3.13/site-packages/pluggy/_hooks.py", line 512, in __call__
    return self._hookexec(self.name, self._hookimpls.copy(), kwargs, firstresult)
  File "/Users/idokatz/VSCode/Archmorph/backend/.venv/lib/python3.13/site-packages/pluggy/_manager.py", line 120, in _hookexec
    return self._inner_hookexec(hook_name, methods, kwargs, firstresult)
  File "/Users/idokatz/VSCode/Archmorph/backend/.venv/lib/python3.13/site-packages/pluggy/_callers.py", line 121, in _multicall
    res = hook_impl.function(*args)
  File "/Users/idokatz/VSCode/Archmorph/backend/.venv/lib/python3.13/site-packages/_pytest/main.py", line 330, in pytest_cmdline_main
    return wrap_session(config, _main)
  File "/Users/idokatz/VSCode/Archmorph/backend/.venv/lib/python3.13/site-packages/_pytest/main.py", line 283, in wrap_session
    session.exitstatus = doit(config, session) or 0
  File "/Users/idokatz/VSCode/Archmorph/backend/.venv/lib/python3.13/site-packages/_pytest/main.py", line 337, in _main
    config.hook.pytest_runtestloop(session=session)
  File "/Users/idokatz/VSCode/Archmorph/backend/.venv/lib/python3.13/site-packages/pluggy/_hooks.py", line 512, in __call__
    return self._hookexec(self.name, self._hookimpls.copy(), kwargs, firstresult)
  File "/Users/idokatz/VSCode/Archmorph/backend/.venv/lib/python3.13/site-packages/pluggy/_manager.py", line 120, in _hookexec
    return self._inner_hookexec(hook_name, methods, kwargs, firstresult)
  File "/Users/idokatz/VSCode/Archmorph/backend/.venv/lib/python3.13/site-packages/pluggy/_callers.py", line 121, in _multicall
    res = hook_impl.function(*args)
  File "/Users/idokatz/VSCode/Archmorph/backend/.venv/lib/python3.13/site-packages/_pytest/main.py", line 362, in pytest_runtestloop
    item.config.hook.pytest_runtest_protocol(item=item, nextitem=nextitem)
  File "/Users/idokatz/VSCode/Archmorph/backend/.venv/lib/python3.13/site-packages/pluggy/_hooks.py", line 512, in __call__
    return self._hookexec(self.name, self._hookimpls.copy(), kwargs, firstresult)
  File "/Users/idokatz/VSCode/Archmorph/backend/.venv/lib/python3.13/site-packages/pluggy/_manager.py", line 120, in _hookexec
    return self._inner_hookexec(hook_name, methods, kwargs, firstresult)
  File "/Users/idokatz/VSCode/Archmorph/backend/.venv/lib/python3.13/site-packages/pluggy/_callers.py", line 121, in _multicall
    res = hook_impl.function(*args)
  File "/Users/idokatz/VSCode/Archmorph/backend/.venv/lib/python3.13/site-packages/_pytest/runner.py", line 113, in pytest_runtest_protocol
    runtestprotocol(item, nextitem=nextitem)
  File "/Users/idokatz/VSCode/Archmorph/backend/.venv/lib/python3.13/site-packages/_pytest/runner.py", line 132, in runtestprotocol
    reports.append(call_and_report(item, "call", log))
  File "/Users/idokatz/VSCode/Archmorph/backend/.venv/lib/python3.13/site-packages/_pytest/runner.py", line 241, in call_and_report
    call = CallInfo.from_call(
  File "/Users/idokatz/VSCode/Archmorph/backend/.venv/lib/python3.13/site-packages/_pytest/runner.py", line 341, in from_call
    result: TResult | None = func()
  File "/Users/idokatz/VSCode/Archmorph/backend/.venv/lib/python3.13/site-packages/_pytest/runner.py", line 242, in <lambda>
    lambda: runtest_hook(item=item, **kwds), when=when, reraise=reraise
  File "/Users/idokatz/VSCode/Archmorph/backend/.venv/lib/python3.13/site-packages/pluggy/_hooks.py", line 512, in __call__
    return self._hookexec(self.name, self._hookimpls.copy(), kwargs, firstresult)
  File "/Users/idokatz/VSCode/Archmorph/backend/.venv/lib/python3.13/site-packages/pluggy/_manager.py", line 120, in _hookexec
    return self._inner_hookexec(hook_name, methods, kwargs, firstresult)
  File "/Users/idokatz/VSCode/Archmorph/backend/.venv/lib/python3.13/site-packages/pluggy/_callers.py", line 121, in _multicall
    res = hook_impl.function(*args)
  File "/Users/idokatz/VSCode/Archmorph/backend/.venv/lib/python3.13/site-packages/_pytest/runner.py", line 174, in pytest_runtest_call
    item.runtest()
  File "/Users/idokatz/VSCode/Archmorph/backend/.venv/lib/python3.13/site-packages/_pytest/python.py", line 1627, in runtest
    self.ihook.pytest_pyfunc_call(pyfuncitem=self)
  File "/Users/idokatz/VSCode/Archmorph/backend/.venv/lib/python3.13/site-packages/pluggy/_hooks.py", line 512, in __call__
    return self._hookexec(self.name, self._hookimpls.copy(), kwargs, firstresult)
  File "/Users/idokatz/VSCode/Archmorph/backend/.venv/lib/python3.13/site-packages/pluggy/_manager.py", line 120, in _hookexec
    return self._inner_hookexec(hook_name, methods, kwargs, firstresult)
  File "/Users/idokatz/VSCode/Archmorph/backend/.venv/lib/python3.13/site-packages/pluggy/_callers.py", line 121, in _multicall
    res = hook_impl.function(*args)
  File "/Users/idokatz/VSCode/Archmorph/backend/.venv/lib/python3.13/site-packages/_pytest/python.py", line 159, in pytest_pyfunc_call
    result = testfunction(**testargs)
  File "/Users/idokatz/VSCode/Archmorph/backend/tests/test_icon_registry.py", line 196, in test_get_icon_after_ingest
    registry.ingest_icon_pack(small_zip_pack, pack_id="t1")
  File "/Users/idokatz/VSCode/Archmorph/backend/tests/../icons/registry.py", line 198, in ingest_icon_pack
    logger.info(
Message: "Icon pack '%s' ingested: %d icons, %d failed (%.2fs)"
Arguments: ('t1', '1', '0', '0.00040920800529420376')
------------------------------ Captured log call -------------------------------
INFO     icons.registry:registry.py:115 Ingesting icon pack from bytes
_______________ TestIconRegistry.test_resolve_icon_by_service_id _______________
tests/test_icon_registry.py:208: in test_resolve_icon_by_service_id
    registry.ingest_icon_pack(small_zip_pack, pack_id="t2")
icons/registry.py:198: in ingest_icon_pack
    logger.info(
/opt/homebrew/Cellar/python@3.13/3.13.12_1/Frameworks/Python.framework/Versions/3.13/lib/python3.13/logging/__init__.py:1520: in info
    self._log(INFO, msg, args, **kwargs)
/opt/homebrew/Cellar/python@3.13/3.13.12_1/Frameworks/Python.framework/Versions/3.13/lib/python3.13/logging/__init__.py:1665: in _log
    self.handle(record)
/opt/homebrew/Cellar/python@3.13/3.13.12_1/Frameworks/Python.framework/Versions/3.13/lib/python3.13/logging/__init__.py:1681: in handle
    self.callHandlers(record)
/opt/homebrew/Cellar/python@3.13/3.13.12_1/Frameworks/Python.framework/Versions/3.13/lib/python3.13/logging/__init__.py:1737: in callHandlers
    hdlr.handle(record)
/opt/homebrew/Cellar/python@3.13/3.13.12_1/Frameworks/Python.framework/Versions/3.13/lib/python3.13/logging/__init__.py:1027: in handle
    self.emit(record)
.venv/lib/python3.13/site-packages/_pytest/logging.py:386: in emit
    super().emit(record)
/opt/homebrew/Cellar/python@3.13/3.13.12_1/Frameworks/Python.framework/Versions/3.13/lib/python3.13/logging/__init__.py:1159: in emit
    self.handleError(record)
/opt/homebrew/Cellar/python@3.13/3.13.12_1/Frameworks/Python.framework/Versions/3.13/lib/python3.13/logging/__init__.py:1151: in emit
    msg = self.format(record)
/opt/homebrew/Cellar/python@3.13/3.13.12_1/Frameworks/Python.framework/Versions/3.13/lib/python3.13/logging/__init__.py:999: in format
    return fmt.format(record)
.venv/lib/python3.13/site-packages/_pytest/logging.py:139: in format
    return super().format(record)
/opt/homebrew/Cellar/python@3.13/3.13.12_1/Frameworks/Python.framework/Versions/3.13/lib/python3.13/logging/__init__.py:712: in format
    record.message = record.getMessage()
/opt/homebrew/Cellar/python@3.13/3.13.12_1/Frameworks/Python.framework/Versions/3.13/lib/python3.13/logging/__init__.py:400: in getMessage
    msg = msg % self.args
E   TypeError: %d format: a real number is required, not str
----------------------------- Captured stdout call -----------------------------
{"timestamp": "2026-03-14T15:17:26+0200", "level": "info", "name": "icons.registry", "message": "Ingesting icon pack from bytes", "logger": "icons.registry"}
----------------------------- Captured stderr call -----------------------------
--- Logging error ---
Traceback (most recent call last):
  File "/opt/homebrew/Cellar/python@3.13/3.13.12_1/Frameworks/Python.framework/Versions/3.13/lib/python3.13/logging/__init__.py", line 1151, in emit
    msg = self.format(record)
  File "/opt/homebrew/Cellar/python@3.13/3.13.12_1/Frameworks/Python.framework/Versions/3.13/lib/python3.13/logging/__init__.py", line 999, in format
    return fmt.format(record)
           ~~~~~~~~~~^^^^^^^^
  File "/Users/idokatz/VSCode/Archmorph/backend/.venv/lib/python3.13/site-packages/pythonjsonlogger/core.py", line 245, in format
    record.message = record.getMessage()
                     ~~~~~~~~~~~~~~~~~^^
  File "/opt/homebrew/Cellar/python@3.13/3.13.12_1/Frameworks/Python.framework/Versions/3.13/lib/python3.13/logging/__init__.py", line 400, in getMessage
    msg = msg % self.args
          ~~~~^~~~~~~~~~~
TypeError: %d format: a real number is required, not str
Call stack:
  File "/Users/idokatz/VSCode/Archmorph/backend/.venv/bin/pytest", line 6, in <module>
    sys.exit(console_main())
  File "/Users/idokatz/VSCode/Archmorph/backend/.venv/lib/python3.13/site-packages/_pytest/config/__init__.py", line 201, in console_main
    code = main()
  File "/Users/idokatz/VSCode/Archmorph/backend/.venv/lib/python3.13/site-packages/_pytest/config/__init__.py", line 175, in main
    ret: ExitCode | int = config.hook.pytest_cmdline_main(config=config)
  File "/Users/idokatz/VSCode/Archmorph/backend/.venv/lib/python3.13/site-packages/pluggy/_hooks.py", line 512, in __call__
    return self._hookexec(self.name, self._hookimpls.copy(), kwargs, firstresult)
  File "/Users/idokatz/VSCode/Archmorph/backend/.venv/lib/python3.13/site-packages/pluggy/_manager.py", line 120, in _hookexec
    return self._inner_hookexec(hook_name, methods, kwargs, firstresult)
  File "/Users/idokatz/VSCode/Archmorph/backend/.venv/lib/python3.13/site-packages/pluggy/_callers.py", line 121, in _multicall
    res = hook_impl.function(*args)
  File "/Users/idokatz/VSCode/Archmorph/backend/.venv/lib/python3.13/site-packages/_pytest/main.py", line 330, in pytest_cmdline_main
    return wrap_session(config, _main)
  File "/Users/idokatz/VSCode/Archmorph/backend/.venv/lib/python3.13/site-packages/_pytest/main.py", line 283, in wrap_session
    session.exitstatus = doit(config, session) or 0
  File "/Users/idokatz/VSCode/Archmorph/backend/.venv/lib/python3.13/site-packages/_pytest/main.py", line 337, in _main
    config.hook.pytest_runtestloop(session=session)
  File "/Users/idokatz/VSCode/Archmorph/backend/.venv/lib/python3.13/site-packages/pluggy/_hooks.py", line 512, in __call__
    return self._hookexec(self.name, self._hookimpls.copy(), kwargs, firstresult)
  File "/Users/idokatz/VSCode/Archmorph/backend/.venv/lib/python3.13/site-packages/pluggy/_manager.py", line 120, in _hookexec
    return self._inner_hookexec(hook_name, methods, kwargs, firstresult)
  File "/Users/idokatz/VSCode/Archmorph/backend/.venv/lib/python3.13/site-packages/pluggy/_callers.py", line 121, in _multicall
    res = hook_impl.function(*args)
  File "/Users/idokatz/VSCode/Archmorph/backend/.venv/lib/python3.13/site-packages/_pytest/main.py", line 362, in pytest_runtestloop
    item.config.hook.pytest_runtest_protocol(item=item, nextitem=nextitem)
  File "/Users/idokatz/VSCode/Archmorph/backend/.venv/lib/python3.13/site-packages/pluggy/_hooks.py", line 512, in __call__
    return self._hookexec(self.name, self._hookimpls.copy(), kwargs, firstresult)
  File "/Users/idokatz/VSCode/Archmorph/backend/.venv/lib/python3.13/site-packages/pluggy/_manager.py", line 120, in _hookexec
    return self._inner_hookexec(hook_name, methods, kwargs, firstresult)
  File "/Users/idokatz/VSCode/Archmorph/backend/.venv/lib/python3.13/site-packages/pluggy/_callers.py", line 121, in _multicall
    res = hook_impl.function(*args)
  File "/Users/idokatz/VSCode/Archmorph/backend/.venv/lib/python3.13/site-packages/_pytest/runner.py", line 113, in pytest_runtest_protocol
    runtestprotocol(item, nextitem=nextitem)
  File "/Users/idokatz/VSCode/Archmorph/backend/.venv/lib/python3.13/site-packages/_pytest/runner.py", line 132, in runtestprotocol
    reports.append(call_and_report(item, "call", log))
  File "/Users/idokatz/VSCode/Archmorph/backend/.venv/lib/python3.13/site-packages/_pytest/runner.py", line 241, in call_and_report
    call = CallInfo.from_call(
  File "/Users/idokatz/VSCode/Archmorph/backend/.venv/lib/python3.13/site-packages/_pytest/runner.py", line 341, in from_call
    result: TResult | None = func()
  File "/Users/idokatz/VSCode/Archmorph/backend/.venv/lib/python3.13/site-packages/_pytest/runner.py", line 242, in <lambda>
    lambda: runtest_hook(item=item, **kwds), when=when, reraise=reraise
  File "/Users/idokatz/VSCode/Archmorph/backend/.venv/lib/python3.13/site-packages/pluggy/_hooks.py", line 512, in __call__
    return self._hookexec(self.name, self._hookimpls.copy(), kwargs, firstresult)
  File "/Users/idokatz/VSCode/Archmorph/backend/.venv/lib/python3.13/site-packages/pluggy/_manager.py", line 120, in _hookexec
    return self._inner_hookexec(hook_name, methods, kwargs, firstresult)
  File "/Users/idokatz/VSCode/Archmorph/backend/.venv/lib/python3.13/site-packages/pluggy/_callers.py", line 121, in _multicall
    res = hook_impl.function(*args)
  File "/Users/idokatz/VSCode/Archmorph/backend/.venv/lib/python3.13/site-packages/_pytest/runner.py", line 174, in pytest_runtest_call
    item.runtest()
  File "/Users/idokatz/VSCode/Archmorph/backend/.venv/lib/python3.13/site-packages/_pytest/python.py", line 1627, in runtest
    self.ihook.pytest_pyfunc_call(pyfuncitem=self)
  File "/Users/idokatz/VSCode/Archmorph/backend/.venv/lib/python3.13/site-packages/pluggy/_hooks.py", line 512, in __call__
    return self._hookexec(self.name, self._hookimpls.copy(), kwargs, firstresult)
  File "/Users/idokatz/VSCode/Archmorph/backend/.venv/lib/python3.13/site-packages/pluggy/_manager.py", line 120, in _hookexec
    return self._inner_hookexec(hook_name, methods, kwargs, firstresult)
  File "/Users/idokatz/VSCode/Archmorph/backend/.venv/lib/python3.13/site-packages/pluggy/_callers.py", line 121, in _multicall
    res = hook_impl.function(*args)
  File "/Users/idokatz/VSCode/Archmorph/backend/.venv/lib/python3.13/site-packages/_pytest/python.py", line 159, in pytest_pyfunc_call
    result = testfunction(**testargs)
  File "/Users/idokatz/VSCode/Archmorph/backend/tests/test_icon_registry.py", line 208, in test_resolve_icon_by_service_id
    registry.ingest_icon_pack(small_zip_pack, pack_id="t2")
  File "/Users/idokatz/VSCode/Archmorph/backend/tests/../icons/registry.py", line 198, in ingest_icon_pack
    logger.info(
Message: "Icon pack '%s' ingested: %d icons, %d failed (%.2fs)"
Arguments: ('t2', '1', '0', '0.0003929999948013574')
------------------------------ Captured log call -------------------------------
INFO     icons.registry:registry.py:115 Ingesting icon pack from bytes
___________________ TestIconRegistry.test_search_by_provider ___________________
tests/test_icon_registry.py:218: in test_search_by_provider
    registry.ingest_icon_pack(small_zip_pack, pack_id="t3")
icons/registry.py:198: in ingest_icon_pack
    logger.info(
/opt/homebrew/Cellar/python@3.13/3.13.12_1/Frameworks/Python.framework/Versions/3.13/lib/python3.13/logging/__init__.py:1520: in info
    self._log(INFO, msg, args, **kwargs)
/opt/homebrew/Cellar/python@3.13/3.13.12_1/Frameworks/Python.framework/Versions/3.13/lib/python3.13/logging/__init__.py:1665: in _log
    self.handle(record)
/opt/homebrew/Cellar/python@3.13/3.13.12_1/Frameworks/Python.framework/Versions/3.13/lib/python3.13/logging/__init__.py:1681: in handle
    self.callHandlers(record)
/opt/homebrew/Cellar/python@3.13/3.13.12_1/Frameworks/Python.framework/Versions/3.13/lib/python3.13/logging/__init__.py:1737: in callHandlers
    hdlr.handle(record)
/opt/homebrew/Cellar/python@3.13/3.13.12_1/Frameworks/Python.framework/Versions/3.13/lib/python3.13/logging/__init__.py:1027: in handle
    self.emit(record)
.venv/lib/python3.13/site-packages/_pytest/logging.py:386: in emit
    super().emit(record)
/opt/homebrew/Cellar/python@3.13/3.13.12_1/Frameworks/Python.framework/Versions/3.13/lib/python3.13/logging/__init__.py:1159: in emit
    self.handleError(record)
/opt/homebrew/Cellar/python@3.13/3.13.12_1/Frameworks/Python.framework/Versions/3.13/lib/python3.13/logging/__init__.py:1151: in emit
    msg = self.format(record)
/opt/homebrew/Cellar/python@3.13/3.13.12_1/Frameworks/Python.framework/Versions/3.13/lib/python3.13/logging/__init__.py:999: in format
    return fmt.format(record)
.venv/lib/python3.13/site-packages/_pytest/logging.py:139: in format
    return super().format(record)
/opt/homebrew/Cellar/python@3.13/3.13.12_1/Frameworks/Python.framework/Versions/3.13/lib/python3.13/logging/__init__.py:712: in format
    record.message = record.getMessage()
/opt/homebrew/Cellar/python@3.13/3.13.12_1/Frameworks/Python.framework/Versions/3.13/lib/python3.13/logging/__init__.py:400: in getMessage
    msg = msg % self.args
E   TypeError: %d format: a real number is required, not str
----------------------------- Captured stdout call -----------------------------
{"timestamp": "2026-03-14T15:17:26+0200", "level": "info", "name": "icons.registry", "message": "Ingesting icon pack from bytes", "logger": "icons.registry"}
----------------------------- Captured stderr call -----------------------------
--- Logging error ---
Traceback (most recent call last):
  File "/opt/homebrew/Cellar/python@3.13/3.13.12_1/Frameworks/Python.framework/Versions/3.13/lib/python3.13/logging/__init__.py", line 1151, in emit
    msg = self.format(record)
  File "/opt/homebrew/Cellar/python@3.13/3.13.12_1/Frameworks/Python.framework/Versions/3.13/lib/python3.13/logging/__init__.py", line 999, in format
    return fmt.format(record)
           ~~~~~~~~~~^^^^^^^^
  File "/Users/idokatz/VSCode/Archmorph/backend/.venv/lib/python3.13/site-packages/pythonjsonlogger/core.py", line 245, in format
    record.message = record.getMessage()
                     ~~~~~~~~~~~~~~~~~^^
  File "/opt/homebrew/Cellar/python@3.13/3.13.12_1/Frameworks/Python.framework/Versions/3.13/lib/python3.13/logging/__init__.py", line 400, in getMessage
    msg = msg % self.args
          ~~~~^~~~~~~~~~~
TypeError: %d format: a real number is required, not str
Call stack:
  File "/Users/idokatz/VSCode/Archmorph/backend/.venv/bin/pytest", line 6, in <module>
    sys.exit(console_main())
  File "/Users/idokatz/VSCode/Archmorph/backend/.venv/lib/python3.13/site-packages/_pytest/config/__init__.py", line 201, in console_main
    code = main()
  File "/Users/idokatz/VSCode/Archmorph/backend/.venv/lib/python3.13/site-packages/_pytest/config/__init__.py", line 175, in main
    ret: ExitCode | int = config.hook.pytest_cmdline_main(config=config)
  File "/Users/idokatz/VSCode/Archmorph/backend/.venv/lib/python3.13/site-packages/pluggy/_hooks.py", line 512, in __call__
    return self._hookexec(self.name, self._hookimpls.copy(), kwargs, firstresult)
  File "/Users/idokatz/VSCode/Archmorph/backend/.venv/lib/python3.13/site-packages/pluggy/_manager.py", line 120, in _hookexec
    return self._inner_hookexec(hook_name, methods, kwargs, firstresult)
  File "/Users/idokatz/VSCode/Archmorph/backend/.venv/lib/python3.13/site-packages/pluggy/_callers.py", line 121, in _multicall
    res = hook_impl.function(*args)
  File "/Users/idokatz/VSCode/Archmorph/backend/.venv/lib/python3.13/site-packages/_pytest/main.py", line 330, in pytest_cmdline_main
    return wrap_session(config, _main)
  File "/Users/idokatz/VSCode/Archmorph/backend/.venv/lib/python3.13/site-packages/_pytest/main.py", line 283, in wrap_session
    session.exitstatus = doit(config, session) or 0
  File "/Users/idokatz/VSCode/Archmorph/backend/.venv/lib/python3.13/site-packages/_pytest/main.py", line 337, in _main
    config.hook.pytest_runtestloop(session=session)
  File "/Users/idokatz/VSCode/Archmorph/backend/.venv/lib/python3.13/site-packages/pluggy/_hooks.py", line 512, in __call__
    return self._hookexec(self.name, self._hookimpls.copy(), kwargs, firstresult)
  File "/Users/idokatz/VSCode/Archmorph/backend/.venv/lib/python3.13/site-packages/pluggy/_manager.py", line 120, in _hookexec
    return self._inner_hookexec(hook_name, methods, kwargs, firstresult)
  File "/Users/idokatz/VSCode/Archmorph/backend/.venv/lib/python3.13/site-packages/pluggy/_callers.py", line 121, in _multicall
    res = hook_impl.function(*args)
  File "/Users/idokatz/VSCode/Archmorph/backend/.venv/lib/python3.13/site-packages/_pytest/main.py", line 362, in pytest_runtestloop
    item.config.hook.pytest_runtest_protocol(item=item, nextitem=nextitem)
  File "/Users/idokatz/VSCode/Archmorph/backend/.venv/lib/python3.13/site-packages/pluggy/_hooks.py", line 512, in __call__
    return self._hookexec(self.name, self._hookimpls.copy(), kwargs, firstresult)
  File "/Users/idokatz/VSCode/Archmorph/backend/.venv/lib/python3.13/site-packages/pluggy/_manager.py", line 120, in _hookexec
    return self._inner_hookexec(hook_name, methods, kwargs, firstresult)
  File "/Users/idokatz/VSCode/Archmorph/backend/.venv/lib/python3.13/site-packages/pluggy/_callers.py", line 121, in _multicall
    res = hook_impl.function(*args)
  File "/Users/idokatz/VSCode/Archmorph/backend/.venv/lib/python3.13/site-packages/_pytest/runner.py", line 113, in pytest_runtest_protocol
    runtestprotocol(item, nextitem=nextitem)
  File "/Users/idokatz/VSCode/Archmorph/backend/.venv/lib/python3.13/site-packages/_pytest/runner.py", line 132, in runtestprotocol
    reports.append(call_and_report(item, "call", log))
  File "/Users/idokatz/VSCode/Archmorph/backend/.venv/lib/python3.13/site-packages/_pytest/runner.py", line 241, in call_and_report
    call = CallInfo.from_call(
  File "/Users/idokatz/VSCode/Archmorph/backend/.venv/lib/python3.13/site-packages/_pytest/runner.py", line 341, in from_call
    result: TResult | None = func()
  File "/Users/idokatz/VSCode/Archmorph/backend/.venv/lib/python3.13/site-packages/_pytest/runner.py", line 242, in <lambda>
    lambda: runtest_hook(item=item, **kwds), when=when, reraise=reraise
  File "/Users/idokatz/VSCode/Archmorph/backend/.venv/lib/python3.13/site-packages/pluggy/_hooks.py", line 512, in __call__
    return self._hookexec(self.name, self._hookimpls.copy(), kwargs, firstresult)
  File "/Users/idokatz/VSCode/Archmorph/backend/.venv/lib/python3.13/site-packages/pluggy/_manager.py", line 120, in _hookexec
    return self._inner_hookexec(hook_name, methods, kwargs, firstresult)
  File "/Users/idokatz/VSCode/Archmorph/backend/.venv/lib/python3.13/site-packages/pluggy/_callers.py", line 121, in _multicall
    res = hook_impl.function(*args)
  File "/Users/idokatz/VSCode/Archmorph/backend/.venv/lib/python3.13/site-packages/_pytest/runner.py", line 174, in pytest_runtest_call
    item.runtest()
  File "/Users/idokatz/VSCode/Archmorph/backend/.venv/lib/python3.13/site-packages/_pytest/python.py", line 1627, in runtest
    self.ihook.pytest_pyfunc_call(pyfuncitem=self)
  File "/Users/idokatz/VSCode/Archmorph/backend/.venv/lib/python3.13/site-packages/pluggy/_hooks.py", line 512, in __call__
    return self._hookexec(self.name, self._hookimpls.copy(), kwargs, firstresult)
  File "/Users/idokatz/VSCode/Archmorph/backend/.venv/lib/python3.13/site-packages/pluggy/_manager.py", line 120, in _hookexec
    return self._inner_hookexec(hook_name, methods, kwargs, firstresult)
  File "/Users/idokatz/VSCode/Archmorph/backend/.venv/lib/python3.13/site-packages/pluggy/_callers.py", line 121, in _multicall
    res = hook_impl.function(*args)
  File "/Users/idokatz/VSCode/Archmorph/backend/.venv/lib/python3.13/site-packages/_pytest/python.py", line 159, in pytest_pyfunc_call
    result = testfunction(**testargs)
  File "/Users/idokatz/VSCode/Archmorph/backend/tests/test_icon_registry.py", line 218, in test_search_by_provider
    registry.ingest_icon_pack(small_zip_pack, pack_id="t3")
  File "/Users/idokatz/VSCode/Archmorph/backend/tests/../icons/registry.py", line 198, in ingest_icon_pack
    logger.info(
Message: "Icon pack '%s' ingested: %d icons, %d failed (%.2fs)"
Arguments: ('t3', '1', '0', '0.0003707080031745136')
------------------------------ Captured log call -------------------------------
INFO     icons.registry:registry.py:115 Ingesting icon pack from bytes
____________________ TestIconRegistry.test_search_by_query _____________________
tests/test_icon_registry.py:225: in test_search_by_query
    registry.ingest_icon_pack(small_zip_pack, pack_id="t4")
icons/registry.py:198: in ingest_icon_pack
    logger.info(
/opt/homebrew/Cellar/python@3.13/3.13.12_1/Frameworks/Python.framework/Versions/3.13/lib/python3.13/logging/__init__.py:1520: in info
    self._log(INFO, msg, args, **kwargs)
/opt/homebrew/Cellar/python@3.13/3.13.12_1/Frameworks/Python.framework/Versions/3.13/lib/python3.13/logging/__init__.py:1665: in _log
    self.handle(record)
/opt/homebrew/Cellar/python@3.13/3.13.12_1/Frameworks/Python.framework/Versions/3.13/lib/python3.13/logging/__init__.py:1681: in handle
    self.callHandlers(record)
/opt/homebrew/Cellar/python@3.13/3.13.12_1/Frameworks/Python.framework/Versions/3.13/lib/python3.13/logging/__init__.py:1737: in callHandlers
    hdlr.handle(record)
/opt/homebrew/Cellar/python@3.13/3.13.12_1/Frameworks/Python.framework/Versions/3.13/lib/python3.13/logging/__init__.py:1027: in handle
    self.emit(record)
.venv/lib/python3.13/site-packages/_pytest/logging.py:386: in emit
    super().emit(record)
/opt/homebrew/Cellar/python@3.13/3.13.12_1/Frameworks/Python.framework/Versions/3.13/lib/python3.13/logging/__init__.py:1159: in emit
    self.handleError(record)
/opt/homebrew/Cellar/python@3.13/3.13.12_1/Frameworks/Python.framework/Versions/3.13/lib/python3.13/logging/__init__.py:1151: in emit
    msg = self.format(record)
/opt/homebrew/Cellar/python@3.13/3.13.12_1/Frameworks/Python.framework/Versions/3.13/lib/python3.13/logging/__init__.py:999: in format
    return fmt.format(record)
.venv/lib/python3.13/site-packages/_pytest/logging.py:139: in format
    return super().format(record)
/opt/homebrew/Cellar/python@3.13/3.13.12_1/Frameworks/Python.framework/Versions/3.13/lib/python3.13/logging/__init__.py:712: in format
    record.message = record.getMessage()
/opt/homebrew/Cellar/python@3.13/3.13.12_1/Frameworks/Python.framework/Versions/3.13/lib/python3.13/logging/__init__.py:400: in getMessage
    msg = msg % self.args
E   TypeError: %d format: a real number is required, not str
----------------------------- Captured stdout call -----------------------------
{"timestamp": "2026-03-14T15:17:26+0200", "level": "info", "name": "icons.registry", "message": "Ingesting icon pack from bytes", "logger": "icons.registry"}
----------------------------- Captured stderr call -----------------------------
--- Logging error ---
Traceback (most recent call last):
  File "/opt/homebrew/Cellar/python@3.13/3.13.12_1/Frameworks/Python.framework/Versions/3.13/lib/python3.13/logging/__init__.py", line 1151, in emit
    msg = self.format(record)
  File "/opt/homebrew/Cellar/python@3.13/3.13.12_1/Frameworks/Python.framework/Versions/3.13/lib/python3.13/logging/__init__.py", line 999, in format
    return fmt.format(record)
           ~~~~~~~~~~^^^^^^^^
  File "/Users/idokatz/VSCode/Archmorph/backend/.venv/lib/python3.13/site-packages/pythonjsonlogger/core.py", line 245, in format
    record.message = record.getMessage()
                     ~~~~~~~~~~~~~~~~~^^
  File "/opt/homebrew/Cellar/python@3.13/3.13.12_1/Frameworks/Python.framework/Versions/3.13/lib/python3.13/logging/__init__.py", line 400, in getMessage
    msg = msg % self.args
          ~~~~^~~~~~~~~~~
TypeError: %d format: a real number is required, not str
Call stack:
  File "/Users/idokatz/VSCode/Archmorph/backend/.venv/bin/pytest", line 6, in <module>
    sys.exit(console_main())
  File "/Users/idokatz/VSCode/Archmorph/backend/.venv/lib/python3.13/site-packages/_pytest/config/__init__.py", line 201, in console_main
    code = main()
  File "/Users/idokatz/VSCode/Archmorph/backend/.venv/lib/python3.13/site-packages/_pytest/config/__init__.py", line 175, in main
    ret: ExitCode | int = config.hook.pytest_cmdline_main(config=config)
  File "/Users/idokatz/VSCode/Archmorph/backend/.venv/lib/python3.13/site-packages/pluggy/_hooks.py", line 512, in __call__
    return self._hookexec(self.name, self._hookimpls.copy(), kwargs, firstresult)
  File "/Users/idokatz/VSCode/Archmorph/backend/.venv/lib/python3.13/site-packages/pluggy/_manager.py", line 120, in _hookexec
    return self._inner_hookexec(hook_name, methods, kwargs, firstresult)
  File "/Users/idokatz/VSCode/Archmorph/backend/.venv/lib/python3.13/site-packages/pluggy/_callers.py", line 121, in _multicall
    res = hook_impl.function(*args)
  File "/Users/idokatz/VSCode/Archmorph/backend/.venv/lib/python3.13/site-packages/_pytest/main.py", line 330, in pytest_cmdline_main
    return wrap_session(config, _main)
  File "/Users/idokatz/VSCode/Archmorph/backend/.venv/lib/python3.13/site-packages/_pytest/main.py", line 283, in wrap_session
    session.exitstatus = doit(config, session) or 0
  File "/Users/idokatz/VSCode/Archmorph/backend/.venv/lib/python3.13/site-packages/_pytest/main.py", line 337, in _main
    config.hook.pytest_runtestloop(session=session)
  File "/Users/idokatz/VSCode/Archmorph/backend/.venv/lib/python3.13/site-packages/pluggy/_hooks.py", line 512, in __call__
    return self._hookexec(self.name, self._hookimpls.copy(), kwargs, firstresult)
  File "/Users/idokatz/VSCode/Archmorph/backend/.venv/lib/python3.13/site-packages/pluggy/_manager.py", line 120, in _hookexec
    return self._inner_hookexec(hook_name, methods, kwargs, firstresult)
  File "/Users/idokatz/VSCode/Archmorph/backend/.venv/lib/python3.13/site-packages/pluggy/_callers.py", line 121, in _multicall
    res = hook_impl.function(*args)
  File "/Users/idokatz/VSCode/Archmorph/backend/.venv/lib/python3.13/site-packages/_pytest/main.py", line 362, in pytest_runtestloop
    item.config.hook.pytest_runtest_protocol(item=item, nextitem=nextitem)
  File "/Users/idokatz/VSCode/Archmorph/backend/.venv/lib/python3.13/site-packages/pluggy/_hooks.py", line 512, in __call__
    return self._hookexec(self.name, self._hookimpls.copy(), kwargs, firstresult)
  File "/Users/idokatz/VSCode/Archmorph/backend/.venv/lib/python3.13/site-packages/pluggy/_manager.py", line 120, in _hookexec
    return self._inner_hookexec(hook_name, methods, kwargs, firstresult)
  File "/Users/idokatz/VSCode/Archmorph/backend/.venv/lib/python3.13/site-packages/pluggy/_callers.py", line 121, in _multicall
    res = hook_impl.function(*args)
  File "/Users/idokatz/VSCode/Archmorph/backend/.venv/lib/python3.13/site-packages/_pytest/runner.py", line 113, in pytest_runtest_protocol
    runtestprotocol(item, nextitem=nextitem)
  File "/Users/idokatz/VSCode/Archmorph/backend/.venv/lib/python3.13/site-packages/_pytest/runner.py", line 132, in runtestprotocol
    reports.append(call_and_report(item, "call", log))
  File "/Users/idokatz/VSCode/Archmorph/backend/.venv/lib/python3.13/site-packages/_pytest/runner.py", line 241, in call_and_report
    call = CallInfo.from_call(
  File "/Users/idokatz/VSCode/Archmorph/backend/.venv/lib/python3.13/site-packages/_pytest/runner.py", line 341, in from_call
    result: TResult | None = func()
  File "/Users/idokatz/VSCode/Archmorph/backend/.venv/lib/python3.13/site-packages/_pytest/runner.py", line 242, in <lambda>
    lambda: runtest_hook(item=item, **kwds), when=when, reraise=reraise
  File "/Users/idokatz/VSCode/Archmorph/backend/.venv/lib/python3.13/site-packages/pluggy/_hooks.py", line 512, in __call__
    return self._hookexec(self.name, self._hookimpls.copy(), kwargs, firstresult)
  File "/Users/idokatz/VSCode/Archmorph/backend/.venv/lib/python3.13/site-packages/pluggy/_manager.py", line 120, in _hookexec
    return self._inner_hookexec(hook_name, methods, kwargs, firstresult)
  File "/Users/idokatz/VSCode/Archmorph/backend/.venv/lib/python3.13/site-packages/pluggy/_callers.py", line 121, in _multicall
    res = hook_impl.function(*args)
  File "/Users/idokatz/VSCode/Archmorph/backend/.venv/lib/python3.13/site-packages/_pytest/runner.py", line 174, in pytest_runtest_call
    item.runtest()
  File "/Users/idokatz/VSCode/Archmorph/backend/.venv/lib/python3.13/site-packages/_pytest/python.py", line 1627, in runtest
    self.ihook.pytest_pyfunc_call(pyfuncitem=self)
  File "/Users/idokatz/VSCode/Archmorph/backend/.venv/lib/python3.13/site-packages/pluggy/_hooks.py", line 512, in __call__
    return self._hookexec(self.name, self._hookimpls.copy(), kwargs, firstresult)
  File "/Users/idokatz/VSCode/Archmorph/backend/.venv/lib/python3.13/site-packages/pluggy/_manager.py", line 120, in _hookexec
    return self._inner_hookexec(hook_name, methods, kwargs, firstresult)
  File "/Users/idokatz/VSCode/Archmorph/backend/.venv/lib/python3.13/site-packages/pluggy/_callers.py", line 121, in _multicall
    res = hook_impl.function(*args)
  File "/Users/idokatz/VSCode/Archmorph/backend/.venv/lib/python3.13/site-packages/_pytest/python.py", line 159, in pytest_pyfunc_call
    result = testfunction(**testargs)
  File "/Users/idokatz/VSCode/Archmorph/backend/tests/test_icon_registry.py", line 225, in test_search_by_query
    registry.ingest_icon_pack(small_zip_pack, pack_id="t4")
  File "/Users/idokatz/VSCode/Archmorph/backend/tests/../icons/registry.py", line 198, in ingest_icon_pack
    logger.info(
Message: "Icon pack '%s' ingested: %d icons, %d failed (%.2fs)"
Arguments: ('t4', '1', '0', '0.00036858298699371517')
------------------------------ Captured log call -------------------------------
INFO     icons.registry:registry.py:115 Ingesting icon pack from bytes
________________ TestIconRegistry.test_list_packs_after_ingest _________________
tests/test_icon_registry.py:238: in test_list_packs_after_ingest
    registry.ingest_icon_pack(small_zip_pack, pack_id="pack-a")
icons/registry.py:198: in ingest_icon_pack
    logger.info(
/opt/homebrew/Cellar/python@3.13/3.13.12_1/Frameworks/Python.framework/Versions/3.13/lib/python3.13/logging/__init__.py:1520: in info
    self._log(INFO, msg, args, **kwargs)
/opt/homebrew/Cellar/python@3.13/3.13.12_1/Frameworks/Python.framework/Versions/3.13/lib/python3.13/logging/__init__.py:1665: in _log
    self.handle(record)
/opt/homebrew/Cellar/python@3.13/3.13.12_1/Frameworks/Python.framework/Versions/3.13/lib/python3.13/logging/__init__.py:1681: in handle
    self.callHandlers(record)
/opt/homebrew/Cellar/python@3.13/3.13.12_1/Frameworks/Python.framework/Versions/3.13/lib/python3.13/logging/__init__.py:1737: in callHandlers
    hdlr.handle(record)
/opt/homebrew/Cellar/python@3.13/3.13.12_1/Frameworks/Python.framework/Versions/3.13/lib/python3.13/logging/__init__.py:1027: in handle
    self.emit(record)
.venv/lib/python3.13/site-packages/_pytest/logging.py:386: in emit
    super().emit(record)
/opt/homebrew/Cellar/python@3.13/3.13.12_1/Frameworks/Python.framework/Versions/3.13/lib/python3.13/logging/__init__.py:1159: in emit
    self.handleError(record)
/opt/homebrew/Cellar/python@3.13/3.13.12_1/Frameworks/Python.framework/Versions/3.13/lib/python3.13/logging/__init__.py:1151: in emit
    msg = self.format(record)
/opt/homebrew/Cellar/python@3.13/3.13.12_1/Frameworks/Python.framework/Versions/3.13/lib/python3.13/logging/__init__.py:999: in format
    return fmt.format(record)
.venv/lib/python3.13/site-packages/_pytest/logging.py:139: in format
    return super().format(record)
/opt/homebrew/Cellar/python@3.13/3.13.12_1/Frameworks/Python.framework/Versions/3.13/lib/python3.13/logging/__init__.py:712: in format
    record.message = record.getMessage()
/opt/homebrew/Cellar/python@3.13/3.13.12_1/Frameworks/Python.framework/Versions/3.13/lib/python3.13/logging/__init__.py:400: in getMessage
    msg = msg % self.args
E   TypeError: %d format: a real number is required, not str
----------------------------- Captured stdout call -----------------------------
{"timestamp": "2026-03-14T15:17:26+0200", "level": "info", "name": "icons.registry", "message": "Ingesting icon pack from bytes", "logger": "icons.registry"}
----------------------------- Captured stderr call -----------------------------
--- Logging error ---
Traceback (most recent call last):
  File "/opt/homebrew/Cellar/python@3.13/3.13.12_1/Frameworks/Python.framework/Versions/3.13/lib/python3.13/logging/__init__.py", line 1151, in emit
    msg = self.format(record)
  File "/opt/homebrew/Cellar/python@3.13/3.13.12_1/Frameworks/Python.framework/Versions/3.13/lib/python3.13/logging/__init__.py", line 999, in format
    return fmt.format(record)
           ~~~~~~~~~~^^^^^^^^
  File "/Users/idokatz/VSCode/Archmorph/backend/.venv/lib/python3.13/site-packages/pythonjsonlogger/core.py", line 245, in format
    record.message = record.getMessage()
                     ~~~~~~~~~~~~~~~~~^^
  File "/opt/homebrew/Cellar/python@3.13/3.13.12_1/Frameworks/Python.framework/Versions/3.13/lib/python3.13/logging/__init__.py", line 400, in getMessage
    msg = msg % self.args
          ~~~~^~~~~~~~~~~
TypeError: %d format: a real number is required, not str
Call stack:
  File "/Users/idokatz/VSCode/Archmorph/backend/.venv/bin/pytest", line 6, in <module>
    sys.exit(console_main())
  File "/Users/idokatz/VSCode/Archmorph/backend/.venv/lib/python3.13/site-packages/_pytest/config/__init__.py", line 201, in console_main
    code = main()
  File "/Users/idokatz/VSCode/Archmorph/backend/.venv/lib/python3.13/site-packages/_pytest/config/__init__.py", line 175, in main
    ret: ExitCode | int = config.hook.pytest_cmdline_main(config=config)
  File "/Users/idokatz/VSCode/Archmorph/backend/.venv/lib/python3.13/site-packages/pluggy/_hooks.py", line 512, in __call__
    return self._hookexec(self.name, self._hookimpls.copy(), kwargs, firstresult)
  File "/Users/idokatz/VSCode/Archmorph/backend/.venv/lib/python3.13/site-packages/pluggy/_manager.py", line 120, in _hookexec
    return self._inner_hookexec(hook_name, methods, kwargs, firstresult)
  File "/Users/idokatz/VSCode/Archmorph/backend/.venv/lib/python3.13/site-packages/pluggy/_callers.py", line 121, in _multicall
    res = hook_impl.function(*args)
  File "/Users/idokatz/VSCode/Archmorph/backend/.venv/lib/python3.13/site-packages/_pytest/main.py", line 330, in pytest_cmdline_main
    return wrap_session(config, _main)
  File "/Users/idokatz/VSCode/Archmorph/backend/.venv/lib/python3.13/site-packages/_pytest/main.py", line 283, in wrap_session
    session.exitstatus = doit(config, session) or 0
  File "/Users/idokatz/VSCode/Archmorph/backend/.venv/lib/python3.13/site-packages/_pytest/main.py", line 337, in _main
    config.hook.pytest_runtestloop(session=session)
  File "/Users/idokatz/VSCode/Archmorph/backend/.venv/lib/python3.13/site-packages/pluggy/_hooks.py", line 512, in __call__
    return self._hookexec(self.name, self._hookimpls.copy(), kwargs, firstresult)
  File "/Users/idokatz/VSCode/Archmorph/backend/.venv/lib/python3.13/site-packages/pluggy/_manager.py", line 120, in _hookexec
    return self._inner_hookexec(hook_name, methods, kwargs, firstresult)
  File "/Users/idokatz/VSCode/Archmorph/backend/.venv/lib/python3.13/site-packages/pluggy/_callers.py", line 121, in _multicall
    res = hook_impl.function(*args)
  File "/Users/idokatz/VSCode/Archmorph/backend/.venv/lib/python3.13/site-packages/_pytest/main.py", line 362, in pytest_runtestloop
    item.config.hook.pytest_runtest_protocol(item=item, nextitem=nextitem)
  File "/Users/idokatz/VSCode/Archmorph/backend/.venv/lib/python3.13/site-packages/pluggy/_hooks.py", line 512, in __call__
    return self._hookexec(self.name, self._hookimpls.copy(), kwargs, firstresult)
  File "/Users/idokatz/VSCode/Archmorph/backend/.venv/lib/python3.13/site-packages/pluggy/_manager.py", line 120, in _hookexec
    return self._inner_hookexec(hook_name, methods, kwargs, firstresult)
  File "/Users/idokatz/VSCode/Archmorph/backend/.venv/lib/python3.13/site-packages/pluggy/_callers.py", line 121, in _multicall
    res = hook_impl.function(*args)
  File "/Users/idokatz/VSCode/Archmorph/backend/.venv/lib/python3.13/site-packages/_pytest/runner.py", line 113, in pytest_runtest_protocol
    runtestprotocol(item, nextitem=nextitem)
  File "/Users/idokatz/VSCode/Archmorph/backend/.venv/lib/python3.13/site-packages/_pytest/runner.py", line 132, in runtestprotocol
    reports.append(call_and_report(item, "call", log))
  File "/Users/idokatz/VSCode/Archmorph/backend/.venv/lib/python3.13/site-packages/_pytest/runner.py", line 241, in call_and_report
    call = CallInfo.from_call(
  File "/Users/idokatz/VSCode/Archmorph/backend/.venv/lib/python3.13/site-packages/_pytest/runner.py", line 341, in from_call
    result: TResult | None = func()
  File "/Users/idokatz/VSCode/Archmorph/backend/.venv/lib/python3.13/site-packages/_pytest/runner.py", line 242, in <lambda>
    lambda: runtest_hook(item=item, **kwds), when=when, reraise=reraise
  File "/Users/idokatz/VSCode/Archmorph/backend/.venv/lib/python3.13/site-packages/pluggy/_hooks.py", line 512, in __call__
    return self._hookexec(self.name, self._hookimpls.copy(), kwargs, firstresult)
  File "/Users/idokatz/VSCode/Archmorph/backend/.venv/lib/python3.13/site-packages/pluggy/_manager.py", line 120, in _hookexec
    return self._inner_hookexec(hook_name, methods, kwargs, firstresult)
  File "/Users/idokatz/VSCode/Archmorph/backend/.venv/lib/python3.13/site-packages/pluggy/_callers.py", line 121, in _multicall
    res = hook_impl.function(*args)
  File "/Users/idokatz/VSCode/Archmorph/backend/.venv/lib/python3.13/site-packages/_pytest/runner.py", line 174, in pytest_runtest_call
    item.runtest()
  File "/Users/idokatz/VSCode/Archmorph/backend/.venv/lib/python3.13/site-packages/_pytest/python.py", line 1627, in runtest
    self.ihook.pytest_pyfunc_call(pyfuncitem=self)
  File "/Users/idokatz/VSCode/Archmorph/backend/.venv/lib/python3.13/site-packages/pluggy/_hooks.py", line 512, in __call__
    return self._hookexec(self.name, self._hookimpls.copy(), kwargs, firstresult)
  File "/Users/idokatz/VSCode/Archmorph/backend/.venv/lib/python3.13/site-packages/pluggy/_manager.py", line 120, in _hookexec
    return self._inner_hookexec(hook_name, methods, kwargs, firstresult)
  File "/Users/idokatz/VSCode/Archmorph/backend/.venv/lib/python3.13/site-packages/pluggy/_callers.py", line 121, in _multicall
    res = hook_impl.function(*args)
  File "/Users/idokatz/VSCode/Archmorph/backend/.venv/lib/python3.13/site-packages/_pytest/python.py", line 159, in pytest_pyfunc_call
    result = testfunction(**testargs)
  File "/Users/idokatz/VSCode/Archmorph/backend/tests/test_icon_registry.py", line 238, in test_list_packs_after_ingest
    registry.ingest_icon_pack(small_zip_pack, pack_id="pack-a")
  File "/Users/idokatz/VSCode/Archmorph/backend/tests/../icons/registry.py", line 198, in ingest_icon_pack
    logger.info(
Message: "Icon pack '%s' ingested: %d icons, %d failed (%.2fs)"
Arguments: ('pack-a', '1', '0', '0.0003845420142170042')
------------------------------ Captured log call -------------------------------
INFO     icons.registry:registry.py:115 Ingesting icon pack from bytes
____________________ TestIconRegistry.test_clear_all_resets ____________________
tests/test_icon_registry.py:248: in test_clear_all_resets
    registry.ingest_icon_pack(small_zip_pack, pack_id="c1")
icons/registry.py:198: in ingest_icon_pack
    logger.info(
/opt/homebrew/Cellar/python@3.13/3.13.12_1/Frameworks/Python.framework/Versions/3.13/lib/python3.13/logging/__init__.py:1520: in info
    self._log(INFO, msg, args, **kwargs)
/opt/homebrew/Cellar/python@3.13/3.13.12_1/Frameworks/Python.framework/Versions/3.13/lib/python3.13/logging/__init__.py:1665: in _log
    self.handle(record)
/opt/homebrew/Cellar/python@3.13/3.13.12_1/Frameworks/Python.framework/Versions/3.13/lib/python3.13/logging/__init__.py:1681: in handle
    self.callHandlers(record)
/opt/homebrew/Cellar/python@3.13/3.13.12_1/Frameworks/Python.framework/Versions/3.13/lib/python3.13/logging/__init__.py:1737: in callHandlers
    hdlr.handle(record)
/opt/homebrew/Cellar/python@3.13/3.13.12_1/Frameworks/Python.framework/Versions/3.13/lib/python3.13/logging/__init__.py:1027: in handle
    self.emit(record)
.venv/lib/python3.13/site-packages/_pytest/logging.py:386: in emit
    super().emit(record)
/opt/homebrew/Cellar/python@3.13/3.13.12_1/Frameworks/Python.framework/Versions/3.13/lib/python3.13/logging/__init__.py:1159: in emit
    self.handleError(record)
/opt/homebrew/Cellar/python@3.13/3.13.12_1/Frameworks/Python.framework/Versions/3.13/lib/python3.13/logging/__init__.py:1151: in emit
    msg = self.format(record)
/opt/homebrew/Cellar/python@3.13/3.13.12_1/Frameworks/Python.framework/Versions/3.13/lib/python3.13/logging/__init__.py:999: in format
    return fmt.format(record)
.venv/lib/python3.13/site-packages/_pytest/logging.py:139: in format
    return super().format(record)
/opt/homebrew/Cellar/python@3.13/3.13.12_1/Frameworks/Python.framework/Versions/3.13/lib/python3.13/logging/__init__.py:712: in format
    record.message = record.getMessage()
/opt/homebrew/Cellar/python@3.13/3.13.12_1/Frameworks/Python.framework/Versions/3.13/lib/python3.13/logging/__init__.py:400: in getMessage
    msg = msg % self.args
E   TypeError: %d format: a real number is required, not str
----------------------------- Captured stdout call -----------------------------
{"timestamp": "2026-03-14T15:17:26+0200", "level": "info", "name": "icons.registry", "message": "Ingesting icon pack from bytes", "logger": "icons.registry"}
----------------------------- Captured stderr call -----------------------------
--- Logging error ---
Traceback (most recent call last):
  File "/opt/homebrew/Cellar/python@3.13/3.13.12_1/Frameworks/Python.framework/Versions/3.13/lib/python3.13/logging/__init__.py", line 1151, in emit
    msg = self.format(record)
  File "/opt/homebrew/Cellar/python@3.13/3.13.12_1/Frameworks/Python.framework/Versions/3.13/lib/python3.13/logging/__init__.py", line 999, in format
    return fmt.format(record)
           ~~~~~~~~~~^^^^^^^^
  File "/Users/idokatz/VSCode/Archmorph/backend/.venv/lib/python3.13/site-packages/pythonjsonlogger/core.py", line 245, in format
    record.message = record.getMessage()
                     ~~~~~~~~~~~~~~~~~^^
  File "/opt/homebrew/Cellar/python@3.13/3.13.12_1/Frameworks/Python.framework/Versions/3.13/lib/python3.13/logging/__init__.py", line 400, in getMessage
    msg = msg % self.args
          ~~~~^~~~~~~~~~~
TypeError: %d format: a real number is required, not str
Call stack:
  File "/Users/idokatz/VSCode/Archmorph/backend/.venv/bin/pytest", line 6, in <module>
    sys.exit(console_main())
  File "/Users/idokatz/VSCode/Archmorph/backend/.venv/lib/python3.13/site-packages/_pytest/config/__init__.py", line 201, in console_main
    code = main()
  File "/Users/idokatz/VSCode/Archmorph/backend/.venv/lib/python3.13/site-packages/_pytest/config/__init__.py", line 175, in main
    ret: ExitCode | int = config.hook.pytest_cmdline_main(config=config)
  File "/Users/idokatz/VSCode/Archmorph/backend/.venv/lib/python3.13/site-packages/pluggy/_hooks.py", line 512, in __call__
    return self._hookexec(self.name, self._hookimpls.copy(), kwargs, firstresult)
  File "/Users/idokatz/VSCode/Archmorph/backend/.venv/lib/python3.13/site-packages/pluggy/_manager.py", line 120, in _hookexec
    return self._inner_hookexec(hook_name, methods, kwargs, firstresult)
  File "/Users/idokatz/VSCode/Archmorph/backend/.venv/lib/python3.13/site-packages/pluggy/_callers.py", line 121, in _multicall
    res = hook_impl.function(*args)
  File "/Users/idokatz/VSCode/Archmorph/backend/.venv/lib/python3.13/site-packages/_pytest/main.py", line 330, in pytest_cmdline_main
    return wrap_session(config, _main)
  File "/Users/idokatz/VSCode/Archmorph/backend/.venv/lib/python3.13/site-packages/_pytest/main.py", line 283, in wrap_session
    session.exitstatus = doit(config, session) or 0
  File "/Users/idokatz/VSCode/Archmorph/backend/.venv/lib/python3.13/site-packages/_pytest/main.py", line 337, in _main
    config.hook.pytest_runtestloop(session=session)
  File "/Users/idokatz/VSCode/Archmorph/backend/.venv/lib/python3.13/site-packages/pluggy/_hooks.py", line 512, in __call__
    return self._hookexec(self.name, self._hookimpls.copy(), kwargs, firstresult)
  File "/Users/idokatz/VSCode/Archmorph/backend/.venv/lib/python3.13/site-packages/pluggy/_manager.py", line 120, in _hookexec
    return self._inner_hookexec(hook_name, methods, kwargs, firstresult)
  File "/Users/idokatz/VSCode/Archmorph/backend/.venv/lib/python3.13/site-packages/pluggy/_callers.py", line 121, in _multicall
    res = hook_impl.function(*args)
  File "/Users/idokatz/VSCode/Archmorph/backend/.venv/lib/python3.13/site-packages/_pytest/main.py", line 362, in pytest_runtestloop
    item.config.hook.pytest_runtest_protocol(item=item, nextitem=nextitem)
  File "/Users/idokatz/VSCode/Archmorph/backend/.venv/lib/python3.13/site-packages/pluggy/_hooks.py", line 512, in __call__
    return self._hookexec(self.name, self._hookimpls.copy(), kwargs, firstresult)
  File "/Users/idokatz/VSCode/Archmorph/backend/.venv/lib/python3.13/site-packages/pluggy/_manager.py", line 120, in _hookexec
    return self._inner_hookexec(hook_name, methods, kwargs, firstresult)
  File "/Users/idokatz/VSCode/Archmorph/backend/.venv/lib/python3.13/site-packages/pluggy/_callers.py", line 121, in _multicall
    res = hook_impl.function(*args)
  File "/Users/idokatz/VSCode/Archmorph/backend/.venv/lib/python3.13/site-packages/_pytest/runner.py", line 113, in pytest_runtest_protocol
    runtestprotocol(item, nextitem=nextitem)
  File "/Users/idokatz/VSCode/Archmorph/backend/.venv/lib/python3.13/site-packages/_pytest/runner.py", line 132, in runtestprotocol
    reports.append(call_and_report(item, "call", log))
  File "/Users/idokatz/VSCode/Archmorph/backend/.venv/lib/python3.13/site-packages/_pytest/runner.py", line 241, in call_and_report
    call = CallInfo.from_call(
  File "/Users/idokatz/VSCode/Archmorph/backend/.venv/lib/python3.13/site-packages/_pytest/runner.py", line 341, in from_call
    result: TResult | None = func()
  File "/Users/idokatz/VSCode/Archmorph/backend/.venv/lib/python3.13/site-packages/_pytest/runner.py", line 242, in <lambda>
    lambda: runtest_hook(item=item, **kwds), when=when, reraise=reraise
  File "/Users/idokatz/VSCode/Archmorph/backend/.venv/lib/python3.13/site-packages/pluggy/_hooks.py", line 512, in __call__
    return self._hookexec(self.name, self._hookimpls.copy(), kwargs, firstresult)
  File "/Users/idokatz/VSCode/Archmorph/backend/.venv/lib/python3.13/site-packages/pluggy/_manager.py", line 120, in _hookexec
    return self._inner_hookexec(hook_name, methods, kwargs, firstresult)
  File "/Users/idokatz/VSCode/Archmorph/backend/.venv/lib/python3.13/site-packages/pluggy/_callers.py", line 121, in _multicall
    res = hook_impl.function(*args)
  File "/Users/idokatz/VSCode/Archmorph/backend/.venv/lib/python3.13/site-packages/_pytest/runner.py", line 174, in pytest_runtest_call
    item.runtest()
  File "/Users/idokatz/VSCode/Archmorph/backend/.venv/lib/python3.13/site-packages/_pytest/python.py", line 1627, in runtest
    self.ihook.pytest_pyfunc_call(pyfuncitem=self)
  File "/Users/idokatz/VSCode/Archmorph/backend/.venv/lib/python3.13/site-packages/pluggy/_hooks.py", line 512, in __call__
    return self._hookexec(self.name, self._hookimpls.copy(), kwargs, firstresult)
  File "/Users/idokatz/VSCode/Archmorph/backend/.venv/lib/python3.13/site-packages/pluggy/_manager.py", line 120, in _hookexec
    return self._inner_hookexec(hook_name, methods, kwargs, firstresult)
  File "/Users/idokatz/VSCode/Archmorph/backend/.venv/lib/python3.13/site-packages/pluggy/_callers.py", line 121, in _multicall
    res = hook_impl.function(*args)
  File "/Users/idokatz/VSCode/Archmorph/backend/.venv/lib/python3.13/site-packages/_pytest/python.py", line 159, in pytest_pyfunc_call
    result = testfunction(**testargs)
  File "/Users/idokatz/VSCode/Archmorph/backend/tests/test_icon_registry.py", line 248, in test_clear_all_resets
    registry.ingest_icon_pack(small_zip_pack, pack_id="c1")
  File "/Users/idokatz/VSCode/Archmorph/backend/tests/../icons/registry.py", line 198, in ingest_icon_pack
    logger.info(
Message: "Icon pack '%s' ingested: %d icons, %d failed (%.2fs)"
Arguments: ('c1', '1', '0', '0.00038274997496046126')
------------------------------ Captured log call -------------------------------
INFO     icons.registry:registry.py:115 Ingesting icon pack from bytes
____________________ TestIconRegistry.test_metrics_tracked _____________________
tests/test_icon_registry.py:254: in test_metrics_tracked
    registry.ingest_icon_pack(small_zip_pack, pack_id="m1")
icons/registry.py:198: in ingest_icon_pack
    logger.info(
/opt/homebrew/Cellar/python@3.13/3.13.12_1/Frameworks/Python.framework/Versions/3.13/lib/python3.13/logging/__init__.py:1520: in info
    self._log(INFO, msg, args, **kwargs)
/opt/homebrew/Cellar/python@3.13/3.13.12_1/Frameworks/Python.framework/Versions/3.13/lib/python3.13/logging/__init__.py:1665: in _log
    self.handle(record)
/opt/homebrew/Cellar/python@3.13/3.13.12_1/Frameworks/Python.framework/Versions/3.13/lib/python3.13/logging/__init__.py:1681: in handle
    self.callHandlers(record)
/opt/homebrew/Cellar/python@3.13/3.13.12_1/Frameworks/Python.framework/Versions/3.13/lib/python3.13/logging/__init__.py:1737: in callHandlers
    hdlr.handle(record)
/opt/homebrew/Cellar/python@3.13/3.13.12_1/Frameworks/Python.framework/Versions/3.13/lib/python3.13/logging/__init__.py:1027: in handle
    self.emit(record)
.venv/lib/python3.13/site-packages/_pytest/logging.py:386: in emit
    super().emit(record)
/opt/homebrew/Cellar/python@3.13/3.13.12_1/Frameworks/Python.framework/Versions/3.13/lib/python3.13/logging/__init__.py:1159: in emit
    self.handleError(record)
/opt/homebrew/Cellar/python@3.13/3.13.12_1/Frameworks/Python.framework/Versions/3.13/lib/python3.13/logging/__init__.py:1151: in emit
    msg = self.format(record)
/opt/homebrew/Cellar/python@3.13/3.13.12_1/Frameworks/Python.framework/Versions/3.13/lib/python3.13/logging/__init__.py:999: in format
    return fmt.format(record)
.venv/lib/python3.13/site-packages/_pytest/logging.py:139: in format
    return super().format(record)
/opt/homebrew/Cellar/python@3.13/3.13.12_1/Frameworks/Python.framework/Versions/3.13/lib/python3.13/logging/__init__.py:712: in format
    record.message = record.getMessage()
/opt/homebrew/Cellar/python@3.13/3.13.12_1/Frameworks/Python.framework/Versions/3.13/lib/python3.13/logging/__init__.py:400: in getMessage
    msg = msg % self.args
E   TypeError: %d format: a real number is required, not str
----------------------------- Captured stdout call -----------------------------
{"timestamp": "2026-03-14T15:17:27+0200", "level": "info", "name": "icons.registry", "message": "Ingesting icon pack from bytes", "logger": "icons.registry"}
----------------------------- Captured stderr call -----------------------------
--- Logging error ---
Traceback (most recent call last):
  File "/opt/homebrew/Cellar/python@3.13/3.13.12_1/Frameworks/Python.framework/Versions/3.13/lib/python3.13/logging/__init__.py", line 1151, in emit
    msg = self.format(record)
  File "/opt/homebrew/Cellar/python@3.13/3.13.12_1/Frameworks/Python.framework/Versions/3.13/lib/python3.13/logging/__init__.py", line 999, in format
    return fmt.format(record)
           ~~~~~~~~~~^^^^^^^^
  File "/Users/idokatz/VSCode/Archmorph/backend/.venv/lib/python3.13/site-packages/pythonjsonlogger/core.py", line 245, in format
    record.message = record.getMessage()
                     ~~~~~~~~~~~~~~~~~^^
  File "/opt/homebrew/Cellar/python@3.13/3.13.12_1/Frameworks/Python.framework/Versions/3.13/lib/python3.13/logging/__init__.py", line 400, in getMessage
    msg = msg % self.args
          ~~~~^~~~~~~~~~~
TypeError: %d format: a real number is required, not str
Call stack:
  File "/Users/idokatz/VSCode/Archmorph/backend/.venv/bin/pytest", line 6, in <module>
    sys.exit(console_main())
  File "/Users/idokatz/VSCode/Archmorph/backend/.venv/lib/python3.13/site-packages/_pytest/config/__init__.py", line 201, in console_main
    code = main()
  File "/Users/idokatz/VSCode/Archmorph/backend/.venv/lib/python3.13/site-packages/_pytest/config/__init__.py", line 175, in main
    ret: ExitCode | int = config.hook.pytest_cmdline_main(config=config)
  File "/Users/idokatz/VSCode/Archmorph/backend/.venv/lib/python3.13/site-packages/pluggy/_hooks.py", line 512, in __call__
    return self._hookexec(self.name, self._hookimpls.copy(), kwargs, firstresult)
  File "/Users/idokatz/VSCode/Archmorph/backend/.venv/lib/python3.13/site-packages/pluggy/_manager.py", line 120, in _hookexec
    return self._inner_hookexec(hook_name, methods, kwargs, firstresult)
  File "/Users/idokatz/VSCode/Archmorph/backend/.venv/lib/python3.13/site-packages/pluggy/_callers.py", line 121, in _multicall
    res = hook_impl.function(*args)
  File "/Users/idokatz/VSCode/Archmorph/backend/.venv/lib/python3.13/site-packages/_pytest/main.py", line 330, in pytest_cmdline_main
    return wrap_session(config, _main)
  File "/Users/idokatz/VSCode/Archmorph/backend/.venv/lib/python3.13/site-packages/_pytest/main.py", line 283, in wrap_session
    session.exitstatus = doit(config, session) or 0
  File "/Users/idokatz/VSCode/Archmorph/backend/.venv/lib/python3.13/site-packages/_pytest/main.py", line 337, in _main
    config.hook.pytest_runtestloop(session=session)
  File "/Users/idokatz/VSCode/Archmorph/backend/.venv/lib/python3.13/site-packages/pluggy/_hooks.py", line 512, in __call__
    return self._hookexec(self.name, self._hookimpls.copy(), kwargs, firstresult)
  File "/Users/idokatz/VSCode/Archmorph/backend/.venv/lib/python3.13/site-packages/pluggy/_manager.py", line 120, in _hookexec
    return self._inner_hookexec(hook_name, methods, kwargs, firstresult)
  File "/Users/idokatz/VSCode/Archmorph/backend/.venv/lib/python3.13/site-packages/pluggy/_callers.py", line 121, in _multicall
    res = hook_impl.function(*args)
  File "/Users/idokatz/VSCode/Archmorph/backend/.venv/lib/python3.13/site-packages/_pytest/main.py", line 362, in pytest_runtestloop
    item.config.hook.pytest_runtest_protocol(item=item, nextitem=nextitem)
  File "/Users/idokatz/VSCode/Archmorph/backend/.venv/lib/python3.13/site-packages/pluggy/_hooks.py", line 512, in __call__
    return self._hookexec(self.name, self._hookimpls.copy(), kwargs, firstresult)
  File "/Users/idokatz/VSCode/Archmorph/backend/.venv/lib/python3.13/site-packages/pluggy/_manager.py", line 120, in _hookexec
    return self._inner_hookexec(hook_name, methods, kwargs, firstresult)
  File "/Users/idokatz/VSCode/Archmorph/backend/.venv/lib/python3.13/site-packages/pluggy/_callers.py", line 121, in _multicall
    res = hook_impl.function(*args)
  File "/Users/idokatz/VSCode/Archmorph/backend/.venv/lib/python3.13/site-packages/_pytest/runner.py", line 113, in pytest_runtest_protocol
    runtestprotocol(item, nextitem=nextitem)
  File "/Users/idokatz/VSCode/Archmorph/backend/.venv/lib/python3.13/site-packages/_pytest/runner.py", line 132, in runtestprotocol
    reports.append(call_and_report(item, "call", log))
  File "/Users/idokatz/VSCode/Archmorph/backend/.venv/lib/python3.13/site-packages/_pytest/runner.py", line 241, in call_and_report
    call = CallInfo.from_call(
  File "/Users/idokatz/VSCode/Archmorph/backend/.venv/lib/python3.13/site-packages/_pytest/runner.py", line 341, in from_call
    result: TResult | None = func()
  File "/Users/idokatz/VSCode/Archmorph/backend/.venv/lib/python3.13/site-packages/_pytest/runner.py", line 242, in <lambda>
    lambda: runtest_hook(item=item, **kwds), when=when, reraise=reraise
  File "/Users/idokatz/VSCode/Archmorph/backend/.venv/lib/python3.13/site-packages/pluggy/_hooks.py", line 512, in __call__
    return self._hookexec(self.name, self._hookimpls.copy(), kwargs, firstresult)
  File "/Users/idokatz/VSCode/Archmorph/backend/.venv/lib/python3.13/site-packages/pluggy/_manager.py", line 120, in _hookexec
    return self._inner_hookexec(hook_name, methods, kwargs, firstresult)
  File "/Users/idokatz/VSCode/Archmorph/backend/.venv/lib/python3.13/site-packages/pluggy/_callers.py", line 121, in _multicall
    res = hook_impl.function(*args)
  File "/Users/idokatz/VSCode/Archmorph/backend/.venv/lib/python3.13/site-packages/_pytest/runner.py", line 174, in pytest_runtest_call
    item.runtest()
  File "/Users/idokatz/VSCode/Archmorph/backend/.venv/lib/python3.13/site-packages/_pytest/python.py", line 1627, in runtest
    self.ihook.pytest_pyfunc_call(pyfuncitem=self)
  File "/Users/idokatz/VSCode/Archmorph/backend/.venv/lib/python3.13/site-packages/pluggy/_hooks.py", line 512, in __call__
    return self._hookexec(self.name, self._hookimpls.copy(), kwargs, firstresult)
  File "/Users/idokatz/VSCode/Archmorph/backend/.venv/lib/python3.13/site-packages/pluggy/_manager.py", line 120, in _hookexec
    return self._inner_hookexec(hook_name, methods, kwargs, firstresult)
  File "/Users/idokatz/VSCode/Archmorph/backend/.venv/lib/python3.13/site-packages/pluggy/_callers.py", line 121, in _multicall
    res = hook_impl.function(*args)
  File "/Users/idokatz/VSCode/Archmorph/backend/.venv/lib/python3.13/site-packages/_pytest/python.py", line 159, in pytest_pyfunc_call
    result = testfunction(**testargs)
  File "/Users/idokatz/VSCode/Archmorph/backend/tests/test_icon_registry.py", line 254, in test_metrics_tracked
    registry.ingest_icon_pack(small_zip_pack, pack_id="m1")
  File "/Users/idokatz/VSCode/Archmorph/backend/tests/../icons/registry.py", line 198, in ingest_icon_pack
    logger.info(
Message: "Icon pack '%s' ingested: %d icons, %d failed (%.2fs)"
Arguments: ('m1', '1', '0', '0.000367375003406778')
------------------------------ Captured log call -------------------------------
INFO     icons.registry:registry.py:115 Ingesting icon pack from bytes
______________ TestIconRegistry.test_duplicate_ingest_idempotent _______________
tests/test_icon_registry.py:260: in test_duplicate_ingest_idempotent
    registry.ingest_icon_pack(small_zip_pack, pack_id="dup")
icons/registry.py:198: in ingest_icon_pack
    logger.info(
/opt/homebrew/Cellar/python@3.13/3.13.12_1/Frameworks/Python.framework/Versions/3.13/lib/python3.13/logging/__init__.py:1520: in info
    self._log(INFO, msg, args, **kwargs)
/opt/homebrew/Cellar/python@3.13/3.13.12_1/Frameworks/Python.framework/Versions/3.13/lib/python3.13/logging/__init__.py:1665: in _log
    self.handle(record)
/opt/homebrew/Cellar/python@3.13/3.13.12_1/Frameworks/Python.framework/Versions/3.13/lib/python3.13/logging/__init__.py:1681: in handle
    self.callHandlers(record)
/opt/homebrew/Cellar/python@3.13/3.13.12_1/Frameworks/Python.framework/Versions/3.13/lib/python3.13/logging/__init__.py:1737: in callHandlers
    hdlr.handle(record)
/opt/homebrew/Cellar/python@3.13/3.13.12_1/Frameworks/Python.framework/Versions/3.13/lib/python3.13/logging/__init__.py:1027: in handle
    self.emit(record)
.venv/lib/python3.13/site-packages/_pytest/logging.py:386: in emit
    super().emit(record)
/opt/homebrew/Cellar/python@3.13/3.13.12_1/Frameworks/Python.framework/Versions/3.13/lib/python3.13/logging/__init__.py:1159: in emit
    self.handleError(record)
/opt/homebrew/Cellar/python@3.13/3.13.12_1/Frameworks/Python.framework/Versions/3.13/lib/python3.13/logging/__init__.py:1151: in emit
    msg = self.format(record)
/opt/homebrew/Cellar/python@3.13/3.13.12_1/Frameworks/Python.framework/Versions/3.13/lib/python3.13/logging/__init__.py:999: in format
    return fmt.format(record)
.venv/lib/python3.13/site-packages/_pytest/logging.py:139: in format
    return super().format(record)
/opt/homebrew/Cellar/python@3.13/3.13.12_1/Frameworks/Python.framework/Versions/3.13/lib/python3.13/logging/__init__.py:712: in format
    record.message = record.getMessage()
/opt/homebrew/Cellar/python@3.13/3.13.12_1/Frameworks/Python.framework/Versions/3.13/lib/python3.13/logging/__init__.py:400: in getMessage
    msg = msg % self.args
E   TypeError: %d format: a real number is required, not str
----------------------------- Captured stdout call -----------------------------
{"timestamp": "2026-03-14T15:17:27+0200", "level": "info", "name": "icons.registry", "message": "Ingesting icon pack from bytes", "logger": "icons.registry"}
----------------------------- Captured stderr call -----------------------------
--- Logging error ---
Traceback (most recent call last):
  File "/opt/homebrew/Cellar/python@3.13/3.13.12_1/Frameworks/Python.framework/Versions/3.13/lib/python3.13/logging/__init__.py", line 1151, in emit
    msg = self.format(record)
  File "/opt/homebrew/Cellar/python@3.13/3.13.12_1/Frameworks/Python.framework/Versions/3.13/lib/python3.13/logging/__init__.py", line 999, in format
    return fmt.format(record)
           ~~~~~~~~~~^^^^^^^^
  File "/Users/idokatz/VSCode/Archmorph/backend/.venv/lib/python3.13/site-packages/pythonjsonlogger/core.py", line 245, in format
    record.message = record.getMessage()
                     ~~~~~~~~~~~~~~~~~^^
  File "/opt/homebrew/Cellar/python@3.13/3.13.12_1/Frameworks/Python.framework/Versions/3.13/lib/python3.13/logging/__init__.py", line 400, in getMessage
    msg = msg % self.args
          ~~~~^~~~~~~~~~~
TypeError: %d format: a real number is required, not str
Call stack:
  File "/Users/idokatz/VSCode/Archmorph/backend/.venv/bin/pytest", line 6, in <module>
    sys.exit(console_main())
  File "/Users/idokatz/VSCode/Archmorph/backend/.venv/lib/python3.13/site-packages/_pytest/config/__init__.py", line 201, in console_main
    code = main()
  File "/Users/idokatz/VSCode/Archmorph/backend/.venv/lib/python3.13/site-packages/_pytest/config/__init__.py", line 175, in main
    ret: ExitCode | int = config.hook.pytest_cmdline_main(config=config)
  File "/Users/idokatz/VSCode/Archmorph/backend/.venv/lib/python3.13/site-packages/pluggy/_hooks.py", line 512, in __call__
    return self._hookexec(self.name, self._hookimpls.copy(), kwargs, firstresult)
  File "/Users/idokatz/VSCode/Archmorph/backend/.venv/lib/python3.13/site-packages/pluggy/_manager.py", line 120, in _hookexec
    return self._inner_hookexec(hook_name, methods, kwargs, firstresult)
  File "/Users/idokatz/VSCode/Archmorph/backend/.venv/lib/python3.13/site-packages/pluggy/_callers.py", line 121, in _multicall
    res = hook_impl.function(*args)
  File "/Users/idokatz/VSCode/Archmorph/backend/.venv/lib/python3.13/site-packages/_pytest/main.py", line 330, in pytest_cmdline_main
    return wrap_session(config, _main)
  File "/Users/idokatz/VSCode/Archmorph/backend/.venv/lib/python3.13/site-packages/_pytest/main.py", line 283, in wrap_session
    session.exitstatus = doit(config, session) or 0
  File "/Users/idokatz/VSCode/Archmorph/backend/.venv/lib/python3.13/site-packages/_pytest/main.py", line 337, in _main
    config.hook.pytest_runtestloop(session=session)
  File "/Users/idokatz/VSCode/Archmorph/backend/.venv/lib/python3.13/site-packages/pluggy/_hooks.py", line 512, in __call__
    return self._hookexec(self.name, self._hookimpls.copy(), kwargs, firstresult)
  File "/Users/idokatz/VSCode/Archmorph/backend/.venv/lib/python3.13/site-packages/pluggy/_manager.py", line 120, in _hookexec
    return self._inner_hookexec(hook_name, methods, kwargs, firstresult)
  File "/Users/idokatz/VSCode/Archmorph/backend/.venv/lib/python3.13/site-packages/pluggy/_callers.py", line 121, in _multicall
    res = hook_impl.function(*args)
  File "/Users/idokatz/VSCode/Archmorph/backend/.venv/lib/python3.13/site-packages/_pytest/main.py", line 362, in pytest_runtestloop
    item.config.hook.pytest_runtest_protocol(item=item, nextitem=nextitem)
  File "/Users/idokatz/VSCode/Archmorph/backend/.venv/lib/python3.13/site-packages/pluggy/_hooks.py", line 512, in __call__
    return self._hookexec(self.name, self._hookimpls.copy(), kwargs, firstresult)
  File "/Users/idokatz/VSCode/Archmorph/backend/.venv/lib/python3.13/site-packages/pluggy/_manager.py", line 120, in _hookexec
    return self._inner_hookexec(hook_name, methods, kwargs, firstresult)
  File "/Users/idokatz/VSCode/Archmorph/backend/.venv/lib/python3.13/site-packages/pluggy/_callers.py", line 121, in _multicall
    res = hook_impl.function(*args)
  File "/Users/idokatz/VSCode/Archmorph/backend/.venv/lib/python3.13/site-packages/_pytest/runner.py", line 113, in pytest_runtest_protocol
    runtestprotocol(item, nextitem=nextitem)
  File "/Users/idokatz/VSCode/Archmorph/backend/.venv/lib/python3.13/site-packages/_pytest/runner.py", line 132, in runtestprotocol
    reports.append(call_and_report(item, "call", log))
  File "/Users/idokatz/VSCode/Archmorph/backend/.venv/lib/python3.13/site-packages/_pytest/runner.py", line 241, in call_and_report
    call = CallInfo.from_call(
  File "/Users/idokatz/VSCode/Archmorph/backend/.venv/lib/python3.13/site-packages/_pytest/runner.py", line 341, in from_call
    result: TResult | None = func()
  File "/Users/idokatz/VSCode/Archmorph/backend/.venv/lib/python3.13/site-packages/_pytest/runner.py", line 242, in <lambda>
    lambda: runtest_hook(item=item, **kwds), when=when, reraise=reraise
  File "/Users/idokatz/VSCode/Archmorph/backend/.venv/lib/python3.13/site-packages/pluggy/_hooks.py", line 512, in __call__
    return self._hookexec(self.name, self._hookimpls.copy(), kwargs, firstresult)
  File "/Users/idokatz/VSCode/Archmorph/backend/.venv/lib/python3.13/site-packages/pluggy/_manager.py", line 120, in _hookexec
    return self._inner_hookexec(hook_name, methods, kwargs, firstresult)
  File "/Users/idokatz/VSCode/Archmorph/backend/.venv/lib/python3.13/site-packages/pluggy/_callers.py", line 121, in _multicall
    res = hook_impl.function(*args)
  File "/Users/idokatz/VSCode/Archmorph/backend/.venv/lib/python3.13/site-packages/_pytest/runner.py", line 174, in pytest_runtest_call
    item.runtest()
  File "/Users/idokatz/VSCode/Archmorph/backend/.venv/lib/python3.13/site-packages/_pytest/python.py", line 1627, in runtest
    self.ihook.pytest_pyfunc_call(pyfuncitem=self)
  File "/Users/idokatz/VSCode/Archmorph/backend/.venv/lib/python3.13/site-packages/pluggy/_hooks.py", line 512, in __call__
    return self._hookexec(self.name, self._hookimpls.copy(), kwargs, firstresult)
  File "/Users/idokatz/VSCode/Archmorph/backend/.venv/lib/python3.13/site-packages/pluggy/_manager.py", line 120, in _hookexec
    return self._inner_hookexec(hook_name, methods, kwargs, firstresult)
  File "/Users/idokatz/VSCode/Archmorph/backend/.venv/lib/python3.13/site-packages/pluggy/_callers.py", line 121, in _multicall
    res = hook_impl.function(*args)
  File "/Users/idokatz/VSCode/Archmorph/backend/.venv/lib/python3.13/site-packages/_pytest/python.py", line 159, in pytest_pyfunc_call
    result = testfunction(**testargs)
  File "/Users/idokatz/VSCode/Archmorph/backend/tests/test_icon_registry.py", line 260, in test_duplicate_ingest_idempotent
    registry.ingest_icon_pack(small_zip_pack, pack_id="dup")
  File "/Users/idokatz/VSCode/Archmorph/backend/tests/../icons/registry.py", line 198, in ingest_icon_pack
    logger.info(
Message: "Icon pack '%s' ingested: %d icons, %d failed (%.2fs)"
Arguments: ('dup', '1', '0', '0.00042554098763503134')
------------------------------ Captured log call -------------------------------
INFO     icons.registry:registry.py:115 Ingesting icon pack from bytes
_________________ TestDrawioBuilder.test_drawio_reference_mode _________________
tests/test_icon_registry.py:274: in test_drawio_reference_mode
    registry.ingest_icon_pack(small_zip_pack, pack_id="dio-ref")
icons/registry.py:198: in ingest_icon_pack
    logger.info(
/opt/homebrew/Cellar/python@3.13/3.13.12_1/Frameworks/Python.framework/Versions/3.13/lib/python3.13/logging/__init__.py:1520: in info
    self._log(INFO, msg, args, **kwargs)
/opt/homebrew/Cellar/python@3.13/3.13.12_1/Frameworks/Python.framework/Versions/3.13/lib/python3.13/logging/__init__.py:1665: in _log
    self.handle(record)
/opt/homebrew/Cellar/python@3.13/3.13.12_1/Frameworks/Python.framework/Versions/3.13/lib/python3.13/logging/__init__.py:1681: in handle
    self.callHandlers(record)
/opt/homebrew/Cellar/python@3.13/3.13.12_1/Frameworks/Python.framework/Versions/3.13/lib/python3.13/logging/__init__.py:1737: in callHandlers
    hdlr.handle(record)
/opt/homebrew/Cellar/python@3.13/3.13.12_1/Frameworks/Python.framework/Versions/3.13/lib/python3.13/logging/__init__.py:1027: in handle
    self.emit(record)
.venv/lib/python3.13/site-packages/_pytest/logging.py:386: in emit
    super().emit(record)
/opt/homebrew/Cellar/python@3.13/3.13.12_1/Frameworks/Python.framework/Versions/3.13/lib/python3.13/logging/__init__.py:1159: in emit
    self.handleError(record)
/opt/homebrew/Cellar/python@3.13/3.13.12_1/Frameworks/Python.framework/Versions/3.13/lib/python3.13/logging/__init__.py:1151: in emit
    msg = self.format(record)
/opt/homebrew/Cellar/python@3.13/3.13.12_1/Frameworks/Python.framework/Versions/3.13/lib/python3.13/logging/__init__.py:999: in format
    return fmt.format(record)
.venv/lib/python3.13/site-packages/_pytest/logging.py:139: in format
    return super().format(record)
/opt/homebrew/Cellar/python@3.13/3.13.12_1/Frameworks/Python.framework/Versions/3.13/lib/python3.13/logging/__init__.py:712: in format
    record.message = record.getMessage()
/opt/homebrew/Cellar/python@3.13/3.13.12_1/Frameworks/Python.framework/Versions/3.13/lib/python3.13/logging/__init__.py:400: in getMessage
    msg = msg % self.args
E   TypeError: %d format: a real number is required, not str
----------------------------- Captured stdout call -----------------------------
{"timestamp": "2026-03-14T15:17:27+0200", "level": "info", "name": "icons.registry", "message": "Ingesting icon pack from bytes", "logger": "icons.registry"}
----------------------------- Captured stderr call -----------------------------
--- Logging error ---
Traceback (most recent call last):
  File "/opt/homebrew/Cellar/python@3.13/3.13.12_1/Frameworks/Python.framework/Versions/3.13/lib/python3.13/logging/__init__.py", line 1151, in emit
    msg = self.format(record)
  File "/opt/homebrew/Cellar/python@3.13/3.13.12_1/Frameworks/Python.framework/Versions/3.13/lib/python3.13/logging/__init__.py", line 999, in format
    return fmt.format(record)
           ~~~~~~~~~~^^^^^^^^
  File "/Users/idokatz/VSCode/Archmorph/backend/.venv/lib/python3.13/site-packages/pythonjsonlogger/core.py", line 245, in format
    record.message = record.getMessage()
                     ~~~~~~~~~~~~~~~~~^^
  File "/opt/homebrew/Cellar/python@3.13/3.13.12_1/Frameworks/Python.framework/Versions/3.13/lib/python3.13/logging/__init__.py", line 400, in getMessage
    msg = msg % self.args
          ~~~~^~~~~~~~~~~
TypeError: %d format: a real number is required, not str
Call stack:
  File "/Users/idokatz/VSCode/Archmorph/backend/.venv/bin/pytest", line 6, in <module>
    sys.exit(console_main())
  File "/Users/idokatz/VSCode/Archmorph/backend/.venv/lib/python3.13/site-packages/_pytest/config/__init__.py", line 201, in console_main
    code = main()
  File "/Users/idokatz/VSCode/Archmorph/backend/.venv/lib/python3.13/site-packages/_pytest/config/__init__.py", line 175, in main
    ret: ExitCode | int = config.hook.pytest_cmdline_main(config=config)
  File "/Users/idokatz/VSCode/Archmorph/backend/.venv/lib/python3.13/site-packages/pluggy/_hooks.py", line 512, in __call__
    return self._hookexec(self.name, self._hookimpls.copy(), kwargs, firstresult)
  File "/Users/idokatz/VSCode/Archmorph/backend/.venv/lib/python3.13/site-packages/pluggy/_manager.py", line 120, in _hookexec
    return self._inner_hookexec(hook_name, methods, kwargs, firstresult)
  File "/Users/idokatz/VSCode/Archmorph/backend/.venv/lib/python3.13/site-packages/pluggy/_callers.py", line 121, in _multicall
    res = hook_impl.function(*args)
  File "/Users/idokatz/VSCode/Archmorph/backend/.venv/lib/python3.13/site-packages/_pytest/main.py", line 330, in pytest_cmdline_main
    return wrap_session(config, _main)
  File "/Users/idokatz/VSCode/Archmorph/backend/.venv/lib/python3.13/site-packages/_pytest/main.py", line 283, in wrap_session
    session.exitstatus = doit(config, session) or 0
  File "/Users/idokatz/VSCode/Archmorph/backend/.venv/lib/python3.13/site-packages/_pytest/main.py", line 337, in _main
    config.hook.pytest_runtestloop(session=session)
  File "/Users/idokatz/VSCode/Archmorph/backend/.venv/lib/python3.13/site-packages/pluggy/_hooks.py", line 512, in __call__
    return self._hookexec(self.name, self._hookimpls.copy(), kwargs, firstresult)
  File "/Users/idokatz/VSCode/Archmorph/backend/.venv/lib/python3.13/site-packages/pluggy/_manager.py", line 120, in _hookexec
    return self._inner_hookexec(hook_name, methods, kwargs, firstresult)
  File "/Users/idokatz/VSCode/Archmorph/backend/.venv/lib/python3.13/site-packages/pluggy/_callers.py", line 121, in _multicall
    res = hook_impl.function(*args)
  File "/Users/idokatz/VSCode/Archmorph/backend/.venv/lib/python3.13/site-packages/_pytest/main.py", line 362, in pytest_runtestloop
    item.config.hook.pytest_runtest_protocol(item=item, nextitem=nextitem)
  File "/Users/idokatz/VSCode/Archmorph/backend/.venv/lib/python3.13/site-packages/pluggy/_hooks.py", line 512, in __call__
    return self._hookexec(self.name, self._hookimpls.copy(), kwargs, firstresult)
  File "/Users/idokatz/VSCode/Archmorph/backend/.venv/lib/python3.13/site-packages/pluggy/_manager.py", line 120, in _hookexec
    return self._inner_hookexec(hook_name, methods, kwargs, firstresult)
  File "/Users/idokatz/VSCode/Archmorph/backend/.venv/lib/python3.13/site-packages/pluggy/_callers.py", line 121, in _multicall
    res = hook_impl.function(*args)
  File "/Users/idokatz/VSCode/Archmorph/backend/.venv/lib/python3.13/site-packages/_pytest/runner.py", line 113, in pytest_runtest_protocol
    runtestprotocol(item, nextitem=nextitem)
  File "/Users/idokatz/VSCode/Archmorph/backend/.venv/lib/python3.13/site-packages/_pytest/runner.py", line 132, in runtestprotocol
    reports.append(call_and_report(item, "call", log))
  File "/Users/idokatz/VSCode/Archmorph/backend/.venv/lib/python3.13/site-packages/_pytest/runner.py", line 241, in call_and_report
    call = CallInfo.from_call(
  File "/Users/idokatz/VSCode/Archmorph/backend/.venv/lib/python3.13/site-packages/_pytest/runner.py", line 341, in from_call
    result: TResult | None = func()
  File "/Users/idokatz/VSCode/Archmorph/backend/.venv/lib/python3.13/site-packages/_pytest/runner.py", line 242, in <lambda>
    lambda: runtest_hook(item=item, **kwds), when=when, reraise=reraise
  File "/Users/idokatz/VSCode/Archmorph/backend/.venv/lib/python3.13/site-packages/pluggy/_hooks.py", line 512, in __call__
    return self._hookexec(self.name, self._hookimpls.copy(), kwargs, firstresult)
  File "/Users/idokatz/VSCode/Archmorph/backend/.venv/lib/python3.13/site-packages/pluggy/_manager.py", line 120, in _hookexec
    return self._inner_hookexec(hook_name, methods, kwargs, firstresult)
  File "/Users/idokatz/VSCode/Archmorph/backend/.venv/lib/python3.13/site-packages/pluggy/_callers.py", line 121, in _multicall
    res = hook_impl.function(*args)
  File "/Users/idokatz/VSCode/Archmorph/backend/.venv/lib/python3.13/site-packages/_pytest/runner.py", line 174, in pytest_runtest_call
    item.runtest()
  File "/Users/idokatz/VSCode/Archmorph/backend/.venv/lib/python3.13/site-packages/_pytest/python.py", line 1627, in runtest
    self.ihook.pytest_pyfunc_call(pyfuncitem=self)
  File "/Users/idokatz/VSCode/Archmorph/backend/.venv/lib/python3.13/site-packages/pluggy/_hooks.py", line 512, in __call__
    return self._hookexec(self.name, self._hookimpls.copy(), kwargs, firstresult)
  File "/Users/idokatz/VSCode/Archmorph/backend/.venv/lib/python3.13/site-packages/pluggy/_manager.py", line 120, in _hookexec
    return self._inner_hookexec(hook_name, methods, kwargs, firstresult)
  File "/Users/idokatz/VSCode/Archmorph/backend/.venv/lib/python3.13/site-packages/pluggy/_callers.py", line 121, in _multicall
    res = hook_impl.function(*args)
  File "/Users/idokatz/VSCode/Archmorph/backend/.venv/lib/python3.13/site-packages/_pytest/python.py", line 159, in pytest_pyfunc_call
    result = testfunction(**testargs)
  File "/Users/idokatz/VSCode/Archmorph/backend/tests/test_icon_registry.py", line 274, in test_drawio_reference_mode
    registry.ingest_icon_pack(small_zip_pack, pack_id="dio-ref")
  File "/Users/idokatz/VSCode/Archmorph/backend/tests/../icons/registry.py", line 198, in ingest_icon_pack
    logger.info(
Message: "Icon pack '%s' ingested: %d icons, %d failed (%.2fs)"
Arguments: ('dio-ref', '1', '0', '0.0003846669860649854')
------------------------------ Captured log call -------------------------------
INFO     icons.registry:registry.py:115 Ingesting icon pack from bytes
________________ TestDrawioBuilder.test_drawio_full_embed_mode _________________
tests/test_icon_registry.py:289: in test_drawio_full_embed_mode
    registry.ingest_icon_pack(small_zip_pack, pack_id="dio-full")
icons/registry.py:198: in ingest_icon_pack
    logger.info(
/opt/homebrew/Cellar/python@3.13/3.13.12_1/Frameworks/Python.framework/Versions/3.13/lib/python3.13/logging/__init__.py:1520: in info
    self._log(INFO, msg, args, **kwargs)
/opt/homebrew/Cellar/python@3.13/3.13.12_1/Frameworks/Python.framework/Versions/3.13/lib/python3.13/logging/__init__.py:1665: in _log
    self.handle(record)
/opt/homebrew/Cellar/python@3.13/3.13.12_1/Frameworks/Python.framework/Versions/3.13/lib/python3.13/logging/__init__.py:1681: in handle
    self.callHandlers(record)
/opt/homebrew/Cellar/python@3.13/3.13.12_1/Frameworks/Python.framework/Versions/3.13/lib/python3.13/logging/__init__.py:1737: in callHandlers
    hdlr.handle(record)
/opt/homebrew/Cellar/python@3.13/3.13.12_1/Frameworks/Python.framework/Versions/3.13/lib/python3.13/logging/__init__.py:1027: in handle
    self.emit(record)
.venv/lib/python3.13/site-packages/_pytest/logging.py:386: in emit
    super().emit(record)
/opt/homebrew/Cellar/python@3.13/3.13.12_1/Frameworks/Python.framework/Versions/3.13/lib/python3.13/logging/__init__.py:1159: in emit
    self.handleError(record)
/opt/homebrew/Cellar/python@3.13/3.13.12_1/Frameworks/Python.framework/Versions/3.13/lib/python3.13/logging/__init__.py:1151: in emit
    msg = self.format(record)
/opt/homebrew/Cellar/python@3.13/3.13.12_1/Frameworks/Python.framework/Versions/3.13/lib/python3.13/logging/__init__.py:999: in format
    return fmt.format(record)
.venv/lib/python3.13/site-packages/_pytest/logging.py:139: in format
    return super().format(record)
/opt/homebrew/Cellar/python@3.13/3.13.12_1/Frameworks/Python.framework/Versions/3.13/lib/python3.13/logging/__init__.py:712: in format
    record.message = record.getMessage()
/opt/homebrew/Cellar/python@3.13/3.13.12_1/Frameworks/Python.framework/Versions/3.13/lib/python3.13/logging/__init__.py:400: in getMessage
    msg = msg % self.args
E   TypeError: %d format: a real number is required, not str
----------------------------- Captured stdout call -----------------------------
{"timestamp": "2026-03-14T15:17:27+0200", "level": "info", "name": "icons.registry", "message": "Ingesting icon pack from bytes", "logger": "icons.registry"}
----------------------------- Captured stderr call -----------------------------
--- Logging error ---
Traceback (most recent call last):
  File "/opt/homebrew/Cellar/python@3.13/3.13.12_1/Frameworks/Python.framework/Versions/3.13/lib/python3.13/logging/__init__.py", line 1151, in emit
    msg = self.format(record)
  File "/opt/homebrew/Cellar/python@3.13/3.13.12_1/Frameworks/Python.framework/Versions/3.13/lib/python3.13/logging/__init__.py", line 999, in format
    return fmt.format(record)
           ~~~~~~~~~~^^^^^^^^
  File "/Users/idokatz/VSCode/Archmorph/backend/.venv/lib/python3.13/site-packages/pythonjsonlogger/core.py", line 245, in format
    record.message = record.getMessage()
                     ~~~~~~~~~~~~~~~~~^^
  File "/opt/homebrew/Cellar/python@3.13/3.13.12_1/Frameworks/Python.framework/Versions/3.13/lib/python3.13/logging/__init__.py", line 400, in getMessage
    msg = msg % self.args
          ~~~~^~~~~~~~~~~
TypeError: %d format: a real number is required, not str
Call stack:
  File "/Users/idokatz/VSCode/Archmorph/backend/.venv/bin/pytest", line 6, in <module>
    sys.exit(console_main())
  File "/Users/idokatz/VSCode/Archmorph/backend/.venv/lib/python3.13/site-packages/_pytest/config/__init__.py", line 201, in console_main
    code = main()
  File "/Users/idokatz/VSCode/Archmorph/backend/.venv/lib/python3.13/site-packages/_pytest/config/__init__.py", line 175, in main
    ret: ExitCode | int = config.hook.pytest_cmdline_main(config=config)
  File "/Users/idokatz/VSCode/Archmorph/backend/.venv/lib/python3.13/site-packages/pluggy/_hooks.py", line 512, in __call__
    return self._hookexec(self.name, self._hookimpls.copy(), kwargs, firstresult)
  File "/Users/idokatz/VSCode/Archmorph/backend/.venv/lib/python3.13/site-packages/pluggy/_manager.py", line 120, in _hookexec
    return self._inner_hookexec(hook_name, methods, kwargs, firstresult)
  File "/Users/idokatz/VSCode/Archmorph/backend/.venv/lib/python3.13/site-packages/pluggy/_callers.py", line 121, in _multicall
    res = hook_impl.function(*args)
  File "/Users/idokatz/VSCode/Archmorph/backend/.venv/lib/python3.13/site-packages/_pytest/main.py", line 330, in pytest_cmdline_main
    return wrap_session(config, _main)
  File "/Users/idokatz/VSCode/Archmorph/backend/.venv/lib/python3.13/site-packages/_pytest/main.py", line 283, in wrap_session
    session.exitstatus = doit(config, session) or 0
  File "/Users/idokatz/VSCode/Archmorph/backend/.venv/lib/python3.13/site-packages/_pytest/main.py", line 337, in _main
    config.hook.pytest_runtestloop(session=session)
  File "/Users/idokatz/VSCode/Archmorph/backend/.venv/lib/python3.13/site-packages/pluggy/_hooks.py", line 512, in __call__
    return self._hookexec(self.name, self._hookimpls.copy(), kwargs, firstresult)
  File "/Users/idokatz/VSCode/Archmorph/backend/.venv/lib/python3.13/site-packages/pluggy/_manager.py", line 120, in _hookexec
    return self._inner_hookexec(hook_name, methods, kwargs, firstresult)
  File "/Users/idokatz/VSCode/Archmorph/backend/.venv/lib/python3.13/site-packages/pluggy/_callers.py", line 121, in _multicall
    res = hook_impl.function(*args)
  File "/Users/idokatz/VSCode/Archmorph/backend/.venv/lib/python3.13/site-packages/_pytest/main.py", line 362, in pytest_runtestloop
    item.config.hook.pytest_runtest_protocol(item=item, nextitem=nextitem)
  File "/Users/idokatz/VSCode/Archmorph/backend/.venv/lib/python3.13/site-packages/pluggy/_hooks.py", line 512, in __call__
    return self._hookexec(self.name, self._hookimpls.copy(), kwargs, firstresult)
  File "/Users/idokatz/VSCode/Archmorph/backend/.venv/lib/python3.13/site-packages/pluggy/_manager.py", line 120, in _hookexec
    return self._inner_hookexec(hook_name, methods, kwargs, firstresult)
  File "/Users/idokatz/VSCode/Archmorph/backend/.venv/lib/python3.13/site-packages/pluggy/_callers.py", line 121, in _multicall
    res = hook_impl.function(*args)
  File "/Users/idokatz/VSCode/Archmorph/backend/.venv/lib/python3.13/site-packages/_pytest/runner.py", line 113, in pytest_runtest_protocol
    runtestprotocol(item, nextitem=nextitem)
  File "/Users/idokatz/VSCode/Archmorph/backend/.venv/lib/python3.13/site-packages/_pytest/runner.py", line 132, in runtestprotocol
    reports.append(call_and_report(item, "call", log))
  File "/Users/idokatz/VSCode/Archmorph/backend/.venv/lib/python3.13/site-packages/_pytest/runner.py", line 241, in call_and_report
    call = CallInfo.from_call(
  File "/Users/idokatz/VSCode/Archmorph/backend/.venv/lib/python3.13/site-packages/_pytest/runner.py", line 341, in from_call
    result: TResult | None = func()
  File "/Users/idokatz/VSCode/Archmorph/backend/.venv/lib/python3.13/site-packages/_pytest/runner.py", line 242, in <lambda>
    lambda: runtest_hook(item=item, **kwds), when=when, reraise=reraise
  File "/Users/idokatz/VSCode/Archmorph/backend/.venv/lib/python3.13/site-packages/pluggy/_hooks.py", line 512, in __call__
    return self._hookexec(self.name, self._hookimpls.copy(), kwargs, firstresult)
  File "/Users/idokatz/VSCode/Archmorph/backend/.venv/lib/python3.13/site-packages/pluggy/_manager.py", line 120, in _hookexec
    return self._inner_hookexec(hook_name, methods, kwargs, firstresult)
  File "/Users/idokatz/VSCode/Archmorph/backend/.venv/lib/python3.13/site-packages/pluggy/_callers.py", line 121, in _multicall
    res = hook_impl.function(*args)
  File "/Users/idokatz/VSCode/Archmorph/backend/.venv/lib/python3.13/site-packages/_pytest/runner.py", line 174, in pytest_runtest_call
    item.runtest()
  File "/Users/idokatz/VSCode/Archmorph/backend/.venv/lib/python3.13/site-packages/_pytest/python.py", line 1627, in runtest
    self.ihook.pytest_pyfunc_call(pyfuncitem=self)
  File "/Users/idokatz/VSCode/Archmorph/backend/.venv/lib/python3.13/site-packages/pluggy/_hooks.py", line 512, in __call__
    return self._hookexec(self.name, self._hookimpls.copy(), kwargs, firstresult)
  File "/Users/idokatz/VSCode/Archmorph/backend/.venv/lib/python3.13/site-packages/pluggy/_manager.py", line 120, in _hookexec
    return self._inner_hookexec(hook_name, methods, kwargs, firstresult)
  File "/Users/idokatz/VSCode/Archmorph/backend/.venv/lib/python3.13/site-packages/pluggy/_callers.py", line 121, in _multicall
    res = hook_impl.function(*args)
  File "/Users/idokatz/VSCode/Archmorph/backend/.venv/lib/python3.13/site-packages/_pytest/python.py", line 159, in pytest_pyfunc_call
    result = testfunction(**testargs)
  File "/Users/idokatz/VSCode/Archmorph/backend/tests/test_icon_registry.py", line 289, in test_drawio_full_embed_mode
    registry.ingest_icon_pack(small_zip_pack, pack_id="dio-full")
  File "/Users/idokatz/VSCode/Archmorph/backend/tests/../icons/registry.py", line 198, in ingest_icon_pack
    logger.info(
Message: "Icon pack '%s' ingested: %d icons, %d failed (%.2fs)"
Arguments: ('dio-full', '1', '0', '0.00037220900412648916')
------------------------------ Captured log call -------------------------------
INFO     icons.registry:registry.py:115 Ingesting icon pack from bytes
___________________ TestDrawioBuilder.test_drawio_xml_valid ____________________
tests/test_icon_registry.py:304: in test_drawio_xml_valid
    registry.ingest_icon_pack(small_zip_pack, pack_id="dio-xml")
icons/registry.py:198: in ingest_icon_pack
    logger.info(
/opt/homebrew/Cellar/python@3.13/3.13.12_1/Frameworks/Python.framework/Versions/3.13/lib/python3.13/logging/__init__.py:1520: in info
    self._log(INFO, msg, args, **kwargs)
/opt/homebrew/Cellar/python@3.13/3.13.12_1/Frameworks/Python.framework/Versions/3.13/lib/python3.13/logging/__init__.py:1665: in _log
    self.handle(record)
/opt/homebrew/Cellar/python@3.13/3.13.12_1/Frameworks/Python.framework/Versions/3.13/lib/python3.13/logging/__init__.py:1681: in handle
    self.callHandlers(record)
/opt/homebrew/Cellar/python@3.13/3.13.12_1/Frameworks/Python.framework/Versions/3.13/lib/python3.13/logging/__init__.py:1737: in callHandlers
    hdlr.handle(record)
/opt/homebrew/Cellar/python@3.13/3.13.12_1/Frameworks/Python.framework/Versions/3.13/lib/python3.13/logging/__init__.py:1027: in handle
    self.emit(record)
.venv/lib/python3.13/site-packages/_pytest/logging.py:386: in emit
    super().emit(record)
/opt/homebrew/Cellar/python@3.13/3.13.12_1/Frameworks/Python.framework/Versions/3.13/lib/python3.13/logging/__init__.py:1159: in emit
    self.handleError(record)
/opt/homebrew/Cellar/python@3.13/3.13.12_1/Frameworks/Python.framework/Versions/3.13/lib/python3.13/logging/__init__.py:1151: in emit
    msg = self.format(record)
/opt/homebrew/Cellar/python@3.13/3.13.12_1/Frameworks/Python.framework/Versions/3.13/lib/python3.13/logging/__init__.py:999: in format
    return fmt.format(record)
.venv/lib/python3.13/site-packages/_pytest/logging.py:139: in format
    return super().format(record)
/opt/homebrew/Cellar/python@3.13/3.13.12_1/Frameworks/Python.framework/Versions/3.13/lib/python3.13/logging/__init__.py:712: in format
    record.message = record.getMessage()
/opt/homebrew/Cellar/python@3.13/3.13.12_1/Frameworks/Python.framework/Versions/3.13/lib/python3.13/logging/__init__.py:400: in getMessage
    msg = msg % self.args
E   TypeError: %d format: a real number is required, not str
----------------------------- Captured stdout call -----------------------------
{"timestamp": "2026-03-14T15:17:27+0200", "level": "info", "name": "icons.registry", "message": "Ingesting icon pack from bytes", "logger": "icons.registry"}
----------------------------- Captured stderr call -----------------------------
--- Logging error ---
Traceback (most recent call last):
  File "/opt/homebrew/Cellar/python@3.13/3.13.12_1/Frameworks/Python.framework/Versions/3.13/lib/python3.13/logging/__init__.py", line 1151, in emit
    msg = self.format(record)
  File "/opt/homebrew/Cellar/python@3.13/3.13.12_1/Frameworks/Python.framework/Versions/3.13/lib/python3.13/logging/__init__.py", line 999, in format
    return fmt.format(record)
           ~~~~~~~~~~^^^^^^^^
  File "/Users/idokatz/VSCode/Archmorph/backend/.venv/lib/python3.13/site-packages/pythonjsonlogger/core.py", line 245, in format
    record.message = record.getMessage()
                     ~~~~~~~~~~~~~~~~~^^
  File "/opt/homebrew/Cellar/python@3.13/3.13.12_1/Frameworks/Python.framework/Versions/3.13/lib/python3.13/logging/__init__.py", line 400, in getMessage
    msg = msg % self.args
          ~~~~^~~~~~~~~~~
TypeError: %d format: a real number is required, not str
Call stack:
  File "/Users/idokatz/VSCode/Archmorph/backend/.venv/bin/pytest", line 6, in <module>
    sys.exit(console_main())
  File "/Users/idokatz/VSCode/Archmorph/backend/.venv/lib/python3.13/site-packages/_pytest/config/__init__.py", line 201, in console_main
    code = main()
  File "/Users/idokatz/VSCode/Archmorph/backend/.venv/lib/python3.13/site-packages/_pytest/config/__init__.py", line 175, in main
    ret: ExitCode | int = config.hook.pytest_cmdline_main(config=config)
  File "/Users/idokatz/VSCode/Archmorph/backend/.venv/lib/python3.13/site-packages/pluggy/_hooks.py", line 512, in __call__
    return self._hookexec(self.name, self._hookimpls.copy(), kwargs, firstresult)
  File "/Users/idokatz/VSCode/Archmorph/backend/.venv/lib/python3.13/site-packages/pluggy/_manager.py", line 120, in _hookexec
    return self._inner_hookexec(hook_name, methods, kwargs, firstresult)
  File "/Users/idokatz/VSCode/Archmorph/backend/.venv/lib/python3.13/site-packages/pluggy/_callers.py", line 121, in _multicall
    res = hook_impl.function(*args)
  File "/Users/idokatz/VSCode/Archmorph/backend/.venv/lib/python3.13/site-packages/_pytest/main.py", line 330, in pytest_cmdline_main
    return wrap_session(config, _main)
  File "/Users/idokatz/VSCode/Archmorph/backend/.venv/lib/python3.13/site-packages/_pytest/main.py", line 283, in wrap_session
    session.exitstatus = doit(config, session) or 0
  File "/Users/idokatz/VSCode/Archmorph/backend/.venv/lib/python3.13/site-packages/_pytest/main.py", line 337, in _main
    config.hook.pytest_runtestloop(session=session)
  File "/Users/idokatz/VSCode/Archmorph/backend/.venv/lib/python3.13/site-packages/pluggy/_hooks.py", line 512, in __call__
    return self._hookexec(self.name, self._hookimpls.copy(), kwargs, firstresult)
  File "/Users/idokatz/VSCode/Archmorph/backend/.venv/lib/python3.13/site-packages/pluggy/_manager.py", line 120, in _hookexec
    return self._inner_hookexec(hook_name, methods, kwargs, firstresult)
  File "/Users/idokatz/VSCode/Archmorph/backend/.venv/lib/python3.13/site-packages/pluggy/_callers.py", line 121, in _multicall
    res = hook_impl.function(*args)
  File "/Users/idokatz/VSCode/Archmorph/backend/.venv/lib/python3.13/site-packages/_pytest/main.py", line 362, in pytest_runtestloop
    item.config.hook.pytest_runtest_protocol(item=item, nextitem=nextitem)
  File "/Users/idokatz/VSCode/Archmorph/backend/.venv/lib/python3.13/site-packages/pluggy/_hooks.py", line 512, in __call__
    return self._hookexec(self.name, self._hookimpls.copy(), kwargs, firstresult)
  File "/Users/idokatz/VSCode/Archmorph/backend/.venv/lib/python3.13/site-packages/pluggy/_manager.py", line 120, in _hookexec
    return self._inner_hookexec(hook_name, methods, kwargs, firstresult)
  File "/Users/idokatz/VSCode/Archmorph/backend/.venv/lib/python3.13/site-packages/pluggy/_callers.py", line 121, in _multicall
    res = hook_impl.function(*args)
  File "/Users/idokatz/VSCode/Archmorph/backend/.venv/lib/python3.13/site-packages/_pytest/runner.py", line 113, in pytest_runtest_protocol
    runtestprotocol(item, nextitem=nextitem)
  File "/Users/idokatz/VSCode/Archmorph/backend/.venv/lib/python3.13/site-packages/_pytest/runner.py", line 132, in runtestprotocol
    reports.append(call_and_report(item, "call", log))
  File "/Users/idokatz/VSCode/Archmorph/backend/.venv/lib/python3.13/site-packages/_pytest/runner.py", line 241, in call_and_report
    call = CallInfo.from_call(
  File "/Users/idokatz/VSCode/Archmorph/backend/.venv/lib/python3.13/site-packages/_pytest/runner.py", line 341, in from_call
    result: TResult | None = func()
  File "/Users/idokatz/VSCode/Archmorph/backend/.venv/lib/python3.13/site-packages/_pytest/runner.py", line 242, in <lambda>
    lambda: runtest_hook(item=item, **kwds), when=when, reraise=reraise
  File "/Users/idokatz/VSCode/Archmorph/backend/.venv/lib/python3.13/site-packages/pluggy/_hooks.py", line 512, in __call__
    return self._hookexec(self.name, self._hookimpls.copy(), kwargs, firstresult)
  File "/Users/idokatz/VSCode/Archmorph/backend/.venv/lib/python3.13/site-packages/pluggy/_manager.py", line 120, in _hookexec
    return self._inner_hookexec(hook_name, methods, kwargs, firstresult)
  File "/Users/idokatz/VSCode/Archmorph/backend/.venv/lib/python3.13/site-packages/pluggy/_callers.py", line 121, in _multicall
    res = hook_impl.function(*args)
  File "/Users/idokatz/VSCode/Archmorph/backend/.venv/lib/python3.13/site-packages/_pytest/runner.py", line 174, in pytest_runtest_call
    item.runtest()
  File "/Users/idokatz/VSCode/Archmorph/backend/.venv/lib/python3.13/site-packages/_pytest/python.py", line 1627, in runtest
    self.ihook.pytest_pyfunc_call(pyfuncitem=self)
  File "/Users/idokatz/VSCode/Archmorph/backend/.venv/lib/python3.13/site-packages/pluggy/_hooks.py", line 512, in __call__
    return self._hookexec(self.name, self._hookimpls.copy(), kwargs, firstresult)
  File "/Users/idokatz/VSCode/Archmorph/backend/.venv/lib/python3.13/site-packages/pluggy/_manager.py", line 120, in _hookexec
    return self._inner_hookexec(hook_name, methods, kwargs, firstresult)
  File "/Users/idokatz/VSCode/Archmorph/backend/.venv/lib/python3.13/site-packages/pluggy/_callers.py", line 121, in _multicall
    res = hook_impl.function(*args)
  File "/Users/idokatz/VSCode/Archmorph/backend/.venv/lib/python3.13/site-packages/_pytest/python.py", line 159, in pytest_pyfunc_call
    result = testfunction(**testargs)
  File "/Users/idokatz/VSCode/Archmorph/backend/tests/test_icon_registry.py", line 304, in test_drawio_xml_valid
    registry.ingest_icon_pack(small_zip_pack, pack_id="dio-xml")
  File "/Users/idokatz/VSCode/Archmorph/backend/tests/../icons/registry.py", line 198, in ingest_icon_pack
    logger.info(
Message: "Icon pack '%s' ingested: %d icons, %d failed (%.2fs)"
Arguments: ('dio-xml', '1', '0', '0.0003774579963646829')
------------------------------ Captured log call -------------------------------
INFO     icons.registry:registry.py:115 Ingesting icon pack from bytes
_________________ TestDrawioBuilder.test_drawio_deterministic __________________
tests/test_icon_registry.py:314: in test_drawio_deterministic
    registry.ingest_icon_pack(small_zip_pack, pack_id="dio-det")
icons/registry.py:198: in ingest_icon_pack
    logger.info(
/opt/homebrew/Cellar/python@3.13/3.13.12_1/Frameworks/Python.framework/Versions/3.13/lib/python3.13/logging/__init__.py:1520: in info
    self._log(INFO, msg, args, **kwargs)
/opt/homebrew/Cellar/python@3.13/3.13.12_1/Frameworks/Python.framework/Versions/3.13/lib/python3.13/logging/__init__.py:1665: in _log
    self.handle(record)
/opt/homebrew/Cellar/python@3.13/3.13.12_1/Frameworks/Python.framework/Versions/3.13/lib/python3.13/logging/__init__.py:1681: in handle
    self.callHandlers(record)
/opt/homebrew/Cellar/python@3.13/3.13.12_1/Frameworks/Python.framework/Versions/3.13/lib/python3.13/logging/__init__.py:1737: in callHandlers
    hdlr.handle(record)
/opt/homebrew/Cellar/python@3.13/3.13.12_1/Frameworks/Python.framework/Versions/3.13/lib/python3.13/logging/__init__.py:1027: in handle
    self.emit(record)
.venv/lib/python3.13/site-packages/_pytest/logging.py:386: in emit
    super().emit(record)
/opt/homebrew/Cellar/python@3.13/3.13.12_1/Frameworks/Python.framework/Versions/3.13/lib/python3.13/logging/__init__.py:1159: in emit
    self.handleError(record)
/opt/homebrew/Cellar/python@3.13/3.13.12_1/Frameworks/Python.framework/Versions/3.13/lib/python3.13/logging/__init__.py:1151: in emit
    msg = self.format(record)
/opt/homebrew/Cellar/python@3.13/3.13.12_1/Frameworks/Python.framework/Versions/3.13/lib/python3.13/logging/__init__.py:999: in format
    return fmt.format(record)
.venv/lib/python3.13/site-packages/_pytest/logging.py:139: in format
    return super().format(record)
/opt/homebrew/Cellar/python@3.13/3.13.12_1/Frameworks/Python.framework/Versions/3.13/lib/python3.13/logging/__init__.py:712: in format
    record.message = record.getMessage()
/opt/homebrew/Cellar/python@3.13/3.13.12_1/Frameworks/Python.framework/Versions/3.13/lib/python3.13/logging/__init__.py:400: in getMessage
    msg = msg % self.args
E   TypeError: %d format: a real number is required, not str
----------------------------- Captured stdout call -----------------------------
{"timestamp": "2026-03-14T15:17:27+0200", "level": "info", "name": "icons.registry", "message": "Ingesting icon pack from bytes", "logger": "icons.registry"}
----------------------------- Captured stderr call -----------------------------
--- Logging error ---
Traceback (most recent call last):
  File "/opt/homebrew/Cellar/python@3.13/3.13.12_1/Frameworks/Python.framework/Versions/3.13/lib/python3.13/logging/__init__.py", line 1151, in emit
    msg = self.format(record)
  File "/opt/homebrew/Cellar/python@3.13/3.13.12_1/Frameworks/Python.framework/Versions/3.13/lib/python3.13/logging/__init__.py", line 999, in format
    return fmt.format(record)
           ~~~~~~~~~~^^^^^^^^
  File "/Users/idokatz/VSCode/Archmorph/backend/.venv/lib/python3.13/site-packages/pythonjsonlogger/core.py", line 245, in format
    record.message = record.getMessage()
                     ~~~~~~~~~~~~~~~~~^^
  File "/opt/homebrew/Cellar/python@3.13/3.13.12_1/Frameworks/Python.framework/Versions/3.13/lib/python3.13/logging/__init__.py", line 400, in getMessage
    msg = msg % self.args
          ~~~~^~~~~~~~~~~
TypeError: %d format: a real number is required, not str
Call stack:
  File "/Users/idokatz/VSCode/Archmorph/backend/.venv/bin/pytest", line 6, in <module>
    sys.exit(console_main())
  File "/Users/idokatz/VSCode/Archmorph/backend/.venv/lib/python3.13/site-packages/_pytest/config/__init__.py", line 201, in console_main
    code = main()
  File "/Users/idokatz/VSCode/Archmorph/backend/.venv/lib/python3.13/site-packages/_pytest/config/__init__.py", line 175, in main
    ret: ExitCode | int = config.hook.pytest_cmdline_main(config=config)
  File "/Users/idokatz/VSCode/Archmorph/backend/.venv/lib/python3.13/site-packages/pluggy/_hooks.py", line 512, in __call__
    return self._hookexec(self.name, self._hookimpls.copy(), kwargs, firstresult)
  File "/Users/idokatz/VSCode/Archmorph/backend/.venv/lib/python3.13/site-packages/pluggy/_manager.py", line 120, in _hookexec
    return self._inner_hookexec(hook_name, methods, kwargs, firstresult)
  File "/Users/idokatz/VSCode/Archmorph/backend/.venv/lib/python3.13/site-packages/pluggy/_callers.py", line 121, in _multicall
    res = hook_impl.function(*args)
  File "/Users/idokatz/VSCode/Archmorph/backend/.venv/lib/python3.13/site-packages/_pytest/main.py", line 330, in pytest_cmdline_main
    return wrap_session(config, _main)
  File "/Users/idokatz/VSCode/Archmorph/backend/.venv/lib/python3.13/site-packages/_pytest/main.py", line 283, in wrap_session
    session.exitstatus = doit(config, session) or 0
  File "/Users/idokatz/VSCode/Archmorph/backend/.venv/lib/python3.13/site-packages/_pytest/main.py", line 337, in _main
    config.hook.pytest_runtestloop(session=session)
  File "/Users/idokatz/VSCode/Archmorph/backend/.venv/lib/python3.13/site-packages/pluggy/_hooks.py", line 512, in __call__
    return self._hookexec(self.name, self._hookimpls.copy(), kwargs, firstresult)
  File "/Users/idokatz/VSCode/Archmorph/backend/.venv/lib/python3.13/site-packages/pluggy/_manager.py", line 120, in _hookexec
    return self._inner_hookexec(hook_name, methods, kwargs, firstresult)
  File "/Users/idokatz/VSCode/Archmorph/backend/.venv/lib/python3.13/site-packages/pluggy/_callers.py", line 121, in _multicall
    res = hook_impl.function(*args)
  File "/Users/idokatz/VSCode/Archmorph/backend/.venv/lib/python3.13/site-packages/_pytest/main.py", line 362, in pytest_runtestloop
    item.config.hook.pytest_runtest_protocol(item=item, nextitem=nextitem)
  File "/Users/idokatz/VSCode/Archmorph/backend/.venv/lib/python3.13/site-packages/pluggy/_hooks.py", line 512, in __call__
    return self._hookexec(self.name, self._hookimpls.copy(), kwargs, firstresult)
  File "/Users/idokatz/VSCode/Archmorph/backend/.venv/lib/python3.13/site-packages/pluggy/_manager.py", line 120, in _hookexec
    return self._inner_hookexec(hook_name, methods, kwargs, firstresult)
  File "/Users/idokatz/VSCode/Archmorph/backend/.venv/lib/python3.13/site-packages/pluggy/_callers.py", line 121, in _multicall
    res = hook_impl.function(*args)
  File "/Users/idokatz/VSCode/Archmorph/backend/.venv/lib/python3.13/site-packages/_pytest/runner.py", line 113, in pytest_runtest_protocol
    runtestprotocol(item, nextitem=nextitem)
  File "/Users/idokatz/VSCode/Archmorph/backend/.venv/lib/python3.13/site-packages/_pytest/runner.py", line 132, in runtestprotocol
    reports.append(call_and_report(item, "call", log))
  File "/Users/idokatz/VSCode/Archmorph/backend/.venv/lib/python3.13/site-packages/_pytest/runner.py", line 241, in call_and_report
    call = CallInfo.from_call(
  File "/Users/idokatz/VSCode/Archmorph/backend/.venv/lib/python3.13/site-packages/_pytest/runner.py", line 341, in from_call
    result: TResult | None = func()
  File "/Users/idokatz/VSCode/Archmorph/backend/.venv/lib/python3.13/site-packages/_pytest/runner.py", line 242, in <lambda>
    lambda: runtest_hook(item=item, **kwds), when=when, reraise=reraise
  File "/Users/idokatz/VSCode/Archmorph/backend/.venv/lib/python3.13/site-packages/pluggy/_hooks.py", line 512, in __call__
    return self._hookexec(self.name, self._hookimpls.copy(), kwargs, firstresult)
  File "/Users/idokatz/VSCode/Archmorph/backend/.venv/lib/python3.13/site-packages/pluggy/_manager.py", line 120, in _hookexec
    return self._inner_hookexec(hook_name, methods, kwargs, firstresult)
  File "/Users/idokatz/VSCode/Archmorph/backend/.venv/lib/python3.13/site-packages/pluggy/_callers.py", line 121, in _multicall
    res = hook_impl.function(*args)
  File "/Users/idokatz/VSCode/Archmorph/backend/.venv/lib/python3.13/site-packages/_pytest/runner.py", line 174, in pytest_runtest_call
    item.runtest()
  File "/Users/idokatz/VSCode/Archmorph/backend/.venv/lib/python3.13/site-packages/_pytest/python.py", line 1627, in runtest
    self.ihook.pytest_pyfunc_call(pyfuncitem=self)
  File "/Users/idokatz/VSCode/Archmorph/backend/.venv/lib/python3.13/site-packages/pluggy/_hooks.py", line 512, in __call__
    return self._hookexec(self.name, self._hookimpls.copy(), kwargs, firstresult)
  File "/Users/idokatz/VSCode/Archmorph/backend/.venv/lib/python3.13/site-packages/pluggy/_manager.py", line 120, in _hookexec
    return self._inner_hookexec(hook_name, methods, kwargs, firstresult)
  File "/Users/idokatz/VSCode/Archmorph/backend/.venv/lib/python3.13/site-packages/pluggy/_callers.py", line 121, in _multicall
    res = hook_impl.function(*args)
  File "/Users/idokatz/VSCode/Archmorph/backend/.venv/lib/python3.13/site-packages/_pytest/python.py", line 159, in pytest_pyfunc_call
    result = testfunction(**testargs)
  File "/Users/idokatz/VSCode/Archmorph/backend/tests/test_icon_registry.py", line 314, in test_drawio_deterministic
    registry.ingest_icon_pack(small_zip_pack, pack_id="dio-det")
  File "/Users/idokatz/VSCode/Archmorph/backend/tests/../icons/registry.py", line 198, in ingest_icon_pack
    logger.info(
Message: "Icon pack '%s' ingested: %d icons, %d failed (%.2fs)"
Arguments: ('dio-det', '1', '0', '0.000375666975742206')
------------------------------ Captured log call -------------------------------
INFO     icons.registry:registry.py:115 Ingesting icon pack from bytes
_________________ TestExcalidrawBuilder.test_excalidraw_schema _________________
tests/test_icon_registry.py:330: in test_excalidraw_schema
    registry.ingest_icon_pack(small_zip_pack, pack_id="exc-1")
icons/registry.py:198: in ingest_icon_pack
    logger.info(
/opt/homebrew/Cellar/python@3.13/3.13.12_1/Frameworks/Python.framework/Versions/3.13/lib/python3.13/logging/__init__.py:1520: in info
    self._log(INFO, msg, args, **kwargs)
/opt/homebrew/Cellar/python@3.13/3.13.12_1/Frameworks/Python.framework/Versions/3.13/lib/python3.13/logging/__init__.py:1665: in _log
    self.handle(record)
/opt/homebrew/Cellar/python@3.13/3.13.12_1/Frameworks/Python.framework/Versions/3.13/lib/python3.13/logging/__init__.py:1681: in handle
    self.callHandlers(record)
/opt/homebrew/Cellar/python@3.13/3.13.12_1/Frameworks/Python.framework/Versions/3.13/lib/python3.13/logging/__init__.py:1737: in callHandlers
    hdlr.handle(record)
/opt/homebrew/Cellar/python@3.13/3.13.12_1/Frameworks/Python.framework/Versions/3.13/lib/python3.13/logging/__init__.py:1027: in handle
    self.emit(record)
.venv/lib/python3.13/site-packages/_pytest/logging.py:386: in emit
    super().emit(record)
/opt/homebrew/Cellar/python@3.13/3.13.12_1/Frameworks/Python.framework/Versions/3.13/lib/python3.13/logging/__init__.py:1159: in emit
    self.handleError(record)
/opt/homebrew/Cellar/python@3.13/3.13.12_1/Frameworks/Python.framework/Versions/3.13/lib/python3.13/logging/__init__.py:1151: in emit
    msg = self.format(record)
/opt/homebrew/Cellar/python@3.13/3.13.12_1/Frameworks/Python.framework/Versions/3.13/lib/python3.13/logging/__init__.py:999: in format
    return fmt.format(record)
.venv/lib/python3.13/site-packages/_pytest/logging.py:139: in format
    return super().format(record)
/opt/homebrew/Cellar/python@3.13/3.13.12_1/Frameworks/Python.framework/Versions/3.13/lib/python3.13/logging/__init__.py:712: in format
    record.message = record.getMessage()
/opt/homebrew/Cellar/python@3.13/3.13.12_1/Frameworks/Python.framework/Versions/3.13/lib/python3.13/logging/__init__.py:400: in getMessage
    msg = msg % self.args
E   TypeError: %d format: a real number is required, not str
----------------------------- Captured stdout call -----------------------------
{"timestamp": "2026-03-14T15:17:28+0200", "level": "info", "name": "icons.registry", "message": "Ingesting icon pack from bytes", "logger": "icons.registry"}
----------------------------- Captured stderr call -----------------------------
--- Logging error ---
Traceback (most recent call last):
  File "/opt/homebrew/Cellar/python@3.13/3.13.12_1/Frameworks/Python.framework/Versions/3.13/lib/python3.13/logging/__init__.py", line 1151, in emit
    msg = self.format(record)
  File "/opt/homebrew/Cellar/python@3.13/3.13.12_1/Frameworks/Python.framework/Versions/3.13/lib/python3.13/logging/__init__.py", line 999, in format
    return fmt.format(record)
           ~~~~~~~~~~^^^^^^^^
  File "/Users/idokatz/VSCode/Archmorph/backend/.venv/lib/python3.13/site-packages/pythonjsonlogger/core.py", line 245, in format
    record.message = record.getMessage()
                     ~~~~~~~~~~~~~~~~~^^
  File "/opt/homebrew/Cellar/python@3.13/3.13.12_1/Frameworks/Python.framework/Versions/3.13/lib/python3.13/logging/__init__.py", line 400, in getMessage
    msg = msg % self.args
          ~~~~^~~~~~~~~~~
TypeError: %d format: a real number is required, not str
Call stack:
  File "/Users/idokatz/VSCode/Archmorph/backend/.venv/bin/pytest", line 6, in <module>
    sys.exit(console_main())
  File "/Users/idokatz/VSCode/Archmorph/backend/.venv/lib/python3.13/site-packages/_pytest/config/__init__.py", line 201, in console_main
    code = main()
  File "/Users/idokatz/VSCode/Archmorph/backend/.venv/lib/python3.13/site-packages/_pytest/config/__init__.py", line 175, in main
    ret: ExitCode | int = config.hook.pytest_cmdline_main(config=config)
  File "/Users/idokatz/VSCode/Archmorph/backend/.venv/lib/python3.13/site-packages/pluggy/_hooks.py", line 512, in __call__
    return self._hookexec(self.name, self._hookimpls.copy(), kwargs, firstresult)
  File "/Users/idokatz/VSCode/Archmorph/backend/.venv/lib/python3.13/site-packages/pluggy/_manager.py", line 120, in _hookexec
    return self._inner_hookexec(hook_name, methods, kwargs, firstresult)
  File "/Users/idokatz/VSCode/Archmorph/backend/.venv/lib/python3.13/site-packages/pluggy/_callers.py", line 121, in _multicall
    res = hook_impl.function(*args)
  File "/Users/idokatz/VSCode/Archmorph/backend/.venv/lib/python3.13/site-packages/_pytest/main.py", line 330, in pytest_cmdline_main
    return wrap_session(config, _main)
  File "/Users/idokatz/VSCode/Archmorph/backend/.venv/lib/python3.13/site-packages/_pytest/main.py", line 283, in wrap_session
    session.exitstatus = doit(config, session) or 0
  File "/Users/idokatz/VSCode/Archmorph/backend/.venv/lib/python3.13/site-packages/_pytest/main.py", line 337, in _main
    config.hook.pytest_runtestloop(session=session)
  File "/Users/idokatz/VSCode/Archmorph/backend/.venv/lib/python3.13/site-packages/pluggy/_hooks.py", line 512, in __call__
    return self._hookexec(self.name, self._hookimpls.copy(), kwargs, firstresult)
  File "/Users/idokatz/VSCode/Archmorph/backend/.venv/lib/python3.13/site-packages/pluggy/_manager.py", line 120, in _hookexec
    return self._inner_hookexec(hook_name, methods, kwargs, firstresult)
  File "/Users/idokatz/VSCode/Archmorph/backend/.venv/lib/python3.13/site-packages/pluggy/_callers.py", line 121, in _multicall
    res = hook_impl.function(*args)
  File "/Users/idokatz/VSCode/Archmorph/backend/.venv/lib/python3.13/site-packages/_pytest/main.py", line 362, in pytest_runtestloop
    item.config.hook.pytest_runtest_protocol(item=item, nextitem=nextitem)
  File "/Users/idokatz/VSCode/Archmorph/backend/.venv/lib/python3.13/site-packages/pluggy/_hooks.py", line 512, in __call__
    return self._hookexec(self.name, self._hookimpls.copy(), kwargs, firstresult)
  File "/Users/idokatz/VSCode/Archmorph/backend/.venv/lib/python3.13/site-packages/pluggy/_manager.py", line 120, in _hookexec
    return self._inner_hookexec(hook_name, methods, kwargs, firstresult)
  File "/Users/idokatz/VSCode/Archmorph/backend/.venv/lib/python3.13/site-packages/pluggy/_callers.py", line 121, in _multicall
    res = hook_impl.function(*args)
  File "/Users/idokatz/VSCode/Archmorph/backend/.venv/lib/python3.13/site-packages/_pytest/runner.py", line 113, in pytest_runtest_protocol
    runtestprotocol(item, nextitem=nextitem)
  File "/Users/idokatz/VSCode/Archmorph/backend/.venv/lib/python3.13/site-packages/_pytest/runner.py", line 132, in runtestprotocol
    reports.append(call_and_report(item, "call", log))
  File "/Users/idokatz/VSCode/Archmorph/backend/.venv/lib/python3.13/site-packages/_pytest/runner.py", line 241, in call_and_report
    call = CallInfo.from_call(
  File "/Users/idokatz/VSCode/Archmorph/backend/.venv/lib/python3.13/site-packages/_pytest/runner.py", line 341, in from_call
    result: TResult | None = func()
  File "/Users/idokatz/VSCode/Archmorph/backend/.venv/lib/python3.13/site-packages/_pytest/runner.py", line 242, in <lambda>
    lambda: runtest_hook(item=item, **kwds), when=when, reraise=reraise
  File "/Users/idokatz/VSCode/Archmorph/backend/.venv/lib/python3.13/site-packages/pluggy/_hooks.py", line 512, in __call__
    return self._hookexec(self.name, self._hookimpls.copy(), kwargs, firstresult)
  File "/Users/idokatz/VSCode/Archmorph/backend/.venv/lib/python3.13/site-packages/pluggy/_manager.py", line 120, in _hookexec
    return self._inner_hookexec(hook_name, methods, kwargs, firstresult)
  File "/Users/idokatz/VSCode/Archmorph/backend/.venv/lib/python3.13/site-packages/pluggy/_callers.py", line 121, in _multicall
    res = hook_impl.function(*args)
  File "/Users/idokatz/VSCode/Archmorph/backend/.venv/lib/python3.13/site-packages/_pytest/runner.py", line 174, in pytest_runtest_call
    item.runtest()
  File "/Users/idokatz/VSCode/Archmorph/backend/.venv/lib/python3.13/site-packages/_pytest/python.py", line 1627, in runtest
    self.ihook.pytest_pyfunc_call(pyfuncitem=self)
  File "/Users/idokatz/VSCode/Archmorph/backend/.venv/lib/python3.13/site-packages/pluggy/_hooks.py", line 512, in __call__
    return self._hookexec(self.name, self._hookimpls.copy(), kwargs, firstresult)
  File "/Users/idokatz/VSCode/Archmorph/backend/.venv/lib/python3.13/site-packages/pluggy/_manager.py", line 120, in _hookexec
    return self._inner_hookexec(hook_name, methods, kwargs, firstresult)
  File "/Users/idokatz/VSCode/Archmorph/backend/.venv/lib/python3.13/site-packages/pluggy/_callers.py", line 121, in _multicall
    res = hook_impl.function(*args)
  File "/Users/idokatz/VSCode/Archmorph/backend/.venv/lib/python3.13/site-packages/_pytest/python.py", line 159, in pytest_pyfunc_call
    result = testfunction(**testargs)
  File "/Users/idokatz/VSCode/Archmorph/backend/tests/test_icon_registry.py", line 330, in test_excalidraw_schema
    registry.ingest_icon_pack(small_zip_pack, pack_id="exc-1")
  File "/Users/idokatz/VSCode/Archmorph/backend/tests/../icons/registry.py", line 198, in ingest_icon_pack
    logger.info(
Message: "Icon pack '%s' ingested: %d icons, %d failed (%.2fs)"
Arguments: ('exc-1', '1', '0', '0.0003653750172816217')
------------------------------ Captured log call -------------------------------
INFO     icons.registry:registry.py:115 Ingesting icon pack from bytes
_____________ TestExcalidrawBuilder.test_excalidraw_item_structure _____________
tests/test_icon_registry.py:340: in test_excalidraw_item_structure
    registry.ingest_icon_pack(small_zip_pack, pack_id="exc-2")
icons/registry.py:198: in ingest_icon_pack
    logger.info(
/opt/homebrew/Cellar/python@3.13/3.13.12_1/Frameworks/Python.framework/Versions/3.13/lib/python3.13/logging/__init__.py:1520: in info
    self._log(INFO, msg, args, **kwargs)
/opt/homebrew/Cellar/python@3.13/3.13.12_1/Frameworks/Python.framework/Versions/3.13/lib/python3.13/logging/__init__.py:1665: in _log
    self.handle(record)
/opt/homebrew/Cellar/python@3.13/3.13.12_1/Frameworks/Python.framework/Versions/3.13/lib/python3.13/logging/__init__.py:1681: in handle
    self.callHandlers(record)
/opt/homebrew/Cellar/python@3.13/3.13.12_1/Frameworks/Python.framework/Versions/3.13/lib/python3.13/logging/__init__.py:1737: in callHandlers
    hdlr.handle(record)
/opt/homebrew/Cellar/python@3.13/3.13.12_1/Frameworks/Python.framework/Versions/3.13/lib/python3.13/logging/__init__.py:1027: in handle
    self.emit(record)
.venv/lib/python3.13/site-packages/_pytest/logging.py:386: in emit
    super().emit(record)
/opt/homebrew/Cellar/python@3.13/3.13.12_1/Frameworks/Python.framework/Versions/3.13/lib/python3.13/logging/__init__.py:1159: in emit
    self.handleError(record)
/opt/homebrew/Cellar/python@3.13/3.13.12_1/Frameworks/Python.framework/Versions/3.13/lib/python3.13/logging/__init__.py:1151: in emit
    msg = self.format(record)
/opt/homebrew/Cellar/python@3.13/3.13.12_1/Frameworks/Python.framework/Versions/3.13/lib/python3.13/logging/__init__.py:999: in format
    return fmt.format(record)
.venv/lib/python3.13/site-packages/_pytest/logging.py:139: in format
    return super().format(record)
/opt/homebrew/Cellar/python@3.13/3.13.12_1/Frameworks/Python.framework/Versions/3.13/lib/python3.13/logging/__init__.py:712: in format
    record.message = record.getMessage()
/opt/homebrew/Cellar/python@3.13/3.13.12_1/Frameworks/Python.framework/Versions/3.13/lib/python3.13/logging/__init__.py:400: in getMessage
    msg = msg % self.args
E   TypeError: %d format: a real number is required, not str
----------------------------- Captured stdout call -----------------------------
{"timestamp": "2026-03-14T15:17:28+0200", "level": "info", "name": "icons.registry", "message": "Ingesting icon pack from bytes", "logger": "icons.registry"}
----------------------------- Captured stderr call -----------------------------
--- Logging error ---
Traceback (most recent call last):
  File "/opt/homebrew/Cellar/python@3.13/3.13.12_1/Frameworks/Python.framework/Versions/3.13/lib/python3.13/logging/__init__.py", line 1151, in emit
    msg = self.format(record)
  File "/opt/homebrew/Cellar/python@3.13/3.13.12_1/Frameworks/Python.framework/Versions/3.13/lib/python3.13/logging/__init__.py", line 999, in format
    return fmt.format(record)
           ~~~~~~~~~~^^^^^^^^
  File "/Users/idokatz/VSCode/Archmorph/backend/.venv/lib/python3.13/site-packages/pythonjsonlogger/core.py", line 245, in format
    record.message = record.getMessage()
                     ~~~~~~~~~~~~~~~~~^^
  File "/opt/homebrew/Cellar/python@3.13/3.13.12_1/Frameworks/Python.framework/Versions/3.13/lib/python3.13/logging/__init__.py", line 400, in getMessage
    msg = msg % self.args
          ~~~~^~~~~~~~~~~
TypeError: %d format: a real number is required, not str
Call stack:
  File "/Users/idokatz/VSCode/Archmorph/backend/.venv/bin/pytest", line 6, in <module>
    sys.exit(console_main())
  File "/Users/idokatz/VSCode/Archmorph/backend/.venv/lib/python3.13/site-packages/_pytest/config/__init__.py", line 201, in console_main
    code = main()
  File "/Users/idokatz/VSCode/Archmorph/backend/.venv/lib/python3.13/site-packages/_pytest/config/__init__.py", line 175, in main
    ret: ExitCode | int = config.hook.pytest_cmdline_main(config=config)
  File "/Users/idokatz/VSCode/Archmorph/backend/.venv/lib/python3.13/site-packages/pluggy/_hooks.py", line 512, in __call__
    return self._hookexec(self.name, self._hookimpls.copy(), kwargs, firstresult)
  File "/Users/idokatz/VSCode/Archmorph/backend/.venv/lib/python3.13/site-packages/pluggy/_manager.py", line 120, in _hookexec
    return self._inner_hookexec(hook_name, methods, kwargs, firstresult)
  File "/Users/idokatz/VSCode/Archmorph/backend/.venv/lib/python3.13/site-packages/pluggy/_callers.py", line 121, in _multicall
    res = hook_impl.function(*args)
  File "/Users/idokatz/VSCode/Archmorph/backend/.venv/lib/python3.13/site-packages/_pytest/main.py", line 330, in pytest_cmdline_main
    return wrap_session(config, _main)
  File "/Users/idokatz/VSCode/Archmorph/backend/.venv/lib/python3.13/site-packages/_pytest/main.py", line 283, in wrap_session
    session.exitstatus = doit(config, session) or 0
  File "/Users/idokatz/VSCode/Archmorph/backend/.venv/lib/python3.13/site-packages/_pytest/main.py", line 337, in _main
    config.hook.pytest_runtestloop(session=session)
  File "/Users/idokatz/VSCode/Archmorph/backend/.venv/lib/python3.13/site-packages/pluggy/_hooks.py", line 512, in __call__
    return self._hookexec(self.name, self._hookimpls.copy(), kwargs, firstresult)
  File "/Users/idokatz/VSCode/Archmorph/backend/.venv/lib/python3.13/site-packages/pluggy/_manager.py", line 120, in _hookexec
    return self._inner_hookexec(hook_name, methods, kwargs, firstresult)
  File "/Users/idokatz/VSCode/Archmorph/backend/.venv/lib/python3.13/site-packages/pluggy/_callers.py", line 121, in _multicall
    res = hook_impl.function(*args)
  File "/Users/idokatz/VSCode/Archmorph/backend/.venv/lib/python3.13/site-packages/_pytest/main.py", line 362, in pytest_runtestloop
    item.config.hook.pytest_runtest_protocol(item=item, nextitem=nextitem)
  File "/Users/idokatz/VSCode/Archmorph/backend/.venv/lib/python3.13/site-packages/pluggy/_hooks.py", line 512, in __call__
    return self._hookexec(self.name, self._hookimpls.copy(), kwargs, firstresult)
  File "/Users/idokatz/VSCode/Archmorph/backend/.venv/lib/python3.13/site-packages/pluggy/_manager.py", line 120, in _hookexec
    return self._inner_hookexec(hook_name, methods, kwargs, firstresult)
  File "/Users/idokatz/VSCode/Archmorph/backend/.venv/lib/python3.13/site-packages/pluggy/_callers.py", line 121, in _multicall
    res = hook_impl.function(*args)
  File "/Users/idokatz/VSCode/Archmorph/backend/.venv/lib/python3.13/site-packages/_pytest/runner.py", line 113, in pytest_runtest_protocol
    runtestprotocol(item, nextitem=nextitem)
  File "/Users/idokatz/VSCode/Archmorph/backend/.venv/lib/python3.13/site-packages/_pytest/runner.py", line 132, in runtestprotocol
    reports.append(call_and_report(item, "call", log))
  File "/Users/idokatz/VSCode/Archmorph/backend/.venv/lib/python3.13/site-packages/_pytest/runner.py", line 241, in call_and_report
    call = CallInfo.from_call(
  File "/Users/idokatz/VSCode/Archmorph/backend/.venv/lib/python3.13/site-packages/_pytest/runner.py", line 341, in from_call
    result: TResult | None = func()
  File "/Users/idokatz/VSCode/Archmorph/backend/.venv/lib/python3.13/site-packages/_pytest/runner.py", line 242, in <lambda>
    lambda: runtest_hook(item=item, **kwds), when=when, reraise=reraise
  File "/Users/idokatz/VSCode/Archmorph/backend/.venv/lib/python3.13/site-packages/pluggy/_hooks.py", line 512, in __call__
    return self._hookexec(self.name, self._hookimpls.copy(), kwargs, firstresult)
  File "/Users/idokatz/VSCode/Archmorph/backend/.venv/lib/python3.13/site-packages/pluggy/_manager.py", line 120, in _hookexec
    return self._inner_hookexec(hook_name, methods, kwargs, firstresult)
  File "/Users/idokatz/VSCode/Archmorph/backend/.venv/lib/python3.13/site-packages/pluggy/_callers.py", line 121, in _multicall
    res = hook_impl.function(*args)
  File "/Users/idokatz/VSCode/Archmorph/backend/.venv/lib/python3.13/site-packages/_pytest/runner.py", line 174, in pytest_runtest_call
    item.runtest()
  File "/Users/idokatz/VSCode/Archmorph/backend/.venv/lib/python3.13/site-packages/_pytest/python.py", line 1627, in runtest
    self.ihook.pytest_pyfunc_call(pyfuncitem=self)
  File "/Users/idokatz/VSCode/Archmorph/backend/.venv/lib/python3.13/site-packages/pluggy/_hooks.py", line 512, in __call__
    return self._hookexec(self.name, self._hookimpls.copy(), kwargs, firstresult)
  File "/Users/idokatz/VSCode/Archmorph/backend/.venv/lib/python3.13/site-packages/pluggy/_manager.py", line 120, in _hookexec
    return self._inner_hookexec(hook_name, methods, kwargs, firstresult)
  File "/Users/idokatz/VSCode/Archmorph/backend/.venv/lib/python3.13/site-packages/pluggy/_callers.py", line 121, in _multicall
    res = hook_impl.function(*args)
  File "/Users/idokatz/VSCode/Archmorph/backend/.venv/lib/python3.13/site-packages/_pytest/python.py", line 159, in pytest_pyfunc_call
    result = testfunction(**testargs)
  File "/Users/idokatz/VSCode/Archmorph/backend/tests/test_icon_registry.py", line 340, in test_excalidraw_item_structure
    registry.ingest_icon_pack(small_zip_pack, pack_id="exc-2")
  File "/Users/idokatz/VSCode/Archmorph/backend/tests/../icons/registry.py", line 198, in ingest_icon_pack
    logger.info(
Message: "Icon pack '%s' ingested: %d icons, %d failed (%.2fs)"
Arguments: ('exc-2', '1', '0', '0.000377499993192032')
------------------------------ Captured log call -------------------------------
INFO     icons.registry:registry.py:115 Ingesting icon pack from bytes
_______________ TestExcalidrawBuilder.test_excalidraw_has_files ________________
tests/test_icon_registry.py:352: in test_excalidraw_has_files
    registry.ingest_icon_pack(small_zip_pack, pack_id="exc-3")
icons/registry.py:198: in ingest_icon_pack
    logger.info(
/opt/homebrew/Cellar/python@3.13/3.13.12_1/Frameworks/Python.framework/Versions/3.13/lib/python3.13/logging/__init__.py:1520: in info
    self._log(INFO, msg, args, **kwargs)
/opt/homebrew/Cellar/python@3.13/3.13.12_1/Frameworks/Python.framework/Versions/3.13/lib/python3.13/logging/__init__.py:1665: in _log
    self.handle(record)
/opt/homebrew/Cellar/python@3.13/3.13.12_1/Frameworks/Python.framework/Versions/3.13/lib/python3.13/logging/__init__.py:1681: in handle
    self.callHandlers(record)
/opt/homebrew/Cellar/python@3.13/3.13.12_1/Frameworks/Python.framework/Versions/3.13/lib/python3.13/logging/__init__.py:1737: in callHandlers
    hdlr.handle(record)
/opt/homebrew/Cellar/python@3.13/3.13.12_1/Frameworks/Python.framework/Versions/3.13/lib/python3.13/logging/__init__.py:1027: in handle
    self.emit(record)
.venv/lib/python3.13/site-packages/_pytest/logging.py:386: in emit
    super().emit(record)
/opt/homebrew/Cellar/python@3.13/3.13.12_1/Frameworks/Python.framework/Versions/3.13/lib/python3.13/logging/__init__.py:1159: in emit
    self.handleError(record)
/opt/homebrew/Cellar/python@3.13/3.13.12_1/Frameworks/Python.framework/Versions/3.13/lib/python3.13/logging/__init__.py:1151: in emit
    msg = self.format(record)
/opt/homebrew/Cellar/python@3.13/3.13.12_1/Frameworks/Python.framework/Versions/3.13/lib/python3.13/logging/__init__.py:999: in format
    return fmt.format(record)
.venv/lib/python3.13/site-packages/_pytest/logging.py:139: in format
    return super().format(record)
/opt/homebrew/Cellar/python@3.13/3.13.12_1/Frameworks/Python.framework/Versions/3.13/lib/python3.13/logging/__init__.py:712: in format
    record.message = record.getMessage()
/opt/homebrew/Cellar/python@3.13/3.13.12_1/Frameworks/Python.framework/Versions/3.13/lib/python3.13/logging/__init__.py:400: in getMessage
    msg = msg % self.args
E   TypeError: %d format: a real number is required, not str
----------------------------- Captured stdout call -----------------------------
{"timestamp": "2026-03-14T15:17:28+0200", "level": "info", "name": "icons.registry", "message": "Ingesting icon pack from bytes", "logger": "icons.registry"}
----------------------------- Captured stderr call -----------------------------
--- Logging error ---
Traceback (most recent call last):
  File "/opt/homebrew/Cellar/python@3.13/3.13.12_1/Frameworks/Python.framework/Versions/3.13/lib/python3.13/logging/__init__.py", line 1151, in emit
    msg = self.format(record)
  File "/opt/homebrew/Cellar/python@3.13/3.13.12_1/Frameworks/Python.framework/Versions/3.13/lib/python3.13/logging/__init__.py", line 999, in format
    return fmt.format(record)
           ~~~~~~~~~~^^^^^^^^
  File "/Users/idokatz/VSCode/Archmorph/backend/.venv/lib/python3.13/site-packages/pythonjsonlogger/core.py", line 245, in format
    record.message = record.getMessage()
                     ~~~~~~~~~~~~~~~~~^^
  File "/opt/homebrew/Cellar/python@3.13/3.13.12_1/Frameworks/Python.framework/Versions/3.13/lib/python3.13/logging/__init__.py", line 400, in getMessage
    msg = msg % self.args
          ~~~~^~~~~~~~~~~
TypeError: %d format: a real number is required, not str
Call stack:
  File "/Users/idokatz/VSCode/Archmorph/backend/.venv/bin/pytest", line 6, in <module>
    sys.exit(console_main())
  File "/Users/idokatz/VSCode/Archmorph/backend/.venv/lib/python3.13/site-packages/_pytest/config/__init__.py", line 201, in console_main
    code = main()
  File "/Users/idokatz/VSCode/Archmorph/backend/.venv/lib/python3.13/site-packages/_pytest/config/__init__.py", line 175, in main
    ret: ExitCode | int = config.hook.pytest_cmdline_main(config=config)
  File "/Users/idokatz/VSCode/Archmorph/backend/.venv/lib/python3.13/site-packages/pluggy/_hooks.py", line 512, in __call__
    return self._hookexec(self.name, self._hookimpls.copy(), kwargs, firstresult)
  File "/Users/idokatz/VSCode/Archmorph/backend/.venv/lib/python3.13/site-packages/pluggy/_manager.py", line 120, in _hookexec
    return self._inner_hookexec(hook_name, methods, kwargs, firstresult)
  File "/Users/idokatz/VSCode/Archmorph/backend/.venv/lib/python3.13/site-packages/pluggy/_callers.py", line 121, in _multicall
    res = hook_impl.function(*args)
  File "/Users/idokatz/VSCode/Archmorph/backend/.venv/lib/python3.13/site-packages/_pytest/main.py", line 330, in pytest_cmdline_main
    return wrap_session(config, _main)
  File "/Users/idokatz/VSCode/Archmorph/backend/.venv/lib/python3.13/site-packages/_pytest/main.py", line 283, in wrap_session
    session.exitstatus = doit(config, session) or 0
  File "/Users/idokatz/VSCode/Archmorph/backend/.venv/lib/python3.13/site-packages/_pytest/main.py", line 337, in _main
    config.hook.pytest_runtestloop(session=session)
  File "/Users/idokatz/VSCode/Archmorph/backend/.venv/lib/python3.13/site-packages/pluggy/_hooks.py", line 512, in __call__
    return self._hookexec(self.name, self._hookimpls.copy(), kwargs, firstresult)
  File "/Users/idokatz/VSCode/Archmorph/backend/.venv/lib/python3.13/site-packages/pluggy/_manager.py", line 120, in _hookexec
    return self._inner_hookexec(hook_name, methods, kwargs, firstresult)
  File "/Users/idokatz/VSCode/Archmorph/backend/.venv/lib/python3.13/site-packages/pluggy/_callers.py", line 121, in _multicall
    res = hook_impl.function(*args)
  File "/Users/idokatz/VSCode/Archmorph/backend/.venv/lib/python3.13/site-packages/_pytest/main.py", line 362, in pytest_runtestloop
    item.config.hook.pytest_runtest_protocol(item=item, nextitem=nextitem)
  File "/Users/idokatz/VSCode/Archmorph/backend/.venv/lib/python3.13/site-packages/pluggy/_hooks.py", line 512, in __call__
    return self._hookexec(self.name, self._hookimpls.copy(), kwargs, firstresult)
  File "/Users/idokatz/VSCode/Archmorph/backend/.venv/lib/python3.13/site-packages/pluggy/_manager.py", line 120, in _hookexec
    return self._inner_hookexec(hook_name, methods, kwargs, firstresult)
  File "/Users/idokatz/VSCode/Archmorph/backend/.venv/lib/python3.13/site-packages/pluggy/_callers.py", line 121, in _multicall
    res = hook_impl.function(*args)
  File "/Users/idokatz/VSCode/Archmorph/backend/.venv/lib/python3.13/site-packages/_pytest/runner.py", line 113, in pytest_runtest_protocol
    runtestprotocol(item, nextitem=nextitem)
  File "/Users/idokatz/VSCode/Archmorph/backend/.venv/lib/python3.13/site-packages/_pytest/runner.py", line 132, in runtestprotocol
    reports.append(call_and_report(item, "call", log))
  File "/Users/idokatz/VSCode/Archmorph/backend/.venv/lib/python3.13/site-packages/_pytest/runner.py", line 241, in call_and_report
    call = CallInfo.from_call(
  File "/Users/idokatz/VSCode/Archmorph/backend/.venv/lib/python3.13/site-packages/_pytest/runner.py", line 341, in from_call
    result: TResult | None = func()
  File "/Users/idokatz/VSCode/Archmorph/backend/.venv/lib/python3.13/site-packages/_pytest/runner.py", line 242, in <lambda>
    lambda: runtest_hook(item=item, **kwds), when=when, reraise=reraise
  File "/Users/idokatz/VSCode/Archmorph/backend/.venv/lib/python3.13/site-packages/pluggy/_hooks.py", line 512, in __call__
    return self._hookexec(self.name, self._hookimpls.copy(), kwargs, firstresult)
  File "/Users/idokatz/VSCode/Archmorph/backend/.venv/lib/python3.13/site-packages/pluggy/_manager.py", line 120, in _hookexec
    return self._inner_hookexec(hook_name, methods, kwargs, firstresult)
  File "/Users/idokatz/VSCode/Archmorph/backend/.venv/lib/python3.13/site-packages/pluggy/_callers.py", line 121, in _multicall
    res = hook_impl.function(*args)
  File "/Users/idokatz/VSCode/Archmorph/backend/.venv/lib/python3.13/site-packages/_pytest/runner.py", line 174, in pytest_runtest_call
    item.runtest()
  File "/Users/idokatz/VSCode/Archmorph/backend/.venv/lib/python3.13/site-packages/_pytest/python.py", line 1627, in runtest
    self.ihook.pytest_pyfunc_call(pyfuncitem=self)
  File "/Users/idokatz/VSCode/Archmorph/backend/.venv/lib/python3.13/site-packages/pluggy/_hooks.py", line 512, in __call__
    return self._hookexec(self.name, self._hookimpls.copy(), kwargs, firstresult)
  File "/Users/idokatz/VSCode/Archmorph/backend/.venv/lib/python3.13/site-packages/pluggy/_manager.py", line 120, in _hookexec
    return self._inner_hookexec(hook_name, methods, kwargs, firstresult)
  File "/Users/idokatz/VSCode/Archmorph/backend/.venv/lib/python3.13/site-packages/pluggy/_callers.py", line 121, in _multicall
    res = hook_impl.function(*args)
  File "/Users/idokatz/VSCode/Archmorph/backend/.venv/lib/python3.13/site-packages/_pytest/python.py", line 159, in pytest_pyfunc_call
    result = testfunction(**testargs)
  File "/Users/idokatz/VSCode/Archmorph/backend/tests/test_icon_registry.py", line 352, in test_excalidraw_has_files
    registry.ingest_icon_pack(small_zip_pack, pack_id="exc-3")
  File "/Users/idokatz/VSCode/Archmorph/backend/tests/../icons/registry.py", line 198, in ingest_icon_pack
    logger.info(
Message: "Icon pack '%s' ingested: %d icons, %d failed (%.2fs)"
Arguments: ('exc-3', '1', '0', '0.00036704199737869203')
------------------------------ Captured log call -------------------------------
INFO     icons.registry:registry.py:115 Ingesting icon pack from bytes
_____________ TestExcalidrawBuilder.test_excalidraw_deterministic ______________
tests/test_icon_registry.py:368: in test_excalidraw_deterministic
    registry.ingest_icon_pack(small_zip_pack, pack_id="exc-det")
icons/registry.py:198: in ingest_icon_pack
    logger.info(
/opt/homebrew/Cellar/python@3.13/3.13.12_1/Frameworks/Python.framework/Versions/3.13/lib/python3.13/logging/__init__.py:1520: in info
    self._log(INFO, msg, args, **kwargs)
/opt/homebrew/Cellar/python@3.13/3.13.12_1/Frameworks/Python.framework/Versions/3.13/lib/python3.13/logging/__init__.py:1665: in _log
    self.handle(record)
/opt/homebrew/Cellar/python@3.13/3.13.12_1/Frameworks/Python.framework/Versions/3.13/lib/python3.13/logging/__init__.py:1681: in handle
    self.callHandlers(record)
/opt/homebrew/Cellar/python@3.13/3.13.12_1/Frameworks/Python.framework/Versions/3.13/lib/python3.13/logging/__init__.py:1737: in callHandlers
    hdlr.handle(record)
/opt/homebrew/Cellar/python@3.13/3.13.12_1/Frameworks/Python.framework/Versions/3.13/lib/python3.13/logging/__init__.py:1027: in handle
    self.emit(record)
.venv/lib/python3.13/site-packages/_pytest/logging.py:386: in emit
    super().emit(record)
/opt/homebrew/Cellar/python@3.13/3.13.12_1/Frameworks/Python.framework/Versions/3.13/lib/python3.13/logging/__init__.py:1159: in emit
    self.handleError(record)
/opt/homebrew/Cellar/python@3.13/3.13.12_1/Frameworks/Python.framework/Versions/3.13/lib/python3.13/logging/__init__.py:1151: in emit
    msg = self.format(record)
/opt/homebrew/Cellar/python@3.13/3.13.12_1/Frameworks/Python.framework/Versions/3.13/lib/python3.13/logging/__init__.py:999: in format
    return fmt.format(record)
.venv/lib/python3.13/site-packages/_pytest/logging.py:139: in format
    return super().format(record)
/opt/homebrew/Cellar/python@3.13/3.13.12_1/Frameworks/Python.framework/Versions/3.13/lib/python3.13/logging/__init__.py:712: in format
    record.message = record.getMessage()
/opt/homebrew/Cellar/python@3.13/3.13.12_1/Frameworks/Python.framework/Versions/3.13/lib/python3.13/logging/__init__.py:400: in getMessage
    msg = msg % self.args
E   TypeError: %d format: a real number is required, not str
----------------------------- Captured stdout call -----------------------------
{"timestamp": "2026-03-14T15:17:28+0200", "level": "info", "name": "icons.registry", "message": "Ingesting icon pack from bytes", "logger": "icons.registry"}
----------------------------- Captured stderr call -----------------------------
--- Logging error ---
Traceback (most recent call last):
  File "/opt/homebrew/Cellar/python@3.13/3.13.12_1/Frameworks/Python.framework/Versions/3.13/lib/python3.13/logging/__init__.py", line 1151, in emit
    msg = self.format(record)
  File "/opt/homebrew/Cellar/python@3.13/3.13.12_1/Frameworks/Python.framework/Versions/3.13/lib/python3.13/logging/__init__.py", line 999, in format
    return fmt.format(record)
           ~~~~~~~~~~^^^^^^^^
  File "/Users/idokatz/VSCode/Archmorph/backend/.venv/lib/python3.13/site-packages/pythonjsonlogger/core.py", line 245, in format
    record.message = record.getMessage()
                     ~~~~~~~~~~~~~~~~~^^
  File "/opt/homebrew/Cellar/python@3.13/3.13.12_1/Frameworks/Python.framework/Versions/3.13/lib/python3.13/logging/__init__.py", line 400, in getMessage
    msg = msg % self.args
          ~~~~^~~~~~~~~~~
TypeError: %d format: a real number is required, not str
Call stack:
  File "/Users/idokatz/VSCode/Archmorph/backend/.venv/bin/pytest", line 6, in <module>
    sys.exit(console_main())
  File "/Users/idokatz/VSCode/Archmorph/backend/.venv/lib/python3.13/site-packages/_pytest/config/__init__.py", line 201, in console_main
    code = main()
  File "/Users/idokatz/VSCode/Archmorph/backend/.venv/lib/python3.13/site-packages/_pytest/config/__init__.py", line 175, in main
    ret: ExitCode | int = config.hook.pytest_cmdline_main(config=config)
  File "/Users/idokatz/VSCode/Archmorph/backend/.venv/lib/python3.13/site-packages/pluggy/_hooks.py", line 512, in __call__
    return self._hookexec(self.name, self._hookimpls.copy(), kwargs, firstresult)
  File "/Users/idokatz/VSCode/Archmorph/backend/.venv/lib/python3.13/site-packages/pluggy/_manager.py", line 120, in _hookexec
    return self._inner_hookexec(hook_name, methods, kwargs, firstresult)
  File "/Users/idokatz/VSCode/Archmorph/backend/.venv/lib/python3.13/site-packages/pluggy/_callers.py", line 121, in _multicall
    res = hook_impl.function(*args)
  File "/Users/idokatz/VSCode/Archmorph/backend/.venv/lib/python3.13/site-packages/_pytest/main.py", line 330, in pytest_cmdline_main
    return wrap_session(config, _main)
  File "/Users/idokatz/VSCode/Archmorph/backend/.venv/lib/python3.13/site-packages/_pytest/main.py", line 283, in wrap_session
    session.exitstatus = doit(config, session) or 0
  File "/Users/idokatz/VSCode/Archmorph/backend/.venv/lib/python3.13/site-packages/_pytest/main.py", line 337, in _main
    config.hook.pytest_runtestloop(session=session)
  File "/Users/idokatz/VSCode/Archmorph/backend/.venv/lib/python3.13/site-packages/pluggy/_hooks.py", line 512, in __call__
    return self._hookexec(self.name, self._hookimpls.copy(), kwargs, firstresult)
  File "/Users/idokatz/VSCode/Archmorph/backend/.venv/lib/python3.13/site-packages/pluggy/_manager.py", line 120, in _hookexec
    return self._inner_hookexec(hook_name, methods, kwargs, firstresult)
  File "/Users/idokatz/VSCode/Archmorph/backend/.venv/lib/python3.13/site-packages/pluggy/_callers.py", line 121, in _multicall
    res = hook_impl.function(*args)
  File "/Users/idokatz/VSCode/Archmorph/backend/.venv/lib/python3.13/site-packages/_pytest/main.py", line 362, in pytest_runtestloop
    item.config.hook.pytest_runtest_protocol(item=item, nextitem=nextitem)
  File "/Users/idokatz/VSCode/Archmorph/backend/.venv/lib/python3.13/site-packages/pluggy/_hooks.py", line 512, in __call__
    return self._hookexec(self.name, self._hookimpls.copy(), kwargs, firstresult)
  File "/Users/idokatz/VSCode/Archmorph/backend/.venv/lib/python3.13/site-packages/pluggy/_manager.py", line 120, in _hookexec
    return self._inner_hookexec(hook_name, methods, kwargs, firstresult)
  File "/Users/idokatz/VSCode/Archmorph/backend/.venv/lib/python3.13/site-packages/pluggy/_callers.py", line 121, in _multicall
    res = hook_impl.function(*args)
  File "/Users/idokatz/VSCode/Archmorph/backend/.venv/lib/python3.13/site-packages/_pytest/runner.py", line 113, in pytest_runtest_protocol
    runtestprotocol(item, nextitem=nextitem)
  File "/Users/idokatz/VSCode/Archmorph/backend/.venv/lib/python3.13/site-packages/_pytest/runner.py", line 132, in runtestprotocol
    reports.append(call_and_report(item, "call", log))
  File "/Users/idokatz/VSCode/Archmorph/backend/.venv/lib/python3.13/site-packages/_pytest/runner.py", line 241, in call_and_report
    call = CallInfo.from_call(
  File "/Users/idokatz/VSCode/Archmorph/backend/.venv/lib/python3.13/site-packages/_pytest/runner.py", line 341, in from_call
    result: TResult | None = func()
  File "/Users/idokatz/VSCode/Archmorph/backend/.venv/lib/python3.13/site-packages/_pytest/runner.py", line 242, in <lambda>
    lambda: runtest_hook(item=item, **kwds), when=when, reraise=reraise
  File "/Users/idokatz/VSCode/Archmorph/backend/.venv/lib/python3.13/site-packages/pluggy/_hooks.py", line 512, in __call__
    return self._hookexec(self.name, self._hookimpls.copy(), kwargs, firstresult)
  File "/Users/idokatz/VSCode/Archmorph/backend/.venv/lib/python3.13/site-packages/pluggy/_manager.py", line 120, in _hookexec
    return self._inner_hookexec(hook_name, methods, kwargs, firstresult)
  File "/Users/idokatz/VSCode/Archmorph/backend/.venv/lib/python3.13/site-packages/pluggy/_callers.py", line 121, in _multicall
    res = hook_impl.function(*args)
  File "/Users/idokatz/VSCode/Archmorph/backend/.venv/lib/python3.13/site-packages/_pytest/runner.py", line 174, in pytest_runtest_call
    item.runtest()
  File "/Users/idokatz/VSCode/Archmorph/backend/.venv/lib/python3.13/site-packages/_pytest/python.py", line 1627, in runtest
    self.ihook.pytest_pyfunc_call(pyfuncitem=self)
  File "/Users/idokatz/VSCode/Archmorph/backend/.venv/lib/python3.13/site-packages/pluggy/_hooks.py", line 512, in __call__
    return self._hookexec(self.name, self._hookimpls.copy(), kwargs, firstresult)
  File "/Users/idokatz/VSCode/Archmorph/backend/.venv/lib/python3.13/site-packages/pluggy/_manager.py", line 120, in _hookexec
    return self._inner_hookexec(hook_name, methods, kwargs, firstresult)
  File "/Users/idokatz/VSCode/Archmorph/backend/.venv/lib/python3.13/site-packages/pluggy/_callers.py", line 121, in _multicall
    res = hook_impl.function(*args)
  File "/Users/idokatz/VSCode/Archmorph/backend/.venv/lib/python3.13/site-packages/_pytest/python.py", line 159, in pytest_pyfunc_call
    result = testfunction(**testargs)
  File "/Users/idokatz/VSCode/Archmorph/backend/tests/test_icon_registry.py", line 368, in test_excalidraw_deterministic
    registry.ingest_icon_pack(small_zip_pack, pack_id="exc-det")
  File "/Users/idokatz/VSCode/Archmorph/backend/tests/../icons/registry.py", line 198, in ingest_icon_pack
    logger.info(
Message: "Icon pack '%s' ingested: %d icons, %d failed (%.2fs)"
Arguments: ('exc-det', '1', '0', '0.00036504099261946976')
------------------------------ Captured log call -------------------------------
INFO     icons.registry:registry.py:115 Ingesting icon pack from bytes
___________________ TestVisioBuilder.test_visio_pack_is_zip ____________________
tests/test_icon_registry.py:383: in test_visio_pack_is_zip
    registry.ingest_icon_pack(small_zip_pack, pack_id="vis-1")
icons/registry.py:198: in ingest_icon_pack
    logger.info(
/opt/homebrew/Cellar/python@3.13/3.13.12_1/Frameworks/Python.framework/Versions/3.13/lib/python3.13/logging/__init__.py:1520: in info
    self._log(INFO, msg, args, **kwargs)
/opt/homebrew/Cellar/python@3.13/3.13.12_1/Frameworks/Python.framework/Versions/3.13/lib/python3.13/logging/__init__.py:1665: in _log
    self.handle(record)
/opt/homebrew/Cellar/python@3.13/3.13.12_1/Frameworks/Python.framework/Versions/3.13/lib/python3.13/logging/__init__.py:1681: in handle
    self.callHandlers(record)
/opt/homebrew/Cellar/python@3.13/3.13.12_1/Frameworks/Python.framework/Versions/3.13/lib/python3.13/logging/__init__.py:1737: in callHandlers
    hdlr.handle(record)
/opt/homebrew/Cellar/python@3.13/3.13.12_1/Frameworks/Python.framework/Versions/3.13/lib/python3.13/logging/__init__.py:1027: in handle
    self.emit(record)
.venv/lib/python3.13/site-packages/_pytest/logging.py:386: in emit
    super().emit(record)
/opt/homebrew/Cellar/python@3.13/3.13.12_1/Frameworks/Python.framework/Versions/3.13/lib/python3.13/logging/__init__.py:1159: in emit
    self.handleError(record)
/opt/homebrew/Cellar/python@3.13/3.13.12_1/Frameworks/Python.framework/Versions/3.13/lib/python3.13/logging/__init__.py:1151: in emit
    msg = self.format(record)
/opt/homebrew/Cellar/python@3.13/3.13.12_1/Frameworks/Python.framework/Versions/3.13/lib/python3.13/logging/__init__.py:999: in format
    return fmt.format(record)
.venv/lib/python3.13/site-packages/_pytest/logging.py:139: in format
    return super().format(record)
/opt/homebrew/Cellar/python@3.13/3.13.12_1/Frameworks/Python.framework/Versions/3.13/lib/python3.13/logging/__init__.py:712: in format
    record.message = record.getMessage()
/opt/homebrew/Cellar/python@3.13/3.13.12_1/Frameworks/Python.framework/Versions/3.13/lib/python3.13/logging/__init__.py:400: in getMessage
    msg = msg % self.args
E   TypeError: %d format: a real number is required, not str
----------------------------- Captured stdout call -----------------------------
{"timestamp": "2026-03-14T15:17:28+0200", "level": "info", "name": "icons.registry", "message": "Ingesting icon pack from bytes", "logger": "icons.registry"}
----------------------------- Captured stderr call -----------------------------
--- Logging error ---
Traceback (most recent call last):
  File "/opt/homebrew/Cellar/python@3.13/3.13.12_1/Frameworks/Python.framework/Versions/3.13/lib/python3.13/logging/__init__.py", line 1151, in emit
    msg = self.format(record)
  File "/opt/homebrew/Cellar/python@3.13/3.13.12_1/Frameworks/Python.framework/Versions/3.13/lib/python3.13/logging/__init__.py", line 999, in format
    return fmt.format(record)
           ~~~~~~~~~~^^^^^^^^
  File "/Users/idokatz/VSCode/Archmorph/backend/.venv/lib/python3.13/site-packages/pythonjsonlogger/core.py", line 245, in format
    record.message = record.getMessage()
                     ~~~~~~~~~~~~~~~~~^^
  File "/opt/homebrew/Cellar/python@3.13/3.13.12_1/Frameworks/Python.framework/Versions/3.13/lib/python3.13/logging/__init__.py", line 400, in getMessage
    msg = msg % self.args
          ~~~~^~~~~~~~~~~
TypeError: %d format: a real number is required, not str
Call stack:
  File "/Users/idokatz/VSCode/Archmorph/backend/.venv/bin/pytest", line 6, in <module>
    sys.exit(console_main())
  File "/Users/idokatz/VSCode/Archmorph/backend/.venv/lib/python3.13/site-packages/_pytest/config/__init__.py", line 201, in console_main
    code = main()
  File "/Users/idokatz/VSCode/Archmorph/backend/.venv/lib/python3.13/site-packages/_pytest/config/__init__.py", line 175, in main
    ret: ExitCode | int = config.hook.pytest_cmdline_main(config=config)
  File "/Users/idokatz/VSCode/Archmorph/backend/.venv/lib/python3.13/site-packages/pluggy/_hooks.py", line 512, in __call__
    return self._hookexec(self.name, self._hookimpls.copy(), kwargs, firstresult)
  File "/Users/idokatz/VSCode/Archmorph/backend/.venv/lib/python3.13/site-packages/pluggy/_manager.py", line 120, in _hookexec
    return self._inner_hookexec(hook_name, methods, kwargs, firstresult)
  File "/Users/idokatz/VSCode/Archmorph/backend/.venv/lib/python3.13/site-packages/pluggy/_callers.py", line 121, in _multicall
    res = hook_impl.function(*args)
  File "/Users/idokatz/VSCode/Archmorph/backend/.venv/lib/python3.13/site-packages/_pytest/main.py", line 330, in pytest_cmdline_main
    return wrap_session(config, _main)
  File "/Users/idokatz/VSCode/Archmorph/backend/.venv/lib/python3.13/site-packages/_pytest/main.py", line 283, in wrap_session
    session.exitstatus = doit(config, session) or 0
  File "/Users/idokatz/VSCode/Archmorph/backend/.venv/lib/python3.13/site-packages/_pytest/main.py", line 337, in _main
    config.hook.pytest_runtestloop(session=session)
  File "/Users/idokatz/VSCode/Archmorph/backend/.venv/lib/python3.13/site-packages/pluggy/_hooks.py", line 512, in __call__
    return self._hookexec(self.name, self._hookimpls.copy(), kwargs, firstresult)
  File "/Users/idokatz/VSCode/Archmorph/backend/.venv/lib/python3.13/site-packages/pluggy/_manager.py", line 120, in _hookexec
    return self._inner_hookexec(hook_name, methods, kwargs, firstresult)
  File "/Users/idokatz/VSCode/Archmorph/backend/.venv/lib/python3.13/site-packages/pluggy/_callers.py", line 121, in _multicall
    res = hook_impl.function(*args)
  File "/Users/idokatz/VSCode/Archmorph/backend/.venv/lib/python3.13/site-packages/_pytest/main.py", line 362, in pytest_runtestloop
    item.config.hook.pytest_runtest_protocol(item=item, nextitem=nextitem)
  File "/Users/idokatz/VSCode/Archmorph/backend/.venv/lib/python3.13/site-packages/pluggy/_hooks.py", line 512, in __call__
    return self._hookexec(self.name, self._hookimpls.copy(), kwargs, firstresult)
  File "/Users/idokatz/VSCode/Archmorph/backend/.venv/lib/python3.13/site-packages/pluggy/_manager.py", line 120, in _hookexec
    return self._inner_hookexec(hook_name, methods, kwargs, firstresult)
  File "/Users/idokatz/VSCode/Archmorph/backend/.venv/lib/python3.13/site-packages/pluggy/_callers.py", line 121, in _multicall
    res = hook_impl.function(*args)
  File "/Users/idokatz/VSCode/Archmorph/backend/.venv/lib/python3.13/site-packages/_pytest/runner.py", line 113, in pytest_runtest_protocol
    runtestprotocol(item, nextitem=nextitem)
  File "/Users/idokatz/VSCode/Archmorph/backend/.venv/lib/python3.13/site-packages/_pytest/runner.py", line 132, in runtestprotocol
    reports.append(call_and_report(item, "call", log))
  File "/Users/idokatz/VSCode/Archmorph/backend/.venv/lib/python3.13/site-packages/_pytest/runner.py", line 241, in call_and_report
    call = CallInfo.from_call(
  File "/Users/idokatz/VSCode/Archmorph/backend/.venv/lib/python3.13/site-packages/_pytest/runner.py", line 341, in from_call
    result: TResult | None = func()
  File "/Users/idokatz/VSCode/Archmorph/backend/.venv/lib/python3.13/site-packages/_pytest/runner.py", line 242, in <lambda>
    lambda: runtest_hook(item=item, **kwds), when=when, reraise=reraise
  File "/Users/idokatz/VSCode/Archmorph/backend/.venv/lib/python3.13/site-packages/pluggy/_hooks.py", line 512, in __call__
    return self._hookexec(self.name, self._hookimpls.copy(), kwargs, firstresult)
  File "/Users/idokatz/VSCode/Archmorph/backend/.venv/lib/python3.13/site-packages/pluggy/_manager.py", line 120, in _hookexec
    return self._inner_hookexec(hook_name, methods, kwargs, firstresult)
  File "/Users/idokatz/VSCode/Archmorph/backend/.venv/lib/python3.13/site-packages/pluggy/_callers.py", line 121, in _multicall
    res = hook_impl.function(*args)
  File "/Users/idokatz/VSCode/Archmorph/backend/.venv/lib/python3.13/site-packages/_pytest/runner.py", line 174, in pytest_runtest_call
    item.runtest()
  File "/Users/idokatz/VSCode/Archmorph/backend/.venv/lib/python3.13/site-packages/_pytest/python.py", line 1627, in runtest
    self.ihook.pytest_pyfunc_call(pyfuncitem=self)
  File "/Users/idokatz/VSCode/Archmorph/backend/.venv/lib/python3.13/site-packages/pluggy/_hooks.py", line 512, in __call__
    return self._hookexec(self.name, self._hookimpls.copy(), kwargs, firstresult)
  File "/Users/idokatz/VSCode/Archmorph/backend/.venv/lib/python3.13/site-packages/pluggy/_manager.py", line 120, in _hookexec
    return self._inner_hookexec(hook_name, methods, kwargs, firstresult)
  File "/Users/idokatz/VSCode/Archmorph/backend/.venv/lib/python3.13/site-packages/pluggy/_callers.py", line 121, in _multicall
    res = hook_impl.function(*args)
  File "/Users/idokatz/VSCode/Archmorph/backend/.venv/lib/python3.13/site-packages/_pytest/python.py", line 159, in pytest_pyfunc_call
    result = testfunction(**testargs)
  File "/Users/idokatz/VSCode/Archmorph/backend/tests/test_icon_registry.py", line 383, in test_visio_pack_is_zip
    registry.ingest_icon_pack(small_zip_pack, pack_id="vis-1")
  File "/Users/idokatz/VSCode/Archmorph/backend/tests/../icons/registry.py", line 198, in ingest_icon_pack
    logger.info(
Message: "Icon pack '%s' ingested: %d icons, %d failed (%.2fs)"
Arguments: ('vis-1', '1', '0', '0.00039437500527128577')
------------------------------ Captured log call -------------------------------
INFO     icons.registry:registry.py:115 Ingesting icon pack from bytes
__________________ TestVisioBuilder.test_visio_pack_contents ___________________
tests/test_icon_registry.py:388: in test_visio_pack_contents
    registry.ingest_icon_pack(small_zip_pack, pack_id="vis-2")
icons/registry.py:198: in ingest_icon_pack
    logger.info(
/opt/homebrew/Cellar/python@3.13/3.13.12_1/Frameworks/Python.framework/Versions/3.13/lib/python3.13/logging/__init__.py:1520: in info
    self._log(INFO, msg, args, **kwargs)
/opt/homebrew/Cellar/python@3.13/3.13.12_1/Frameworks/Python.framework/Versions/3.13/lib/python3.13/logging/__init__.py:1665: in _log
    self.handle(record)
/opt/homebrew/Cellar/python@3.13/3.13.12_1/Frameworks/Python.framework/Versions/3.13/lib/python3.13/logging/__init__.py:1681: in handle
    self.callHandlers(record)
/opt/homebrew/Cellar/python@3.13/3.13.12_1/Frameworks/Python.framework/Versions/3.13/lib/python3.13/logging/__init__.py:1737: in callHandlers
    hdlr.handle(record)
/opt/homebrew/Cellar/python@3.13/3.13.12_1/Frameworks/Python.framework/Versions/3.13/lib/python3.13/logging/__init__.py:1027: in handle
    self.emit(record)
.venv/lib/python3.13/site-packages/_pytest/logging.py:386: in emit
    super().emit(record)
/opt/homebrew/Cellar/python@3.13/3.13.12_1/Frameworks/Python.framework/Versions/3.13/lib/python3.13/logging/__init__.py:1159: in emit
    self.handleError(record)
/opt/homebrew/Cellar/python@3.13/3.13.12_1/Frameworks/Python.framework/Versions/3.13/lib/python3.13/logging/__init__.py:1151: in emit
    msg = self.format(record)
/opt/homebrew/Cellar/python@3.13/3.13.12_1/Frameworks/Python.framework/Versions/3.13/lib/python3.13/logging/__init__.py:999: in format
    return fmt.format(record)
.venv/lib/python3.13/site-packages/_pytest/logging.py:139: in format
    return super().format(record)
/opt/homebrew/Cellar/python@3.13/3.13.12_1/Frameworks/Python.framework/Versions/3.13/lib/python3.13/logging/__init__.py:712: in format
    record.message = record.getMessage()
/opt/homebrew/Cellar/python@3.13/3.13.12_1/Frameworks/Python.framework/Versions/3.13/lib/python3.13/logging/__init__.py:400: in getMessage
    msg = msg % self.args
E   TypeError: %d format: a real number is required, not str
----------------------------- Captured stdout call -----------------------------
{"timestamp": "2026-03-14T15:17:28+0200", "level": "info", "name": "icons.registry", "message": "Ingesting icon pack from bytes", "logger": "icons.registry"}
----------------------------- Captured stderr call -----------------------------
--- Logging error ---
Traceback (most recent call last):
  File "/opt/homebrew/Cellar/python@3.13/3.13.12_1/Frameworks/Python.framework/Versions/3.13/lib/python3.13/logging/__init__.py", line 1151, in emit
    msg = self.format(record)
  File "/opt/homebrew/Cellar/python@3.13/3.13.12_1/Frameworks/Python.framework/Versions/3.13/lib/python3.13/logging/__init__.py", line 999, in format
    return fmt.format(record)
           ~~~~~~~~~~^^^^^^^^
  File "/Users/idokatz/VSCode/Archmorph/backend/.venv/lib/python3.13/site-packages/pythonjsonlogger/core.py", line 245, in format
    record.message = record.getMessage()
                     ~~~~~~~~~~~~~~~~~^^
  File "/opt/homebrew/Cellar/python@3.13/3.13.12_1/Frameworks/Python.framework/Versions/3.13/lib/python3.13/logging/__init__.py", line 400, in getMessage
    msg = msg % self.args
          ~~~~^~~~~~~~~~~
TypeError: %d format: a real number is required, not str
Call stack:
  File "/Users/idokatz/VSCode/Archmorph/backend/.venv/bin/pytest", line 6, in <module>
    sys.exit(console_main())
  File "/Users/idokatz/VSCode/Archmorph/backend/.venv/lib/python3.13/site-packages/_pytest/config/__init__.py", line 201, in console_main
    code = main()
  File "/Users/idokatz/VSCode/Archmorph/backend/.venv/lib/python3.13/site-packages/_pytest/config/__init__.py", line 175, in main
    ret: ExitCode | int = config.hook.pytest_cmdline_main(config=config)
  File "/Users/idokatz/VSCode/Archmorph/backend/.venv/lib/python3.13/site-packages/pluggy/_hooks.py", line 512, in __call__
    return self._hookexec(self.name, self._hookimpls.copy(), kwargs, firstresult)
  File "/Users/idokatz/VSCode/Archmorph/backend/.venv/lib/python3.13/site-packages/pluggy/_manager.py", line 120, in _hookexec
    return self._inner_hookexec(hook_name, methods, kwargs, firstresult)
  File "/Users/idokatz/VSCode/Archmorph/backend/.venv/lib/python3.13/site-packages/pluggy/_callers.py", line 121, in _multicall
    res = hook_impl.function(*args)
  File "/Users/idokatz/VSCode/Archmorph/backend/.venv/lib/python3.13/site-packages/_pytest/main.py", line 330, in pytest_cmdline_main
    return wrap_session(config, _main)
  File "/Users/idokatz/VSCode/Archmorph/backend/.venv/lib/python3.13/site-packages/_pytest/main.py", line 283, in wrap_session
    session.exitstatus = doit(config, session) or 0
  File "/Users/idokatz/VSCode/Archmorph/backend/.venv/lib/python3.13/site-packages/_pytest/main.py", line 337, in _main
    config.hook.pytest_runtestloop(session=session)
  File "/Users/idokatz/VSCode/Archmorph/backend/.venv/lib/python3.13/site-packages/pluggy/_hooks.py", line 512, in __call__
    return self._hookexec(self.name, self._hookimpls.copy(), kwargs, firstresult)
  File "/Users/idokatz/VSCode/Archmorph/backend/.venv/lib/python3.13/site-packages/pluggy/_manager.py", line 120, in _hookexec
    return self._inner_hookexec(hook_name, methods, kwargs, firstresult)
  File "/Users/idokatz/VSCode/Archmorph/backend/.venv/lib/python3.13/site-packages/pluggy/_callers.py", line 121, in _multicall
    res = hook_impl.function(*args)
  File "/Users/idokatz/VSCode/Archmorph/backend/.venv/lib/python3.13/site-packages/_pytest/main.py", line 362, in pytest_runtestloop
    item.config.hook.pytest_runtest_protocol(item=item, nextitem=nextitem)
  File "/Users/idokatz/VSCode/Archmorph/backend/.venv/lib/python3.13/site-packages/pluggy/_hooks.py", line 512, in __call__
    return self._hookexec(self.name, self._hookimpls.copy(), kwargs, firstresult)
  File "/Users/idokatz/VSCode/Archmorph/backend/.venv/lib/python3.13/site-packages/pluggy/_manager.py", line 120, in _hookexec
    return self._inner_hookexec(hook_name, methods, kwargs, firstresult)
  File "/Users/idokatz/VSCode/Archmorph/backend/.venv/lib/python3.13/site-packages/pluggy/_callers.py", line 121, in _multicall
    res = hook_impl.function(*args)
  File "/Users/idokatz/VSCode/Archmorph/backend/.venv/lib/python3.13/site-packages/_pytest/runner.py", line 113, in pytest_runtest_protocol
    runtestprotocol(item, nextitem=nextitem)
  File "/Users/idokatz/VSCode/Archmorph/backend/.venv/lib/python3.13/site-packages/_pytest/runner.py", line 132, in runtestprotocol
    reports.append(call_and_report(item, "call", log))
  File "/Users/idokatz/VSCode/Archmorph/backend/.venv/lib/python3.13/site-packages/_pytest/runner.py", line 241, in call_and_report
    call = CallInfo.from_call(
  File "/Users/idokatz/VSCode/Archmorph/backend/.venv/lib/python3.13/site-packages/_pytest/runner.py", line 341, in from_call
    result: TResult | None = func()
  File "/Users/idokatz/VSCode/Archmorph/backend/.venv/lib/python3.13/site-packages/_pytest/runner.py", line 242, in <lambda>
    lambda: runtest_hook(item=item, **kwds), when=when, reraise=reraise
  File "/Users/idokatz/VSCode/Archmorph/backend/.venv/lib/python3.13/site-packages/pluggy/_hooks.py", line 512, in __call__
    return self._hookexec(self.name, self._hookimpls.copy(), kwargs, firstresult)
  File "/Users/idokatz/VSCode/Archmorph/backend/.venv/lib/python3.13/site-packages/pluggy/_manager.py", line 120, in _hookexec
    return self._inner_hookexec(hook_name, methods, kwargs, firstresult)
  File "/Users/idokatz/VSCode/Archmorph/backend/.venv/lib/python3.13/site-packages/pluggy/_callers.py", line 121, in _multicall
    res = hook_impl.function(*args)
  File "/Users/idokatz/VSCode/Archmorph/backend/.venv/lib/python3.13/site-packages/_pytest/runner.py", line 174, in pytest_runtest_call
    item.runtest()
  File "/Users/idokatz/VSCode/Archmorph/backend/.venv/lib/python3.13/site-packages/_pytest/python.py", line 1627, in runtest
    self.ihook.pytest_pyfunc_call(pyfuncitem=self)
  File "/Users/idokatz/VSCode/Archmorph/backend/.venv/lib/python3.13/site-packages/pluggy/_hooks.py", line 512, in __call__
    return self._hookexec(self.name, self._hookimpls.copy(), kwargs, firstresult)
  File "/Users/idokatz/VSCode/Archmorph/backend/.venv/lib/python3.13/site-packages/pluggy/_manager.py", line 120, in _hookexec
    return self._inner_hookexec(hook_name, methods, kwargs, firstresult)
  File "/Users/idokatz/VSCode/Archmorph/backend/.venv/lib/python3.13/site-packages/pluggy/_callers.py", line 121, in _multicall
    res = hook_impl.function(*args)
  File "/Users/idokatz/VSCode/Archmorph/backend/.venv/lib/python3.13/site-packages/_pytest/python.py", line 159, in pytest_pyfunc_call
    result = testfunction(**testargs)
  File "/Users/idokatz/VSCode/Archmorph/backend/tests/test_icon_registry.py", line 388, in test_visio_pack_contents
    registry.ingest_icon_pack(small_zip_pack, pack_id="vis-2")
  File "/Users/idokatz/VSCode/Archmorph/backend/tests/../icons/registry.py", line 198, in ingest_icon_pack
    logger.info(
Message: "Icon pack '%s' ingested: %d icons, %d failed (%.2fs)"
Arguments: ('vis-2', '1', '0', '0.00037104098009876907')
------------------------------ Captured log call -------------------------------
INFO     icons.registry:registry.py:115 Ingesting icon pack from bytes
__________________ TestVisioBuilder.test_visio_manifest_valid __________________
tests/test_icon_registry.py:398: in test_visio_manifest_valid
    registry.ingest_icon_pack(small_zip_pack, pack_id="vis-3")
icons/registry.py:198: in ingest_icon_pack
    logger.info(
/opt/homebrew/Cellar/python@3.13/3.13.12_1/Frameworks/Python.framework/Versions/3.13/lib/python3.13/logging/__init__.py:1520: in info
    self._log(INFO, msg, args, **kwargs)
/opt/homebrew/Cellar/python@3.13/3.13.12_1/Frameworks/Python.framework/Versions/3.13/lib/python3.13/logging/__init__.py:1665: in _log
    self.handle(record)
/opt/homebrew/Cellar/python@3.13/3.13.12_1/Frameworks/Python.framework/Versions/3.13/lib/python3.13/logging/__init__.py:1681: in handle
    self.callHandlers(record)
/opt/homebrew/Cellar/python@3.13/3.13.12_1/Frameworks/Python.framework/Versions/3.13/lib/python3.13/logging/__init__.py:1737: in callHandlers
    hdlr.handle(record)
/opt/homebrew/Cellar/python@3.13/3.13.12_1/Frameworks/Python.framework/Versions/3.13/lib/python3.13/logging/__init__.py:1027: in handle
    self.emit(record)
.venv/lib/python3.13/site-packages/_pytest/logging.py:386: in emit
    super().emit(record)
/opt/homebrew/Cellar/python@3.13/3.13.12_1/Frameworks/Python.framework/Versions/3.13/lib/python3.13/logging/__init__.py:1159: in emit
    self.handleError(record)
/opt/homebrew/Cellar/python@3.13/3.13.12_1/Frameworks/Python.framework/Versions/3.13/lib/python3.13/logging/__init__.py:1151: in emit
    msg = self.format(record)
/opt/homebrew/Cellar/python@3.13/3.13.12_1/Frameworks/Python.framework/Versions/3.13/lib/python3.13/logging/__init__.py:999: in format
    return fmt.format(record)
.venv/lib/python3.13/site-packages/_pytest/logging.py:139: in format
    return super().format(record)
/opt/homebrew/Cellar/python@3.13/3.13.12_1/Frameworks/Python.framework/Versions/3.13/lib/python3.13/logging/__init__.py:712: in format
    record.message = record.getMessage()
/opt/homebrew/Cellar/python@3.13/3.13.12_1/Frameworks/Python.framework/Versions/3.13/lib/python3.13/logging/__init__.py:400: in getMessage
    msg = msg % self.args
E   TypeError: %d format: a real number is required, not str
----------------------------- Captured stdout call -----------------------------
{"timestamp": "2026-03-14T15:17:29+0200", "level": "info", "name": "icons.registry", "message": "Ingesting icon pack from bytes", "logger": "icons.registry"}
----------------------------- Captured stderr call -----------------------------
--- Logging error ---
Traceback (most recent call last):
  File "/opt/homebrew/Cellar/python@3.13/3.13.12_1/Frameworks/Python.framework/Versions/3.13/lib/python3.13/logging/__init__.py", line 1151, in emit
    msg = self.format(record)
  File "/opt/homebrew/Cellar/python@3.13/3.13.12_1/Frameworks/Python.framework/Versions/3.13/lib/python3.13/logging/__init__.py", line 999, in format
    return fmt.format(record)
           ~~~~~~~~~~^^^^^^^^
  File "/Users/idokatz/VSCode/Archmorph/backend/.venv/lib/python3.13/site-packages/pythonjsonlogger/core.py", line 245, in format
    record.message = record.getMessage()
                     ~~~~~~~~~~~~~~~~~^^
  File "/opt/homebrew/Cellar/python@3.13/3.13.12_1/Frameworks/Python.framework/Versions/3.13/lib/python3.13/logging/__init__.py", line 400, in getMessage
    msg = msg % self.args
          ~~~~^~~~~~~~~~~
TypeError: %d format: a real number is required, not str
Call stack:
  File "/Users/idokatz/VSCode/Archmorph/backend/.venv/bin/pytest", line 6, in <module>
    sys.exit(console_main())
  File "/Users/idokatz/VSCode/Archmorph/backend/.venv/lib/python3.13/site-packages/_pytest/config/__init__.py", line 201, in console_main
    code = main()
  File "/Users/idokatz/VSCode/Archmorph/backend/.venv/lib/python3.13/site-packages/_pytest/config/__init__.py", line 175, in main
    ret: ExitCode | int = config.hook.pytest_cmdline_main(config=config)
  File "/Users/idokatz/VSCode/Archmorph/backend/.venv/lib/python3.13/site-packages/pluggy/_hooks.py", line 512, in __call__
    return self._hookexec(self.name, self._hookimpls.copy(), kwargs, firstresult)
  File "/Users/idokatz/VSCode/Archmorph/backend/.venv/lib/python3.13/site-packages/pluggy/_manager.py", line 120, in _hookexec
    return self._inner_hookexec(hook_name, methods, kwargs, firstresult)
  File "/Users/idokatz/VSCode/Archmorph/backend/.venv/lib/python3.13/site-packages/pluggy/_callers.py", line 121, in _multicall
    res = hook_impl.function(*args)
  File "/Users/idokatz/VSCode/Archmorph/backend/.venv/lib/python3.13/site-packages/_pytest/main.py", line 330, in pytest_cmdline_main
    return wrap_session(config, _main)
  File "/Users/idokatz/VSCode/Archmorph/backend/.venv/lib/python3.13/site-packages/_pytest/main.py", line 283, in wrap_session
    session.exitstatus = doit(config, session) or 0
  File "/Users/idokatz/VSCode/Archmorph/backend/.venv/lib/python3.13/site-packages/_pytest/main.py", line 337, in _main
    config.hook.pytest_runtestloop(session=session)
  File "/Users/idokatz/VSCode/Archmorph/backend/.venv/lib/python3.13/site-packages/pluggy/_hooks.py", line 512, in __call__
    return self._hookexec(self.name, self._hookimpls.copy(), kwargs, firstresult)
  File "/Users/idokatz/VSCode/Archmorph/backend/.venv/lib/python3.13/site-packages/pluggy/_manager.py", line 120, in _hookexec
    return self._inner_hookexec(hook_name, methods, kwargs, firstresult)
  File "/Users/idokatz/VSCode/Archmorph/backend/.venv/lib/python3.13/site-packages/pluggy/_callers.py", line 121, in _multicall
    res = hook_impl.function(*args)
  File "/Users/idokatz/VSCode/Archmorph/backend/.venv/lib/python3.13/site-packages/_pytest/main.py", line 362, in pytest_runtestloop
    item.config.hook.pytest_runtest_protocol(item=item, nextitem=nextitem)
  File "/Users/idokatz/VSCode/Archmorph/backend/.venv/lib/python3.13/site-packages/pluggy/_hooks.py", line 512, in __call__
    return self._hookexec(self.name, self._hookimpls.copy(), kwargs, firstresult)
  File "/Users/idokatz/VSCode/Archmorph/backend/.venv/lib/python3.13/site-packages/pluggy/_manager.py", line 120, in _hookexec
    return self._inner_hookexec(hook_name, methods, kwargs, firstresult)
  File "/Users/idokatz/VSCode/Archmorph/backend/.venv/lib/python3.13/site-packages/pluggy/_callers.py", line 121, in _multicall
    res = hook_impl.function(*args)
  File "/Users/idokatz/VSCode/Archmorph/backend/.venv/lib/python3.13/site-packages/_pytest/runner.py", line 113, in pytest_runtest_protocol
    runtestprotocol(item, nextitem=nextitem)
  File "/Users/idokatz/VSCode/Archmorph/backend/.venv/lib/python3.13/site-packages/_pytest/runner.py", line 132, in runtestprotocol
    reports.append(call_and_report(item, "call", log))
  File "/Users/idokatz/VSCode/Archmorph/backend/.venv/lib/python3.13/site-packages/_pytest/runner.py", line 241, in call_and_report
    call = CallInfo.from_call(
  File "/Users/idokatz/VSCode/Archmorph/backend/.venv/lib/python3.13/site-packages/_pytest/runner.py", line 341, in from_call
    result: TResult | None = func()
  File "/Users/idokatz/VSCode/Archmorph/backend/.venv/lib/python3.13/site-packages/_pytest/runner.py", line 242, in <lambda>
    lambda: runtest_hook(item=item, **kwds), when=when, reraise=reraise
  File "/Users/idokatz/VSCode/Archmorph/backend/.venv/lib/python3.13/site-packages/pluggy/_hooks.py", line 512, in __call__
    return self._hookexec(self.name, self._hookimpls.copy(), kwargs, firstresult)
  File "/Users/idokatz/VSCode/Archmorph/backend/.venv/lib/python3.13/site-packages/pluggy/_manager.py", line 120, in _hookexec
    return self._inner_hookexec(hook_name, methods, kwargs, firstresult)
  File "/Users/idokatz/VSCode/Archmorph/backend/.venv/lib/python3.13/site-packages/pluggy/_callers.py", line 121, in _multicall
    res = hook_impl.function(*args)
  File "/Users/idokatz/VSCode/Archmorph/backend/.venv/lib/python3.13/site-packages/_pytest/runner.py", line 174, in pytest_runtest_call
    item.runtest()
  File "/Users/idokatz/VSCode/Archmorph/backend/.venv/lib/python3.13/site-packages/_pytest/python.py", line 1627, in runtest
    self.ihook.pytest_pyfunc_call(pyfuncitem=self)
  File "/Users/idokatz/VSCode/Archmorph/backend/.venv/lib/python3.13/site-packages/pluggy/_hooks.py", line 512, in __call__
    return self._hookexec(self.name, self._hookimpls.copy(), kwargs, firstresult)
  File "/Users/idokatz/VSCode/Archmorph/backend/.venv/lib/python3.13/site-packages/pluggy/_manager.py", line 120, in _hookexec
    return self._inner_hookexec(hook_name, methods, kwargs, firstresult)
  File "/Users/idokatz/VSCode/Archmorph/backend/.venv/lib/python3.13/site-packages/pluggy/_callers.py", line 121, in _multicall
    res = hook_impl.function(*args)
  File "/Users/idokatz/VSCode/Archmorph/backend/.venv/lib/python3.13/site-packages/_pytest/python.py", line 159, in pytest_pyfunc_call
    result = testfunction(**testargs)
  File "/Users/idokatz/VSCode/Archmorph/backend/tests/test_icon_registry.py", line 398, in test_visio_manifest_valid
    registry.ingest_icon_pack(small_zip_pack, pack_id="vis-3")
  File "/Users/idokatz/VSCode/Archmorph/backend/tests/../icons/registry.py", line 198, in ingest_icon_pack
    logger.info(
Message: "Icon pack '%s' ingested: %d icons, %d failed (%.2fs)"
Arguments: ('vis-3', '1', '0', '0.0003689170116558671')
------------------------------ Captured log call -------------------------------
INFO     icons.registry:registry.py:115 Ingesting icon pack from bytes
__________________ TestVisioBuilder.test_visio_readme_present __________________
tests/test_icon_registry.py:414: in test_visio_readme_present
    registry.ingest_icon_pack(small_zip_pack, pack_id="vis-4")
icons/registry.py:198: in ingest_icon_pack
    logger.info(
/opt/homebrew/Cellar/python@3.13/3.13.12_1/Frameworks/Python.framework/Versions/3.13/lib/python3.13/logging/__init__.py:1520: in info
    self._log(INFO, msg, args, **kwargs)
/opt/homebrew/Cellar/python@3.13/3.13.12_1/Frameworks/Python.framework/Versions/3.13/lib/python3.13/logging/__init__.py:1665: in _log
    self.handle(record)
/opt/homebrew/Cellar/python@3.13/3.13.12_1/Frameworks/Python.framework/Versions/3.13/lib/python3.13/logging/__init__.py:1681: in handle
    self.callHandlers(record)
/opt/homebrew/Cellar/python@3.13/3.13.12_1/Frameworks/Python.framework/Versions/3.13/lib/python3.13/logging/__init__.py:1737: in callHandlers
    hdlr.handle(record)
/opt/homebrew/Cellar/python@3.13/3.13.12_1/Frameworks/Python.framework/Versions/3.13/lib/python3.13/logging/__init__.py:1027: in handle
    self.emit(record)
.venv/lib/python3.13/site-packages/_pytest/logging.py:386: in emit
    super().emit(record)
/opt/homebrew/Cellar/python@3.13/3.13.12_1/Frameworks/Python.framework/Versions/3.13/lib/python3.13/logging/__init__.py:1159: in emit
    self.handleError(record)
/opt/homebrew/Cellar/python@3.13/3.13.12_1/Frameworks/Python.framework/Versions/3.13/lib/python3.13/logging/__init__.py:1151: in emit
    msg = self.format(record)
/opt/homebrew/Cellar/python@3.13/3.13.12_1/Frameworks/Python.framework/Versions/3.13/lib/python3.13/logging/__init__.py:999: in format
    return fmt.format(record)
.venv/lib/python3.13/site-packages/_pytest/logging.py:139: in format
    return super().format(record)
/opt/homebrew/Cellar/python@3.13/3.13.12_1/Frameworks/Python.framework/Versions/3.13/lib/python3.13/logging/__init__.py:712: in format
    record.message = record.getMessage()
/opt/homebrew/Cellar/python@3.13/3.13.12_1/Frameworks/Python.framework/Versions/3.13/lib/python3.13/logging/__init__.py:400: in getMessage
    msg = msg % self.args
E   TypeError: %d format: a real number is required, not str
----------------------------- Captured stdout call -----------------------------
{"timestamp": "2026-03-14T15:17:29+0200", "level": "info", "name": "icons.registry", "message": "Ingesting icon pack from bytes", "logger": "icons.registry"}
----------------------------- Captured stderr call -----------------------------
--- Logging error ---
Traceback (most recent call last):
  File "/opt/homebrew/Cellar/python@3.13/3.13.12_1/Frameworks/Python.framework/Versions/3.13/lib/python3.13/logging/__init__.py", line 1151, in emit
    msg = self.format(record)
  File "/opt/homebrew/Cellar/python@3.13/3.13.12_1/Frameworks/Python.framework/Versions/3.13/lib/python3.13/logging/__init__.py", line 999, in format
    return fmt.format(record)
           ~~~~~~~~~~^^^^^^^^
  File "/Users/idokatz/VSCode/Archmorph/backend/.venv/lib/python3.13/site-packages/pythonjsonlogger/core.py", line 245, in format
    record.message = record.getMessage()
                     ~~~~~~~~~~~~~~~~~^^
  File "/opt/homebrew/Cellar/python@3.13/3.13.12_1/Frameworks/Python.framework/Versions/3.13/lib/python3.13/logging/__init__.py", line 400, in getMessage
    msg = msg % self.args
          ~~~~^~~~~~~~~~~
TypeError: %d format: a real number is required, not str
Call stack:
  File "/Users/idokatz/VSCode/Archmorph/backend/.venv/bin/pytest", line 6, in <module>
    sys.exit(console_main())
  File "/Users/idokatz/VSCode/Archmorph/backend/.venv/lib/python3.13/site-packages/_pytest/config/__init__.py", line 201, in console_main
    code = main()
  File "/Users/idokatz/VSCode/Archmorph/backend/.venv/lib/python3.13/site-packages/_pytest/config/__init__.py", line 175, in main
    ret: ExitCode | int = config.hook.pytest_cmdline_main(config=config)
  File "/Users/idokatz/VSCode/Archmorph/backend/.venv/lib/python3.13/site-packages/pluggy/_hooks.py", line 512, in __call__
    return self._hookexec(self.name, self._hookimpls.copy(), kwargs, firstresult)
  File "/Users/idokatz/VSCode/Archmorph/backend/.venv/lib/python3.13/site-packages/pluggy/_manager.py", line 120, in _hookexec
    return self._inner_hookexec(hook_name, methods, kwargs, firstresult)
  File "/Users/idokatz/VSCode/Archmorph/backend/.venv/lib/python3.13/site-packages/pluggy/_callers.py", line 121, in _multicall
    res = hook_impl.function(*args)
  File "/Users/idokatz/VSCode/Archmorph/backend/.venv/lib/python3.13/site-packages/_pytest/main.py", line 330, in pytest_cmdline_main
    return wrap_session(config, _main)
  File "/Users/idokatz/VSCode/Archmorph/backend/.venv/lib/python3.13/site-packages/_pytest/main.py", line 283, in wrap_session
    session.exitstatus = doit(config, session) or 0
  File "/Users/idokatz/VSCode/Archmorph/backend/.venv/lib/python3.13/site-packages/_pytest/main.py", line 337, in _main
    config.hook.pytest_runtestloop(session=session)
  File "/Users/idokatz/VSCode/Archmorph/backend/.venv/lib/python3.13/site-packages/pluggy/_hooks.py", line 512, in __call__
    return self._hookexec(self.name, self._hookimpls.copy(), kwargs, firstresult)
  File "/Users/idokatz/VSCode/Archmorph/backend/.venv/lib/python3.13/site-packages/pluggy/_manager.py", line 120, in _hookexec
    return self._inner_hookexec(hook_name, methods, kwargs, firstresult)
  File "/Users/idokatz/VSCode/Archmorph/backend/.venv/lib/python3.13/site-packages/pluggy/_callers.py", line 121, in _multicall
    res = hook_impl.function(*args)
  File "/Users/idokatz/VSCode/Archmorph/backend/.venv/lib/python3.13/site-packages/_pytest/main.py", line 362, in pytest_runtestloop
    item.config.hook.pytest_runtest_protocol(item=item, nextitem=nextitem)
  File "/Users/idokatz/VSCode/Archmorph/backend/.venv/lib/python3.13/site-packages/pluggy/_hooks.py", line 512, in __call__
    return self._hookexec(self.name, self._hookimpls.copy(), kwargs, firstresult)
  File "/Users/idokatz/VSCode/Archmorph/backend/.venv/lib/python3.13/site-packages/pluggy/_manager.py", line 120, in _hookexec
    return self._inner_hookexec(hook_name, methods, kwargs, firstresult)
  File "/Users/idokatz/VSCode/Archmorph/backend/.venv/lib/python3.13/site-packages/pluggy/_callers.py", line 121, in _multicall
    res = hook_impl.function(*args)
  File "/Users/idokatz/VSCode/Archmorph/backend/.venv/lib/python3.13/site-packages/_pytest/runner.py", line 113, in pytest_runtest_protocol
    runtestprotocol(item, nextitem=nextitem)
  File "/Users/idokatz/VSCode/Archmorph/backend/.venv/lib/python3.13/site-packages/_pytest/runner.py", line 132, in runtestprotocol
    reports.append(call_and_report(item, "call", log))
  File "/Users/idokatz/VSCode/Archmorph/backend/.venv/lib/python3.13/site-packages/_pytest/runner.py", line 241, in call_and_report
    call = CallInfo.from_call(
  File "/Users/idokatz/VSCode/Archmorph/backend/.venv/lib/python3.13/site-packages/_pytest/runner.py", line 341, in from_call
    result: TResult | None = func()
  File "/Users/idokatz/VSCode/Archmorph/backend/.venv/lib/python3.13/site-packages/_pytest/runner.py", line 242, in <lambda>
    lambda: runtest_hook(item=item, **kwds), when=when, reraise=reraise
  File "/Users/idokatz/VSCode/Archmorph/backend/.venv/lib/python3.13/site-packages/pluggy/_hooks.py", line 512, in __call__
    return self._hookexec(self.name, self._hookimpls.copy(), kwargs, firstresult)
  File "/Users/idokatz/VSCode/Archmorph/backend/.venv/lib/python3.13/site-packages/pluggy/_manager.py", line 120, in _hookexec
    return self._inner_hookexec(hook_name, methods, kwargs, firstresult)
  File "/Users/idokatz/VSCode/Archmorph/backend/.venv/lib/python3.13/site-packages/pluggy/_callers.py", line 121, in _multicall
    res = hook_impl.function(*args)
  File "/Users/idokatz/VSCode/Archmorph/backend/.venv/lib/python3.13/site-packages/_pytest/runner.py", line 174, in pytest_runtest_call
    item.runtest()
  File "/Users/idokatz/VSCode/Archmorph/backend/.venv/lib/python3.13/site-packages/_pytest/python.py", line 1627, in runtest
    self.ihook.pytest_pyfunc_call(pyfuncitem=self)
  File "/Users/idokatz/VSCode/Archmorph/backend/.venv/lib/python3.13/site-packages/pluggy/_hooks.py", line 512, in __call__
    return self._hookexec(self.name, self._hookimpls.copy(), kwargs, firstresult)
  File "/Users/idokatz/VSCode/Archmorph/backend/.venv/lib/python3.13/site-packages/pluggy/_manager.py", line 120, in _hookexec
    return self._inner_hookexec(hook_name, methods, kwargs, firstresult)
  File "/Users/idokatz/VSCode/Archmorph/backend/.venv/lib/python3.13/site-packages/pluggy/_callers.py", line 121, in _multicall
    res = hook_impl.function(*args)
  File "/Users/idokatz/VSCode/Archmorph/backend/.venv/lib/python3.13/site-packages/_pytest/python.py", line 159, in pytest_pyfunc_call
    result = testfunction(**testargs)
  File "/Users/idokatz/VSCode/Archmorph/backend/tests/test_icon_registry.py", line 414, in test_visio_readme_present
    registry.ingest_icon_pack(small_zip_pack, pack_id="vis-4")
  File "/Users/idokatz/VSCode/Archmorph/backend/tests/../icons/registry.py", line 198, in ingest_icon_pack
    logger.info(
Message: "Icon pack '%s' ingested: %d icons, %d failed (%.2fs)"
Arguments: ('vis-4', '1', '0', '0.0003716660139616579')
------------------------------ Captured log call -------------------------------
INFO     icons.registry:registry.py:115 Ingesting icon pack from bytes
_______________________ TestIconAPI.test_upload_zip_pack _______________________
tests/test_icon_registry.py:456: in test_upload_zip_pack
    assert resp.status_code == 200
E   assert 500 == 200
E    +  where 500 = <Response [500 Internal Server Error]>.status_code
----------------------------- Captured stdout call -----------------------------
{"timestamp": "2026-03-14T15:17:29+0200", "level": "info", "name": "icons.registry", "message": "Ingesting icon pack from bytes", "logger": "icons.registry", "correlation_id": "0246592a-7c4e-464e-8039-54ed6767b372"}
{"timestamp": "2026-03-14T15:17:29+0200", "level": "error", "name": "icons.routes", "message": "Icon pack ingestion failed", "exc_info": "Traceback (most recent call last):\n  File \"/Users/idokatz/VSCode/Archmorph/backend/tests/../icons/routes.py\", line 74, in upload_icon_pack\n    result = registry.ingest_icon_pack(\n        source=content,\n        pack_id=pack_id,\n    )\n  File \"/Users/idokatz/VSCode/Archmorph/backend/tests/../icons/registry.py\", line 198, in ingest_icon_pack\n    logger.info(\n    ~~~~~~~~~~~^\n        \"Icon pack '%s' ingested: %d icons, %d failed (%.2fs)\",\n        ^^^^^^^^^^^^^^^^^^^^^^^^^^^^^^^^^^^^^^^^^^^^^^^^^^^^^^^\n        str(pid).replace('\\n', '').replace('\\r', ''), str(len(ingested_ids)).replace('\\n', '').replace('\\r', ''), str(failed).replace('\\n', '').replace('\\r', ''), str(elapsed).replace('\\n', '').replace('\\r', ''),  # lgtm[py/log-injection]\n        ^^^^^^^^^^^^^^^^^^^^^^^^^^^^^^^^^^^^^^^^^^^^^^^^^^^^^^^^^^^^^^^^^^^^^^^^^^^^^^^^^^^^^^^^^^^^^^^^^^^^^^^^^^^^^^^^^^^^^^^^^^^^^^^^^^^^^^^^^^^^^^^^^^^^^^^^^^^^^^^^^^^^^^^^^^^^^^^^^^^^^^^^^^^^^^^^^^^^^^^^^^^^^^^^^^^^^^^^^^^^^^^^^^^^^^\n    )\n    ^\n  File \"/opt/homebrew/Cellar/python@3.13/3.13.12_1/Frameworks/Python.framework/Versions/3.13/lib/python3.13/logging/__init__.py\", line 1520, in info\n    self._log(INFO, msg, args, **kwargs)\n    ~~~~~~~~~^^^^^^^^^^^^^^^^^^^^^^^^^^^\n  File \"/opt/homebrew/Cellar/python@3.13/3.13.12_1/Frameworks/Python.framework/Versions/3.13/lib/python3.13/logging/__init__.py\", line 1665, in _log\n    self.handle(record)\n    ~~~~~~~~~~~^^^^^^^^\n  File \"/opt/homebrew/Cellar/python@3.13/3.13.12_1/Frameworks/Python.framework/Versions/3.13/lib/python3.13/logging/__init__.py\", line 1681, in handle\n    self.callHandlers(record)\n    ~~~~~~~~~~~~~~~~~^^^^^^^^\n  File \"/opt/homebrew/Cellar/python@3.13/3.13.12_1/Frameworks/Python.framework/Versions/3.13/lib/python3.13/logging/__init__.py\", line 1737, in callHandlers\n    hdlr.handle(record)\n    ~~~~~~~~~~~^^^^^^^^\n  File \"/opt/homebrew/Cellar/python@3.13/3.13.12_1/Frameworks/Python.framework/Versions/3.13/lib/python3.13/logging/__init__.py\", line 1027, in handle\n    self.emit(record)\n    ~~~~~~~~~^^^^^^^^\n  File \"/Users/idokatz/VSCode/Archmorph/backend/.venv/lib/python3.13/site-packages/_pytest/logging.py\", line 386, in emit\n    super().emit(record)\n    ~~~~~~~~~~~~^^^^^^^^\n  File \"/opt/homebrew/Cellar/python@3.13/3.13.12_1/Frameworks/Python.framework/Versions/3.13/lib/python3.13/logging/__init__.py\", line 1159, in emit\n    self.handleError(record)\n    ~~~~~~~~~~~~~~~~^^^^^^^^\n  File \"/opt/homebrew/Cellar/python@3.13/3.13.12_1/Frameworks/Python.framework/Versions/3.13/lib/python3.13/logging/__init__.py\", line 1151, in emit\n    msg = self.format(record)\n  File \"/opt/homebrew/Cellar/python@3.13/3.13.12_1/Frameworks/Python.framework/Versions/3.13/lib/python3.13/logging/__init__.py\", line 999, in format\n    return fmt.format(record)\n           ~~~~~~~~~~^^^^^^^^\n  File \"/Users/idokatz/VSCode/Archmorph/backend/.venv/lib/python3.13/site-packages/_pytest/logging.py\", line 139, in format\n    return super().format(record)\n           ~~~~~~~~~~~~~~^^^^^^^^\n  File \"/opt/homebrew/Cellar/python@3.13/3.13.12_1/Frameworks/Python.framework/Versions/3.13/lib/python3.13/logging/__init__.py\", line 712, in format\n    record.message = record.getMessage()\n                     ~~~~~~~~~~~~~~~~~^^\n  File \"/opt/homebrew/Cellar/python@3.13/3.13.12_1/Frameworks/Python.framework/Versions/3.13/lib/python3.13/logging/__init__.py\", line 400, in getMessage\n    msg = msg % self.args\n          ~~~~^~~~~~~~~~~\nTypeError: %d format: a real number is required, not str", "logger": "icons.routes", "correlation_id": "0246592a-7c4e-464e-8039-54ed6767b372"}
{"timestamp": "2026-03-14T15:17:29+0200", "level": "info", "name": "error_envelope", "message": "ArchmorphException raised: 500 Icon pack ingestion failed. Please try again.", "logger": "error_envelope", "correlation_id": "0246592a-7c4e-464e-8039-54ed6767b372"}
{"timestamp": "2026-03-14T15:17:29+0200", "level": "info", "name": "main", "message": "request completed", "http_method": "POST", "http_path": "/api/icon-packs", "http_status": 500, "duration_ms": 14.99, "logger": "main"}
{"timestamp": "2026-03-14T15:17:29+0200", "level": "error", "name": "audit_logging", "message": "{\"audit\": true, \"timestamp\": \"2026-03-14T13:17:29.485576+00:00\", \"event_type\": \"api.error\", \"user_id\": null, \"session_id\": null, \"ip_address\": \"testclient\", \"endpoint\": \"/api/icon-packs\", \"method\": \"POST\", \"status_code\": 500, \"latency_ms\": 14.99, \"correlation_id\": \"\", \"details\": {}, \"risk_level\": \"medium\", \"severity\": \"error\"}", "logger": "audit_logging"}
----------------------------- Captured stderr call -----------------------------
--- Logging error ---
Traceback (most recent call last):
  File "/opt/homebrew/Cellar/python@3.13/3.13.12_1/Frameworks/Python.framework/Versions/3.13/lib/python3.13/logging/__init__.py", line 1151, in emit
    msg = self.format(record)
  File "/opt/homebrew/Cellar/python@3.13/3.13.12_1/Frameworks/Python.framework/Versions/3.13/lib/python3.13/logging/__init__.py", line 999, in format
    return fmt.format(record)
           ~~~~~~~~~~^^^^^^^^
  File "/Users/idokatz/VSCode/Archmorph/backend/.venv/lib/python3.13/site-packages/pythonjsonlogger/core.py", line 245, in format
    record.message = record.getMessage()
                     ~~~~~~~~~~~~~~~~~^^
  File "/opt/homebrew/Cellar/python@3.13/3.13.12_1/Frameworks/Python.framework/Versions/3.13/lib/python3.13/logging/__init__.py", line 400, in getMessage
    msg = msg % self.args
          ~~~~^~~~~~~~~~~
TypeError: %d format: a real number is required, not str
Call stack:
  File "/opt/homebrew/Cellar/python@3.13/3.13.12_1/Frameworks/Python.framework/Versions/3.13/lib/python3.13/threading.py", line 1015, in _bootstrap
    self._bootstrap_inner()
  File "/opt/homebrew/Cellar/python@3.13/3.13.12_1/Frameworks/Python.framework/Versions/3.13/lib/python3.13/threading.py", line 1044, in _bootstrap_inner
    self.run()
  File "/opt/homebrew/Cellar/python@3.13/3.13.12_1/Frameworks/Python.framework/Versions/3.13/lib/python3.13/threading.py", line 995, in run
    self._target(*self._args, **self._kwargs)
  File "/Users/idokatz/VSCode/Archmorph/backend/.venv/lib/python3.13/site-packages/anyio/from_thread.py", line 532, in run_blocking_portal
    run_eventloop(
  File "/Users/idokatz/VSCode/Archmorph/backend/.venv/lib/python3.13/site-packages/anyio/_core/_eventloop.py", line 77, in run
    return async_backend.run(func, args, {}, backend_options)
  File "/Users/idokatz/VSCode/Archmorph/backend/.venv/lib/python3.13/site-packages/anyio/_backends/_asyncio.py", line 2342, in run
    return runner.run(wrapper())
  File "/opt/homebrew/Cellar/python@3.13/3.13.12_1/Frameworks/Python.framework/Versions/3.13/lib/python3.13/asyncio/runners.py", line 118, in run
    return self._loop.run_until_complete(task)
  File "/opt/homebrew/Cellar/python@3.13/3.13.12_1/Frameworks/Python.framework/Versions/3.13/lib/python3.13/asyncio/base_events.py", line 712, in run_until_complete
    self.run_forever()
  File "/opt/homebrew/Cellar/python@3.13/3.13.12_1/Frameworks/Python.framework/Versions/3.13/lib/python3.13/asyncio/base_events.py", line 683, in run_forever
    self._run_once()
  File "/opt/homebrew/Cellar/python@3.13/3.13.12_1/Frameworks/Python.framework/Versions/3.13/lib/python3.13/asyncio/base_events.py", line 2050, in _run_once
    handle._run()
  File "/opt/homebrew/Cellar/python@3.13/3.13.12_1/Frameworks/Python.framework/Versions/3.13/lib/python3.13/asyncio/events.py", line 89, in _run
    self._context.run(self._callback, *self._args)
  File "/Users/idokatz/VSCode/Archmorph/backend/.venv/lib/python3.13/site-packages/starlette/middleware/base.py", line 144, in coro
    await self.app(scope, receive_or_disconnect, send_no_error)
  File "/Users/idokatz/VSCode/Archmorph/backend/.venv/lib/python3.13/site-packages/starlette/middleware/cors.py", line 87, in __call__
    await self.app(scope, receive, send)
  File "/Users/idokatz/VSCode/Archmorph/backend/.venv/lib/python3.13/site-packages/starlette/middleware/exceptions.py", line 63, in __call__
    await wrap_app_handling_exceptions(self.app, conn)(scope, receive, send)
  File "/Users/idokatz/VSCode/Archmorph/backend/.venv/lib/python3.13/site-packages/starlette/_exception_handler.py", line 42, in wrapped_app
    await app(scope, receive, sender)
  File "/Users/idokatz/VSCode/Archmorph/backend/.venv/lib/python3.13/site-packages/fastapi/middleware/asyncexitstack.py", line 18, in __call__
    await self.app(scope, receive, send)
  File "/Users/idokatz/VSCode/Archmorph/backend/.venv/lib/python3.13/site-packages/starlette/routing.py", line 716, in __call__
    await self.middleware_stack(scope, receive, send)
  File "/Users/idokatz/VSCode/Archmorph/backend/.venv/lib/python3.13/site-packages/starlette/routing.py", line 736, in app
    await route.handle(scope, receive, send)
  File "/Users/idokatz/VSCode/Archmorph/backend/.venv/lib/python3.13/site-packages/starlette/routing.py", line 290, in handle
    await self.app(scope, receive, send)
  File "/Users/idokatz/VSCode/Archmorph/backend/.venv/lib/python3.13/site-packages/fastapi/routing.py", line 129, in app
    await wrap_app_handling_exceptions(app, request)(scope, receive, send)
  File "/Users/idokatz/VSCode/Archmorph/backend/.venv/lib/python3.13/site-packages/starlette/_exception_handler.py", line 42, in wrapped_app
    await app(scope, receive, sender)
  File "/Users/idokatz/VSCode/Archmorph/backend/.venv/lib/python3.13/site-packages/fastapi/routing.py", line 115, in app
    response = await f(request)
  File "/Users/idokatz/VSCode/Archmorph/backend/.venv/lib/python3.13/site-packages/fastapi/routing.py", line 630, in app
    raw_response = await run_endpoint_function(
  File "/Users/idokatz/VSCode/Archmorph/backend/.venv/lib/python3.13/site-packages/fastapi/routing.py", line 323, in run_endpoint_function
    return await dependant.call(**values)
  File "/Users/idokatz/VSCode/Archmorph/backend/.venv/lib/python3.13/site-packages/slowapi/extension.py", line 734, in async_wrapper
    response = await func(*args, **kwargs)  # type: ignore
  File "/Users/idokatz/VSCode/Archmorph/backend/tests/../icons/routes.py", line 74, in upload_icon_pack
    result = registry.ingest_icon_pack(
  File "/Users/idokatz/VSCode/Archmorph/backend/tests/../icons/registry.py", line 198, in ingest_icon_pack
    logger.info(
Message: "Icon pack '%s' ingested: %d icons, %d failed (%.2fs)"
Arguments: ('api-test', '1', '0', '0.00037516700103878975')
------------------------------ Captured log call -------------------------------
INFO     icons.registry:registry.py:115 Ingesting icon pack from bytes
ERROR    icons.routes:routes.py:86 Icon pack ingestion failed
Traceback (most recent call last):
  File "/Users/idokatz/VSCode/Archmorph/backend/tests/../icons/routes.py", line 74, in upload_icon_pack
    result = registry.ingest_icon_pack(
        source=content,
        pack_id=pack_id,
    )
  File "/Users/idokatz/VSCode/Archmorph/backend/tests/../icons/registry.py", line 198, in ingest_icon_pack
    logger.info(
    ~~~~~~~~~~~^
        "Icon pack '%s' ingested: %d icons, %d failed (%.2fs)",
        ^^^^^^^^^^^^^^^^^^^^^^^^^^^^^^^^^^^^^^^^^^^^^^^^^^^^^^^
        str(pid).replace('\n', '').replace('\r', ''), str(len(ingested_ids)).replace('\n', '').replace('\r', ''), str(failed).replace('\n', '').replace('\r', ''), str(elapsed).replace('\n', '').replace('\r', ''),  # lgtm[py/log-injection]
        ^^^^^^^^^^^^^^^^^^^^^^^^^^^^^^^^^^^^^^^^^^^^^^^^^^^^^^^^^^^^^^^^^^^^^^^^^^^^^^^^^^^^^^^^^^^^^^^^^^^^^^^^^^^^^^^^^^^^^^^^^^^^^^^^^^^^^^^^^^^^^^^^^^^^^^^^^^^^^^^^^^^^^^^^^^^^^^^^^^^^^^^^^^^^^^^^^^^^^^^^^^^^^^^^^^^^^^^^^^^^^^^^^^^^^^
    )
    ^
  File "/opt/homebrew/Cellar/python@3.13/3.13.12_1/Frameworks/Python.framework/Versions/3.13/lib/python3.13/logging/__init__.py", line 1520, in info
    self._log(INFO, msg, args, **kwargs)
    ~~~~~~~~~^^^^^^^^^^^^^^^^^^^^^^^^^^^
  File "/opt/homebrew/Cellar/python@3.13/3.13.12_1/Frameworks/Python.framework/Versions/3.13/lib/python3.13/logging/__init__.py", line 1665, in _log
    self.handle(record)
    ~~~~~~~~~~~^^^^^^^^
  File "/opt/homebrew/Cellar/python@3.13/3.13.12_1/Frameworks/Python.framework/Versions/3.13/lib/python3.13/logging/__init__.py", line 1681, in handle
    self.callHandlers(record)
    ~~~~~~~~~~~~~~~~~^^^^^^^^
  File "/opt/homebrew/Cellar/python@3.13/3.13.12_1/Frameworks/Python.framework/Versions/3.13/lib/python3.13/logging/__init__.py", line 1737, in callHandlers
    hdlr.handle(record)
    ~~~~~~~~~~~^^^^^^^^
  File "/opt/homebrew/Cellar/python@3.13/3.13.12_1/Frameworks/Python.framework/Versions/3.13/lib/python3.13/logging/__init__.py", line 1027, in handle
    self.emit(record)
    ~~~~~~~~~^^^^^^^^
  File "/Users/idokatz/VSCode/Archmorph/backend/.venv/lib/python3.13/site-packages/_pytest/logging.py", line 386, in emit
    super().emit(record)
    ~~~~~~~~~~~~^^^^^^^^
  File "/opt/homebrew/Cellar/python@3.13/3.13.12_1/Frameworks/Python.framework/Versions/3.13/lib/python3.13/logging/__init__.py", line 1159, in emit
    self.handleError(record)
    ~~~~~~~~~~~~~~~~^^^^^^^^
  File "/opt/homebrew/Cellar/python@3.13/3.13.12_1/Frameworks/Python.framework/Versions/3.13/lib/python3.13/logging/__init__.py", line 1151, in emit
    msg = self.format(record)
  File "/opt/homebrew/Cellar/python@3.13/3.13.12_1/Frameworks/Python.framework/Versions/3.13/lib/python3.13/logging/__init__.py", line 999, in format
    return fmt.format(record)
           ~~~~~~~~~~^^^^^^^^
  File "/Users/idokatz/VSCode/Archmorph/backend/.venv/lib/python3.13/site-packages/_pytest/logging.py", line 139, in format
    return super().format(record)
           ~~~~~~~~~~~~~~^^^^^^^^
  File "/opt/homebrew/Cellar/python@3.13/3.13.12_1/Frameworks/Python.framework/Versions/3.13/lib/python3.13/logging/__init__.py", line 712, in format
    record.message = record.getMessage()
                     ~~~~~~~~~~~~~~~~~^^
  File "/opt/homebrew/Cellar/python@3.13/3.13.12_1/Frameworks/Python.framework/Versions/3.13/lib/python3.13/logging/__init__.py", line 400, in getMessage
    msg = msg % self.args
          ~~~~^~~~~~~~~~~
TypeError: %d format: a real number is required, not str
INFO     error_envelope:error_envelope.py:87 ArchmorphException raised: 500 Icon pack ingestion failed. Please try again.
INFO     main:main.py:238 request completed
ERROR    audit_logging:audit_logging.py:204 {"audit": true, "timestamp": "2026-03-14T13:17:29.485576+00:00", "event_type": "api.error", "user_id": null, "session_id": null, "ip_address": "testclient", "endpoint": "/api/icon-packs", "method": "POST", "status_code": 500, "latency_ms": 14.99, "correlation_id": "", "details": {}, "risk_level": "medium", "severity": "error"}
_________________ TestIconAPI.test_upload_then_download_drawio _________________
tests/test_icon_registry.py:475: in test_upload_then_download_drawio
    resp = self.client.get("/api/libraries/drawio?packId=api-drawio&embedMode=full")
.venv/lib/python3.13/site-packages/starlette/testclient.py:473: in get
    return super().get(
.venv/lib/python3.13/site-packages/httpx/_client.py:1053: in get
    return self.request(
.venv/lib/python3.13/site-packages/starlette/testclient.py:445: in request
    return super().request(
.venv/lib/python3.13/site-packages/httpx/_client.py:825: in request
    return self.send(request, auth=auth, follow_redirects=follow_redirects)
.venv/lib/python3.13/site-packages/httpx/_client.py:914: in send
    response = self._send_handling_auth(
.venv/lib/python3.13/site-packages/httpx/_client.py:942: in _send_handling_auth
    response = self._send_handling_redirects(
.venv/lib/python3.13/site-packages/httpx/_client.py:979: in _send_handling_redirects
    response = self._send_single_request(request)
.venv/lib/python3.13/site-packages/httpx/_client.py:1014: in _send_single_request
    response = transport.handle_request(request)
.venv/lib/python3.13/site-packages/starlette/testclient.py:348: in handle_request
    raise exc
.venv/lib/python3.13/site-packages/starlette/testclient.py:345: in handle_request
    portal.call(self.app, scope, receive, send)
.venv/lib/python3.13/site-packages/anyio/from_thread.py:334: in call
    return cast(T_Retval, self.start_task_soon(func, *args).result())
/opt/homebrew/Cellar/python@3.13/3.13.12_1/Frameworks/Python.framework/Versions/3.13/lib/python3.13/concurrent/futures/_base.py:456: in result
    return self.__get_result()
/opt/homebrew/Cellar/python@3.13/3.13.12_1/Frameworks/Python.framework/Versions/3.13/lib/python3.13/concurrent/futures/_base.py:401: in __get_result
    raise self._exception
.venv/lib/python3.13/site-packages/anyio/from_thread.py:259: in _call_func
    retval = await retval_or_awaitable
.venv/lib/python3.13/site-packages/fastapi/applications.py:1160: in __call__
    await super().__call__(scope, receive, send)
.venv/lib/python3.13/site-packages/starlette/applications.py:107: in __call__
    await self.middleware_stack(scope, receive, send)
.venv/lib/python3.13/site-packages/starlette/middleware/errors.py:186: in __call__
    raise exc
.venv/lib/python3.13/site-packages/starlette/middleware/errors.py:164: in __call__
    await self.app(scope, receive, _send)
.venv/lib/python3.13/site-packages/starlette/middleware/gzip.py:29: in __call__
    await responder(scope, receive, send)
.venv/lib/python3.13/site-packages/starlette/middleware/gzip.py:130: in __call__
    await super().__call__(scope, receive, send)
.venv/lib/python3.13/site-packages/starlette/middleware/gzip.py:46: in __call__
    await self.app(scope, receive, self.send_with_compression)
api_versioning.py:108: in __call__
    await self.app(scope, receive, send_wrapper)
.venv/lib/python3.13/site-packages/starlette/middleware/base.py:191: in __call__
    with recv_stream, send_stream, collapse_excgroups():
/opt/homebrew/Cellar/python@3.13/3.13.12_1/Frameworks/Python.framework/Versions/3.13/lib/python3.13/contextlib.py:162: in __exit__
    self.gen.throw(value)
.venv/lib/python3.13/site-packages/starlette/_utils.py:87: in collapse_excgroups
    raise exc
.venv/lib/python3.13/site-packages/starlette/middleware/base.py:193: in __call__
    response = await self.dispatch_func(request, call_next)
main.py:205: in dispatch
    response = await call_next(request)
.venv/lib/python3.13/site-packages/starlette/middleware/base.py:168: in call_next
    raise app_exc from app_exc.__cause__ or app_exc.__context__
.venv/lib/python3.13/site-packages/starlette/middleware/base.py:144: in coro
    await self.app(scope, receive_or_disconnect, send_no_error)
.venv/lib/python3.13/site-packages/starlette/middleware/cors.py:87: in __call__
    await self.app(scope, receive, send)
.venv/lib/python3.13/site-packages/starlette/middleware/exceptions.py:63: in __call__
    await wrap_app_handling_exceptions(self.app, conn)(scope, receive, send)
.venv/lib/python3.13/site-packages/starlette/_exception_handler.py:53: in wrapped_app
    raise exc
.venv/lib/python3.13/site-packages/starlette/_exception_handler.py:42: in wrapped_app
    await app(scope, receive, sender)
.venv/lib/python3.13/site-packages/fastapi/middleware/asyncexitstack.py:18: in __call__
    await self.app(scope, receive, send)
.venv/lib/python3.13/site-packages/starlette/routing.py:716: in __call__
    await self.middleware_stack(scope, receive, send)
.venv/lib/python3.13/site-packages/starlette/routing.py:736: in app
    await route.handle(scope, receive, send)
.venv/lib/python3.13/site-packages/starlette/routing.py:290: in handle
    await self.app(scope, receive, send)
.venv/lib/python3.13/site-packages/fastapi/routing.py:129: in app
    await wrap_app_handling_exceptions(app, request)(scope, receive, send)
.venv/lib/python3.13/site-packages/starlette/_exception_handler.py:53: in wrapped_app
    raise exc
.venv/lib/python3.13/site-packages/starlette/_exception_handler.py:42: in wrapped_app
    await app(scope, receive, sender)
.venv/lib/python3.13/site-packages/fastapi/routing.py:115: in app
    response = await f(request)
.venv/lib/python3.13/site-packages/fastapi/routing.py:630: in app
    raw_response = await run_endpoint_function(
.venv/lib/python3.13/site-packages/fastapi/routing.py:323: in run_endpoint_function
    return await dependant.call(**values)
icons/routes.py:186: in download_drawio_library
    data = build_drawio_library(pack_id, embed_mode=embed_mode, title=title)
icons/builders/drawio.py:86: in build_drawio_library
    logger.info(
/opt/homebrew/Cellar/python@3.13/3.13.12_1/Frameworks/Python.framework/Versions/3.13/lib/python3.13/logging/__init__.py:1520: in info
    self._log(INFO, msg, args, **kwargs)
/opt/homebrew/Cellar/python@3.13/3.13.12_1/Frameworks/Python.framework/Versions/3.13/lib/python3.13/logging/__init__.py:1665: in _log
    self.handle(record)
/opt/homebrew/Cellar/python@3.13/3.13.12_1/Frameworks/Python.framework/Versions/3.13/lib/python3.13/logging/__init__.py:1681: in handle
    self.callHandlers(record)
/opt/homebrew/Cellar/python@3.13/3.13.12_1/Frameworks/Python.framework/Versions/3.13/lib/python3.13/logging/__init__.py:1737: in callHandlers
    hdlr.handle(record)
/opt/homebrew/Cellar/python@3.13/3.13.12_1/Frameworks/Python.framework/Versions/3.13/lib/python3.13/logging/__init__.py:1027: in handle
    self.emit(record)
.venv/lib/python3.13/site-packages/_pytest/logging.py:386: in emit
    super().emit(record)
/opt/homebrew/Cellar/python@3.13/3.13.12_1/Frameworks/Python.framework/Versions/3.13/lib/python3.13/logging/__init__.py:1159: in emit
    self.handleError(record)
/opt/homebrew/Cellar/python@3.13/3.13.12_1/Frameworks/Python.framework/Versions/3.13/lib/python3.13/logging/__init__.py:1151: in emit
    msg = self.format(record)
/opt/homebrew/Cellar/python@3.13/3.13.12_1/Frameworks/Python.framework/Versions/3.13/lib/python3.13/logging/__init__.py:999: in format
    return fmt.format(record)
.venv/lib/python3.13/site-packages/_pytest/logging.py:139: in format
    return super().format(record)
/opt/homebrew/Cellar/python@3.13/3.13.12_1/Frameworks/Python.framework/Versions/3.13/lib/python3.13/logging/__init__.py:712: in format
    record.message = record.getMessage()
/opt/homebrew/Cellar/python@3.13/3.13.12_1/Frameworks/Python.framework/Versions/3.13/lib/python3.13/logging/__init__.py:400: in getMessage
    msg = msg % self.args
E   TypeError: %d format: a real number is required, not str
----------------------------- Captured stdout call -----------------------------
{"timestamp": "2026-03-14T15:17:29+0200", "level": "info", "name": "icons.registry", "message": "Ingesting icon pack from bytes", "logger": "icons.registry", "correlation_id": "08a30ebb-e72f-4ea3-8d4c-f02d356897b6"}
{"timestamp": "2026-03-14T15:17:29+0200", "level": "error", "name": "icons.routes", "message": "Icon pack ingestion failed", "exc_info": "Traceback (most recent call last):\n  File \"/Users/idokatz/VSCode/Archmorph/backend/tests/../icons/routes.py\", line 74, in upload_icon_pack\n    result = registry.ingest_icon_pack(\n        source=content,\n        pack_id=pack_id,\n    )\n  File \"/Users/idokatz/VSCode/Archmorph/backend/tests/../icons/registry.py\", line 198, in ingest_icon_pack\n    logger.info(\n    ~~~~~~~~~~~^\n        \"Icon pack '%s' ingested: %d icons, %d failed (%.2fs)\",\n        ^^^^^^^^^^^^^^^^^^^^^^^^^^^^^^^^^^^^^^^^^^^^^^^^^^^^^^^\n        str(pid).replace('\\n', '').replace('\\r', ''), str(len(ingested_ids)).replace('\\n', '').replace('\\r', ''), str(failed).replace('\\n', '').replace('\\r', ''), str(elapsed).replace('\\n', '').replace('\\r', ''),  # lgtm[py/log-injection]\n        ^^^^^^^^^^^^^^^^^^^^^^^^^^^^^^^^^^^^^^^^^^^^^^^^^^^^^^^^^^^^^^^^^^^^^^^^^^^^^^^^^^^^^^^^^^^^^^^^^^^^^^^^^^^^^^^^^^^^^^^^^^^^^^^^^^^^^^^^^^^^^^^^^^^^^^^^^^^^^^^^^^^^^^^^^^^^^^^^^^^^^^^^^^^^^^^^^^^^^^^^^^^^^^^^^^^^^^^^^^^^^^^^^^^^^^\n    )\n    ^\n  File \"/opt/homebrew/Cellar/python@3.13/3.13.12_1/Frameworks/Python.framework/Versions/3.13/lib/python3.13/logging/__init__.py\", line 1520, in info\n    self._log(INFO, msg, args, **kwargs)\n    ~~~~~~~~~^^^^^^^^^^^^^^^^^^^^^^^^^^^\n  File \"/opt/homebrew/Cellar/python@3.13/3.13.12_1/Frameworks/Python.framework/Versions/3.13/lib/python3.13/logging/__init__.py\", line 1665, in _log\n    self.handle(record)\n    ~~~~~~~~~~~^^^^^^^^\n  File \"/opt/homebrew/Cellar/python@3.13/3.13.12_1/Frameworks/Python.framework/Versions/3.13/lib/python3.13/logging/__init__.py\", line 1681, in handle\n    self.callHandlers(record)\n    ~~~~~~~~~~~~~~~~~^^^^^^^^\n  File \"/opt/homebrew/Cellar/python@3.13/3.13.12_1/Frameworks/Python.framework/Versions/3.13/lib/python3.13/logging/__init__.py\", line 1737, in callHandlers\n    hdlr.handle(record)\n    ~~~~~~~~~~~^^^^^^^^\n  File \"/opt/homebrew/Cellar/python@3.13/3.13.12_1/Frameworks/Python.framework/Versions/3.13/lib/python3.13/logging/__init__.py\", line 1027, in handle\n    self.emit(record)\n    ~~~~~~~~~^^^^^^^^\n  File \"/Users/idokatz/VSCode/Archmorph/backend/.venv/lib/python3.13/site-packages/_pytest/logging.py\", line 386, in emit\n    super().emit(record)\n    ~~~~~~~~~~~~^^^^^^^^\n  File \"/opt/homebrew/Cellar/python@3.13/3.13.12_1/Frameworks/Python.framework/Versions/3.13/lib/python3.13/logging/__init__.py\", line 1159, in emit\n    self.handleError(record)\n    ~~~~~~~~~~~~~~~~^^^^^^^^\n  File \"/opt/homebrew/Cellar/python@3.13/3.13.12_1/Frameworks/Python.framework/Versions/3.13/lib/python3.13/logging/__init__.py\", line 1151, in emit\n    msg = self.format(record)\n  File \"/opt/homebrew/Cellar/python@3.13/3.13.12_1/Frameworks/Python.framework/Versions/3.13/lib/python3.13/logging/__init__.py\", line 999, in format\n    return fmt.format(record)\n           ~~~~~~~~~~^^^^^^^^\n  File \"/Users/idokatz/VSCode/Archmorph/backend/.venv/lib/python3.13/site-packages/_pytest/logging.py\", line 139, in format\n    return super().format(record)\n           ~~~~~~~~~~~~~~^^^^^^^^\n  File \"/opt/homebrew/Cellar/python@3.13/3.13.12_1/Frameworks/Python.framework/Versions/3.13/lib/python3.13/logging/__init__.py\", line 712, in format\n    record.message = record.getMessage()\n                     ~~~~~~~~~~~~~~~~~^^\n  File \"/opt/homebrew/Cellar/python@3.13/3.13.12_1/Frameworks/Python.framework/Versions/3.13/lib/python3.13/logging/__init__.py\", line 400, in getMessage\n    msg = msg % self.args\n          ~~~~^~~~~~~~~~~\nTypeError: %d format: a real number is required, not str", "logger": "icons.routes", "correlation_id": "08a30ebb-e72f-4ea3-8d4c-f02d356897b6"}
{"timestamp": "2026-03-14T15:17:29+0200", "level": "info", "name": "error_envelope", "message": "ArchmorphException raised: 500 Icon pack ingestion failed. Please try again.", "logger": "error_envelope", "correlation_id": "08a30ebb-e72f-4ea3-8d4c-f02d356897b6"}
{"timestamp": "2026-03-14T15:17:29+0200", "level": "info", "name": "main", "message": "request completed", "http_method": "POST", "http_path": "/api/icon-packs", "http_status": 500, "duration_ms": 3.87, "logger": "main"}
{"timestamp": "2026-03-14T15:17:29+0200", "level": "error", "name": "audit_logging", "message": "{\"audit\": true, \"timestamp\": \"2026-03-14T13:17:29.501745+00:00\", \"event_type\": \"api.error\", \"user_id\": null, \"session_id\": null, \"ip_address\": \"testclient\", \"endpoint\": \"/api/icon-packs\", \"method\": \"POST\", \"status_code\": 500, \"latency_ms\": 3.87, \"correlation_id\": \"\", \"details\": {}, \"risk_level\": \"medium\", \"severity\": \"error\"}", "logger": "audit_logging"}
{"timestamp": "2026-03-14T15:17:29+0200", "level": "error", "name": "error_envelope", "message": "Unhandled exception: %d format: a real number is required, not str", "exc_info": "Traceback (most recent call last):\n  File \"/Users/idokatz/VSCode/Archmorph/backend/.venv/lib/python3.13/site-packages/starlette/middleware/errors.py\", line 164, in __call__\n    await self.app(scope, receive, _send)\n  File \"/Users/idokatz/VSCode/Archmorph/backend/.venv/lib/python3.13/site-packages/starlette/middleware/gzip.py\", line 29, in __call__\n    await responder(scope, receive, send)\n  File \"/Users/idokatz/VSCode/Archmorph/backend/.venv/lib/python3.13/site-packages/starlette/middleware/gzip.py\", line 130, in __call__\n    await super().__call__(scope, receive, send)\n  File \"/Users/idokatz/VSCode/Archmorph/backend/.venv/lib/python3.13/site-packages/starlette/middleware/gzip.py\", line 46, in __call__\n    await self.app(scope, receive, self.send_with_compression)\n  File \"/Users/idokatz/VSCode/Archmorph/backend/tests/../api_versioning.py\", line 108, in __call__\n    await self.app(scope, receive, send_wrapper)\n  File \"/Users/idokatz/VSCode/Archmorph/backend/.venv/lib/python3.13/site-packages/starlette/middleware/base.py\", line 191, in __call__\n    with recv_stream, send_stream, collapse_excgroups():\n                                   ~~~~~~~~~~~~~~~~~~^^\n  File \"/opt/homebrew/Cellar/python@3.13/3.13.12_1/Frameworks/Python.framework/Versions/3.13/lib/python3.13/contextlib.py\", line 162, in __exit__\n    self.gen.throw(value)\n    ~~~~~~~~~~~~~~^^^^^^^\n  File \"/Users/idokatz/VSCode/Archmorph/backend/.venv/lib/python3.13/site-packages/starlette/_utils.py\", line 87, in collapse_excgroups\n    raise exc\n  File \"/Users/idokatz/VSCode/Archmorph/backend/.venv/lib/python3.13/site-packages/starlette/middleware/base.py\", line 193, in __call__\n    response = await self.dispatch_func(request, call_next)\n               ^^^^^^^^^^^^^^^^^^^^^^^^^^^^^^^^^^^^^^^^^^^^\n  File \"/Users/idokatz/VSCode/Archmorph/backend/tests/../main.py\", line 205, in dispatch\n    response = await call_next(request)\n               ^^^^^^^^^^^^^^^^^^^^^^^^\n  File \"/Users/idokatz/VSCode/Archmorph/backend/.venv/lib/python3.13/site-packages/starlette/middleware/base.py\", line 168, in call_next\n    raise app_exc from app_exc.__cause__ or app_exc.__context__\n  File \"/Users/idokatz/VSCode/Archmorph/backend/.venv/lib/python3.13/site-packages/starlette/middleware/base.py\", line 144, in coro\n    await self.app(scope, receive_or_disconnect, send_no_error)\n  File \"/Users/idokatz/VSCode/Archmorph/backend/.venv/lib/python3.13/site-packages/starlette/middleware/cors.py\", line 87, in __call__\n    await self.app(scope, receive, send)\n  File \"/Users/idokatz/VSCode/Archmorph/backend/.venv/lib/python3.13/site-packages/starlette/middleware/exceptions.py\", line 63, in __call__\n    await wrap_app_handling_exceptions(self.app, conn)(scope, receive, send)\n  File \"/Users/idokatz/VSCode/Archmorph/backend/.venv/lib/python3.13/site-packages/starlette/_exception_handler.py\", line 53, in wrapped_app\n    raise exc\n  File \"/Users/idokatz/VSCode/Archmorph/backend/.venv/lib/python3.13/site-packages/starlette/_exception_handler.py\", line 42, in wrapped_app\n    await app(scope, receive, sender)\n  File \"/Users/idokatz/VSCode/Archmorph/backend/.venv/lib/python3.13/site-packages/fastapi/middleware/asyncexitstack.py\", line 18, in __call__\n    await self.app(scope, receive, send)\n  File \"/Users/idokatz/VSCode/Archmorph/backend/.venv/lib/python3.13/site-packages/starlette/routing.py\", line 716, in __call__\n    await self.middleware_stack(scope, receive, send)\n  File \"/Users/idokatz/VSCode/Archmorph/backend/.venv/lib/python3.13/site-packages/starlette/routing.py\", line 736, in app\n    await route.handle(scope, receive, send)\n  File \"/Users/idokatz/VSCode/Archmorph/backend/.venv/lib/python3.13/site-packages/starlette/routing.py\", line 290, in handle\n    await self.app(scope, receive, send)\n  File \"/Users/idokatz/VSCode/Archmorph/backend/.venv/lib/python3.13/site-packages/fastapi/routing.py\", line 129, in app\n    await wrap_app_handling_exceptions(app, request)(scope, receive, send)\n  File \"/Users/idokatz/VSCode/Archmorph/backend/.venv/lib/python3.13/site-packages/starlette/_exception_handler.py\", line 53, in wrapped_app\n    raise exc\n  File \"/Users/idokatz/VSCode/Archmorph/backend/.venv/lib/python3.13/site-packages/starlette/_exception_handler.py\", line 42, in wrapped_app\n    await app(scope, receive, sender)\n  File \"/Users/idokatz/VSCode/Archmorph/backend/.venv/lib/python3.13/site-packages/fastapi/routing.py\", line 115, in app\n    response = await f(request)\n               ^^^^^^^^^^^^^^^^\n  File \"/Users/idokatz/VSCode/Archmorph/backend/.venv/lib/python3.13/site-packages/fastapi/routing.py\", line 630, in app\n    raw_response = await run_endpoint_function(\n                   ^^^^^^^^^^^^^^^^^^^^^^^^^^^^\n    ...<3 lines>...\n    )\n    ^\n  File \"/Users/idokatz/VSCode/Archmorph/backend/.venv/lib/python3.13/site-packages/fastapi/routing.py\", line 323, in run_endpoint_function\n    return await dependant.call(**values)\n           ^^^^^^^^^^^^^^^^^^^^^^^^^^^^^^\n  File \"/Users/idokatz/VSCode/Archmorph/backend/tests/../icons/routes.py\", line 186, in download_drawio_library\n    data = build_drawio_library(pack_id, embed_mode=embed_mode, title=title)\n  File \"/Users/idokatz/VSCode/Archmorph/backend/tests/../icons/builders/drawio.py\", line 86, in build_drawio_library\n    logger.info(\n    ~~~~~~~~~~~^\n        \"Built draw.io library '%s' (%d icons, %s mode, %.2fs)\",\n        ^^^^^^^^^^^^^^^^^^^^^^^^^^^^^^^^^^^^^^^^^^^^^^^^^^^^^^^^\n        str(pack_id).replace('\\n', '').replace('\\r', ''), str(len(entries)).replace('\\n', '').replace('\\r', ''), str(embed_mode).replace('\\n', '').replace('\\r', ''), str(elapsed).replace('\\n', '').replace('\\r', ''),  # lgtm[py/log-injection]\n        ^^^^^^^^^^^^^^^^^^^^^^^^^^^^^^^^^^^^^^^^^^^^^^^^^^^^^^^^^^^^^^^^^^^^^^^^^^^^^^^^^^^^^^^^^^^^^^^^^^^^^^^^^^^^^^^^^^^^^^^^^^^^^^^^^^^^^^^^^^^^^^^^^^^^^^^^^^^^^^^^^^^^^^^^^^^^^^^^^^^^^^^^^^^^^^^^^^^^^^^^^^^^^^^^^^^^^^^^^^^^^^^^^^^^^^^^^\n    )\n    ^\n  File \"/opt/homebrew/Cellar/python@3.13/3.13.12_1/Frameworks/Python.framework/Versions/3.13/lib/python3.13/logging/__init__.py\", line 1520, in info\n    self._log(INFO, msg, args, **kwargs)\n    ~~~~~~~~~^^^^^^^^^^^^^^^^^^^^^^^^^^^\n  File \"/opt/homebrew/Cellar/python@3.13/3.13.12_1/Frameworks/Python.framework/Versions/3.13/lib/python3.13/logging/__init__.py\", line 1665, in _log\n    self.handle(record)\n    ~~~~~~~~~~~^^^^^^^^\n  File \"/opt/homebrew/Cellar/python@3.13/3.13.12_1/Frameworks/Python.framework/Versions/3.13/lib/python3.13/logging/__init__.py\", line 1681, in handle\n    self.callHandlers(record)\n    ~~~~~~~~~~~~~~~~~^^^^^^^^\n  File \"/opt/homebrew/Cellar/python@3.13/3.13.12_1/Frameworks/Python.framework/Versions/3.13/lib/python3.13/logging/__init__.py\", line 1737, in callHandlers\n    hdlr.handle(record)\n    ~~~~~~~~~~~^^^^^^^^\n  File \"/opt/homebrew/Cellar/python@3.13/3.13.12_1/Frameworks/Python.framework/Versions/3.13/lib/python3.13/logging/__init__.py\", line 1027, in handle\n    self.emit(record)\n    ~~~~~~~~~^^^^^^^^\n  File \"/Users/idokatz/VSCode/Archmorph/backend/.venv/lib/python3.13/site-packages/_pytest/logging.py\", line 386, in emit\n    super().emit(record)\n    ~~~~~~~~~~~~^^^^^^^^\n  File \"/opt/homebrew/Cellar/python@3.13/3.13.12_1/Frameworks/Python.framework/Versions/3.13/lib/python3.13/logging/__init__.py\", line 1159, in emit\n    self.handleError(record)\n    ~~~~~~~~~~~~~~~~^^^^^^^^\n  File \"/opt/homebrew/Cellar/python@3.13/3.13.12_1/Frameworks/Python.framework/Versions/3.13/lib/python3.13/logging/__init__.py\", line 1151, in emit\n    msg = self.format(record)\n  File \"/opt/homebrew/Cellar/python@3.13/3.13.12_1/Frameworks/Python.framework/Versions/3.13/lib/python3.13/logging/__init__.py\", line 999, in format\n    return fmt.format(record)\n           ~~~~~~~~~~^^^^^^^^\n  File \"/Users/idokatz/VSCode/Archmorph/backend/.venv/lib/python3.13/site-packages/_pytest/logging.py\", line 139, in format\n    return super().format(record)\n           ~~~~~~~~~~~~~~^^^^^^^^\n  File \"/opt/homebrew/Cellar/python@3.13/3.13.12_1/Frameworks/Python.framework/Versions/3.13/lib/python3.13/logging/__init__.py\", line 712, in format\n    record.message = record.getMessage()\n                     ~~~~~~~~~~~~~~~~~^^\n  File \"/opt/homebrew/Cellar/python@3.13/3.13.12_1/Frameworks/Python.framework/Versions/3.13/lib/python3.13/logging/__init__.py\", line 400, in getMessage\n    msg = msg % self.args\n          ~~~~^~~~~~~~~~~\nTypeError: %d format: a real number is required, not str", "logger": "error_envelope"}
----------------------------- Captured stderr call -----------------------------
--- Logging error ---
Traceback (most recent call last):
  File "/opt/homebrew/Cellar/python@3.13/3.13.12_1/Frameworks/Python.framework/Versions/3.13/lib/python3.13/logging/__init__.py", line 1151, in emit
    msg = self.format(record)
  File "/opt/homebrew/Cellar/python@3.13/3.13.12_1/Frameworks/Python.framework/Versions/3.13/lib/python3.13/logging/__init__.py", line 999, in format
    return fmt.format(record)
           ~~~~~~~~~~^^^^^^^^
  File "/Users/idokatz/VSCode/Archmorph/backend/.venv/lib/python3.13/site-packages/pythonjsonlogger/core.py", line 245, in format
    record.message = record.getMessage()
                     ~~~~~~~~~~~~~~~~~^^
  File "/opt/homebrew/Cellar/python@3.13/3.13.12_1/Frameworks/Python.framework/Versions/3.13/lib/python3.13/logging/__init__.py", line 400, in getMessage
    msg = msg % self.args
          ~~~~^~~~~~~~~~~
TypeError: %d format: a real number is required, not str
Call stack:
  File "/opt/homebrew/Cellar/python@3.13/3.13.12_1/Frameworks/Python.framework/Versions/3.13/lib/python3.13/threading.py", line 1015, in _bootstrap
    self._bootstrap_inner()
  File "/opt/homebrew/Cellar/python@3.13/3.13.12_1/Frameworks/Python.framework/Versions/3.13/lib/python3.13/threading.py", line 1044, in _bootstrap_inner
    self.run()
  File "/opt/homebrew/Cellar/python@3.13/3.13.12_1/Frameworks/Python.framework/Versions/3.13/lib/python3.13/threading.py", line 995, in run
    self._target(*self._args, **self._kwargs)
  File "/Users/idokatz/VSCode/Archmorph/backend/.venv/lib/python3.13/site-packages/anyio/from_thread.py", line 532, in run_blocking_portal
    run_eventloop(
  File "/Users/idokatz/VSCode/Archmorph/backend/.venv/lib/python3.13/site-packages/anyio/_core/_eventloop.py", line 77, in run
    return async_backend.run(func, args, {}, backend_options)
  File "/Users/idokatz/VSCode/Archmorph/backend/.venv/lib/python3.13/site-packages/anyio/_backends/_asyncio.py", line 2342, in run
    return runner.run(wrapper())
  File "/opt/homebrew/Cellar/python@3.13/3.13.12_1/Frameworks/Python.framework/Versions/3.13/lib/python3.13/asyncio/runners.py", line 118, in run
    return self._loop.run_until_complete(task)
  File "/opt/homebrew/Cellar/python@3.13/3.13.12_1/Frameworks/Python.framework/Versions/3.13/lib/python3.13/asyncio/base_events.py", line 712, in run_until_complete
    self.run_forever()
  File "/opt/homebrew/Cellar/python@3.13/3.13.12_1/Frameworks/Python.framework/Versions/3.13/lib/python3.13/asyncio/base_events.py", line 683, in run_forever
    self._run_once()
  File "/opt/homebrew/Cellar/python@3.13/3.13.12_1/Frameworks/Python.framework/Versions/3.13/lib/python3.13/asyncio/base_events.py", line 2050, in _run_once
    handle._run()
  File "/opt/homebrew/Cellar/python@3.13/3.13.12_1/Frameworks/Python.framework/Versions/3.13/lib/python3.13/asyncio/events.py", line 89, in _run
    self._context.run(self._callback, *self._args)
  File "/Users/idokatz/VSCode/Archmorph/backend/.venv/lib/python3.13/site-packages/starlette/middleware/base.py", line 144, in coro
    await self.app(scope, receive_or_disconnect, send_no_error)
  File "/Users/idokatz/VSCode/Archmorph/backend/.venv/lib/python3.13/site-packages/starlette/middleware/cors.py", line 87, in __call__
    await self.app(scope, receive, send)
  File "/Users/idokatz/VSCode/Archmorph/backend/.venv/lib/python3.13/site-packages/starlette/middleware/exceptions.py", line 63, in __call__
    await wrap_app_handling_exceptions(self.app, conn)(scope, receive, send)
  File "/Users/idokatz/VSCode/Archmorph/backend/.venv/lib/python3.13/site-packages/starlette/_exception_handler.py", line 42, in wrapped_app
    await app(scope, receive, sender)
  File "/Users/idokatz/VSCode/Archmorph/backend/.venv/lib/python3.13/site-packages/fastapi/middleware/asyncexitstack.py", line 18, in __call__
    await self.app(scope, receive, send)
  File "/Users/idokatz/VSCode/Archmorph/backend/.venv/lib/python3.13/site-packages/starlette/routing.py", line 716, in __call__
    await self.middleware_stack(scope, receive, send)
  File "/Users/idokatz/VSCode/Archmorph/backend/.venv/lib/python3.13/site-packages/starlette/routing.py", line 736, in app
    await route.handle(scope, receive, send)
  File "/Users/idokatz/VSCode/Archmorph/backend/.venv/lib/python3.13/site-packages/starlette/routing.py", line 290, in handle
    await self.app(scope, receive, send)
  File "/Users/idokatz/VSCode/Archmorph/backend/.venv/lib/python3.13/site-packages/fastapi/routing.py", line 129, in app
    await wrap_app_handling_exceptions(app, request)(scope, receive, send)
  File "/Users/idokatz/VSCode/Archmorph/backend/.venv/lib/python3.13/site-packages/starlette/_exception_handler.py", line 42, in wrapped_app
    await app(scope, receive, sender)
  File "/Users/idokatz/VSCode/Archmorph/backend/.venv/lib/python3.13/site-packages/fastapi/routing.py", line 115, in app
    response = await f(request)
  File "/Users/idokatz/VSCode/Archmorph/backend/.venv/lib/python3.13/site-packages/fastapi/routing.py", line 630, in app
    raw_response = await run_endpoint_function(
  File "/Users/idokatz/VSCode/Archmorph/backend/.venv/lib/python3.13/site-packages/fastapi/routing.py", line 323, in run_endpoint_function
    return await dependant.call(**values)
  File "/Users/idokatz/VSCode/Archmorph/backend/.venv/lib/python3.13/site-packages/slowapi/extension.py", line 734, in async_wrapper
    response = await func(*args, **kwargs)  # type: ignore
  File "/Users/idokatz/VSCode/Archmorph/backend/tests/../icons/routes.py", line 74, in upload_icon_pack
    result = registry.ingest_icon_pack(
  File "/Users/idokatz/VSCode/Archmorph/backend/tests/../icons/registry.py", line 198, in ingest_icon_pack
    logger.info(
Message: "Icon pack '%s' ingested: %d icons, %d failed (%.2fs)"
Arguments: ('api-drawio', '1', '0', '0.0003217080084141344')
--- Logging error ---
Traceback (most recent call last):
  File "/opt/homebrew/Cellar/python@3.13/3.13.12_1/Frameworks/Python.framework/Versions/3.13/lib/python3.13/logging/__init__.py", line 1151, in emit
    msg = self.format(record)
  File "/opt/homebrew/Cellar/python@3.13/3.13.12_1/Frameworks/Python.framework/Versions/3.13/lib/python3.13/logging/__init__.py", line 999, in format
    return fmt.format(record)
           ~~~~~~~~~~^^^^^^^^
  File "/Users/idokatz/VSCode/Archmorph/backend/.venv/lib/python3.13/site-packages/pythonjsonlogger/core.py", line 245, in format
    record.message = record.getMessage()
                     ~~~~~~~~~~~~~~~~~^^
  File "/opt/homebrew/Cellar/python@3.13/3.13.12_1/Frameworks/Python.framework/Versions/3.13/lib/python3.13/logging/__init__.py", line 400, in getMessage
    msg = msg % self.args
          ~~~~^~~~~~~~~~~
TypeError: %d format: a real number is required, not str
Call stack:
  File "/opt/homebrew/Cellar/python@3.13/3.13.12_1/Frameworks/Python.framework/Versions/3.13/lib/python3.13/threading.py", line 1015, in _bootstrap
    self._bootstrap_inner()
  File "/opt/homebrew/Cellar/python@3.13/3.13.12_1/Frameworks/Python.framework/Versions/3.13/lib/python3.13/threading.py", line 1044, in _bootstrap_inner
    self.run()
  File "/opt/homebrew/Cellar/python@3.13/3.13.12_1/Frameworks/Python.framework/Versions/3.13/lib/python3.13/threading.py", line 995, in run
    self._target(*self._args, **self._kwargs)
  File "/Users/idokatz/VSCode/Archmorph/backend/.venv/lib/python3.13/site-packages/anyio/from_thread.py", line 532, in run_blocking_portal
    run_eventloop(
  File "/Users/idokatz/VSCode/Archmorph/backend/.venv/lib/python3.13/site-packages/anyio/_core/_eventloop.py", line 77, in run
    return async_backend.run(func, args, {}, backend_options)
  File "/Users/idokatz/VSCode/Archmorph/backend/.venv/lib/python3.13/site-packages/anyio/_backends/_asyncio.py", line 2342, in run
    return runner.run(wrapper())
  File "/opt/homebrew/Cellar/python@3.13/3.13.12_1/Frameworks/Python.framework/Versions/3.13/lib/python3.13/asyncio/runners.py", line 118, in run
    return self._loop.run_until_complete(task)
  File "/opt/homebrew/Cellar/python@3.13/3.13.12_1/Frameworks/Python.framework/Versions/3.13/lib/python3.13/asyncio/base_events.py", line 712, in run_until_complete
    self.run_forever()
  File "/opt/homebrew/Cellar/python@3.13/3.13.12_1/Frameworks/Python.framework/Versions/3.13/lib/python3.13/asyncio/base_events.py", line 683, in run_forever
    self._run_once()
  File "/opt/homebrew/Cellar/python@3.13/3.13.12_1/Frameworks/Python.framework/Versions/3.13/lib/python3.13/asyncio/base_events.py", line 2050, in _run_once
    handle._run()
  File "/opt/homebrew/Cellar/python@3.13/3.13.12_1/Frameworks/Python.framework/Versions/3.13/lib/python3.13/asyncio/events.py", line 89, in _run
    self._context.run(self._callback, *self._args)
  File "/Users/idokatz/VSCode/Archmorph/backend/.venv/lib/python3.13/site-packages/starlette/middleware/base.py", line 144, in coro
    await self.app(scope, receive_or_disconnect, send_no_error)
  File "/Users/idokatz/VSCode/Archmorph/backend/.venv/lib/python3.13/site-packages/starlette/middleware/cors.py", line 87, in __call__
    await self.app(scope, receive, send)
  File "/Users/idokatz/VSCode/Archmorph/backend/.venv/lib/python3.13/site-packages/starlette/middleware/exceptions.py", line 63, in __call__
    await wrap_app_handling_exceptions(self.app, conn)(scope, receive, send)
  File "/Users/idokatz/VSCode/Archmorph/backend/.venv/lib/python3.13/site-packages/starlette/_exception_handler.py", line 42, in wrapped_app
    await app(scope, receive, sender)
  File "/Users/idokatz/VSCode/Archmorph/backend/.venv/lib/python3.13/site-packages/fastapi/middleware/asyncexitstack.py", line 18, in __call__
    await self.app(scope, receive, send)
  File "/Users/idokatz/VSCode/Archmorph/backend/.venv/lib/python3.13/site-packages/starlette/routing.py", line 716, in __call__
    await self.middleware_stack(scope, receive, send)
  File "/Users/idokatz/VSCode/Archmorph/backend/.venv/lib/python3.13/site-packages/starlette/routing.py", line 736, in app
    await route.handle(scope, receive, send)
  File "/Users/idokatz/VSCode/Archmorph/backend/.venv/lib/python3.13/site-packages/starlette/routing.py", line 290, in handle
    await self.app(scope, receive, send)
  File "/Users/idokatz/VSCode/Archmorph/backend/.venv/lib/python3.13/site-packages/fastapi/routing.py", line 129, in app
    await wrap_app_handling_exceptions(app, request)(scope, receive, send)
  File "/Users/idokatz/VSCode/Archmorph/backend/.venv/lib/python3.13/site-packages/starlette/_exception_handler.py", line 42, in wrapped_app
    await app(scope, receive, sender)
  File "/Users/idokatz/VSCode/Archmorph/backend/.venv/lib/python3.13/site-packages/fastapi/routing.py", line 115, in app
    response = await f(request)
  File "/Users/idokatz/VSCode/Archmorph/backend/.venv/lib/python3.13/site-packages/fastapi/routing.py", line 630, in app
    raw_response = await run_endpoint_function(
  File "/Users/idokatz/VSCode/Archmorph/backend/.venv/lib/python3.13/site-packages/fastapi/routing.py", line 323, in run_endpoint_function
    return await dependant.call(**values)
  File "/Users/idokatz/VSCode/Archmorph/backend/tests/../icons/routes.py", line 186, in download_drawio_library
    data = build_drawio_library(pack_id, embed_mode=embed_mode, title=title)
  File "/Users/idokatz/VSCode/Archmorph/backend/tests/../icons/builders/drawio.py", line 86, in build_drawio_library
    logger.info(
Message: "Built draw.io library '%s' (%d icons, %s mode, %.2fs)"
Arguments: ('api-drawio', '1', 'full', '0.00010108400601893663')
------------------------------ Captured log call -------------------------------
INFO     icons.registry:registry.py:115 Ingesting icon pack from bytes
ERROR    icons.routes:routes.py:86 Icon pack ingestion failed
Traceback (most recent call last):
  File "/Users/idokatz/VSCode/Archmorph/backend/tests/../icons/routes.py", line 74, in upload_icon_pack
    result = registry.ingest_icon_pack(
        source=content,
        pack_id=pack_id,
    )
  File "/Users/idokatz/VSCode/Archmorph/backend/tests/../icons/registry.py", line 198, in ingest_icon_pack
    logger.info(
    ~~~~~~~~~~~^
        "Icon pack '%s' ingested: %d icons, %d failed (%.2fs)",
        ^^^^^^^^^^^^^^^^^^^^^^^^^^^^^^^^^^^^^^^^^^^^^^^^^^^^^^^
        str(pid).replace('\n', '').replace('\r', ''), str(len(ingested_ids)).replace('\n', '').replace('\r', ''), str(failed).replace('\n', '').replace('\r', ''), str(elapsed).replace('\n', '').replace('\r', ''),  # lgtm[py/log-injection]
        ^^^^^^^^^^^^^^^^^^^^^^^^^^^^^^^^^^^^^^^^^^^^^^^^^^^^^^^^^^^^^^^^^^^^^^^^^^^^^^^^^^^^^^^^^^^^^^^^^^^^^^^^^^^^^^^^^^^^^^^^^^^^^^^^^^^^^^^^^^^^^^^^^^^^^^^^^^^^^^^^^^^^^^^^^^^^^^^^^^^^^^^^^^^^^^^^^^^^^^^^^^^^^^^^^^^^^^^^^^^^^^^^^^^^^^
    )
    ^
  File "/opt/homebrew/Cellar/python@3.13/3.13.12_1/Frameworks/Python.framework/Versions/3.13/lib/python3.13/logging/__init__.py", line 1520, in info
    self._log(INFO, msg, args, **kwargs)
    ~~~~~~~~~^^^^^^^^^^^^^^^^^^^^^^^^^^^
  File "/opt/homebrew/Cellar/python@3.13/3.13.12_1/Frameworks/Python.framework/Versions/3.13/lib/python3.13/logging/__init__.py", line 1665, in _log
    self.handle(record)
    ~~~~~~~~~~~^^^^^^^^
  File "/opt/homebrew/Cellar/python@3.13/3.13.12_1/Frameworks/Python.framework/Versions/3.13/lib/python3.13/logging/__init__.py", line 1681, in handle
    self.callHandlers(record)
    ~~~~~~~~~~~~~~~~~^^^^^^^^
  File "/opt/homebrew/Cellar/python@3.13/3.13.12_1/Frameworks/Python.framework/Versions/3.13/lib/python3.13/logging/__init__.py", line 1737, in callHandlers
    hdlr.handle(record)
    ~~~~~~~~~~~^^^^^^^^
  File "/opt/homebrew/Cellar/python@3.13/3.13.12_1/Frameworks/Python.framework/Versions/3.13/lib/python3.13/logging/__init__.py", line 1027, in handle
    self.emit(record)
    ~~~~~~~~~^^^^^^^^
  File "/Users/idokatz/VSCode/Archmorph/backend/.venv/lib/python3.13/site-packages/_pytest/logging.py", line 386, in emit
    super().emit(record)
    ~~~~~~~~~~~~^^^^^^^^
  File "/opt/homebrew/Cellar/python@3.13/3.13.12_1/Frameworks/Python.framework/Versions/3.13/lib/python3.13/logging/__init__.py", line 1159, in emit
    self.handleError(record)
    ~~~~~~~~~~~~~~~~^^^^^^^^
  File "/opt/homebrew/Cellar/python@3.13/3.13.12_1/Frameworks/Python.framework/Versions/3.13/lib/python3.13/logging/__init__.py", line 1151, in emit
    msg = self.format(record)
  File "/opt/homebrew/Cellar/python@3.13/3.13.12_1/Frameworks/Python.framework/Versions/3.13/lib/python3.13/logging/__init__.py", line 999, in format
    return fmt.format(record)
           ~~~~~~~~~~^^^^^^^^
  File "/Users/idokatz/VSCode/Archmorph/backend/.venv/lib/python3.13/site-packages/_pytest/logging.py", line 139, in format
    return super().format(record)
           ~~~~~~~~~~~~~~^^^^^^^^
  File "/opt/homebrew/Cellar/python@3.13/3.13.12_1/Frameworks/Python.framework/Versions/3.13/lib/python3.13/logging/__init__.py", line 712, in format
    record.message = record.getMessage()
                     ~~~~~~~~~~~~~~~~~^^
  File "/opt/homebrew/Cellar/python@3.13/3.13.12_1/Frameworks/Python.framework/Versions/3.13/lib/python3.13/logging/__init__.py", line 400, in getMessage
    msg = msg % self.args
          ~~~~^~~~~~~~~~~
TypeError: %d format: a real number is required, not str
INFO     error_envelope:error_envelope.py:87 ArchmorphException raised: 500 Icon pack ingestion failed. Please try again.
INFO     main:main.py:238 request completed
ERROR    audit_logging:audit_logging.py:204 {"audit": true, "timestamp": "2026-03-14T13:17:29.501745+00:00", "event_type": "api.error", "user_id": null, "session_id": null, "ip_address": "testclient", "endpoint": "/api/icon-packs", "method": "POST", "status_code": 500, "latency_ms": 3.87, "correlation_id": "", "details": {}, "risk_level": "medium", "severity": "error"}
ERROR    error_envelope:error_envelope.py:114 Unhandled exception: %d format: a real number is required, not str
Traceback (most recent call last):
  File "/Users/idokatz/VSCode/Archmorph/backend/.venv/lib/python3.13/site-packages/starlette/middleware/errors.py", line 164, in __call__
    await self.app(scope, receive, _send)
  File "/Users/idokatz/VSCode/Archmorph/backend/.venv/lib/python3.13/site-packages/starlette/middleware/gzip.py", line 29, in __call__
    await responder(scope, receive, send)
  File "/Users/idokatz/VSCode/Archmorph/backend/.venv/lib/python3.13/site-packages/starlette/middleware/gzip.py", line 130, in __call__
    await super().__call__(scope, receive, send)
  File "/Users/idokatz/VSCode/Archmorph/backend/.venv/lib/python3.13/site-packages/starlette/middleware/gzip.py", line 46, in __call__
    await self.app(scope, receive, self.send_with_compression)
  File "/Users/idokatz/VSCode/Archmorph/backend/tests/../api_versioning.py", line 108, in __call__
    await self.app(scope, receive, send_wrapper)
  File "/Users/idokatz/VSCode/Archmorph/backend/.venv/lib/python3.13/site-packages/starlette/middleware/base.py", line 191, in __call__
    with recv_stream, send_stream, collapse_excgroups():
                                   ~~~~~~~~~~~~~~~~~~^^
  File "/opt/homebrew/Cellar/python@3.13/3.13.12_1/Frameworks/Python.framework/Versions/3.13/lib/python3.13/contextlib.py", line 162, in __exit__
    self.gen.throw(value)
    ~~~~~~~~~~~~~~^^^^^^^
  File "/Users/idokatz/VSCode/Archmorph/backend/.venv/lib/python3.13/site-packages/starlette/_utils.py", line 87, in collapse_excgroups
    raise exc
  File "/Users/idokatz/VSCode/Archmorph/backend/.venv/lib/python3.13/site-packages/starlette/middleware/base.py", line 193, in __call__
    response = await self.dispatch_func(request, call_next)
               ^^^^^^^^^^^^^^^^^^^^^^^^^^^^^^^^^^^^^^^^^^^^
  File "/Users/idokatz/VSCode/Archmorph/backend/tests/../main.py", line 205, in dispatch
    response = await call_next(request)
               ^^^^^^^^^^^^^^^^^^^^^^^^
  File "/Users/idokatz/VSCode/Archmorph/backend/.venv/lib/python3.13/site-packages/starlette/middleware/base.py", line 168, in call_next
    raise app_exc from app_exc.__cause__ or app_exc.__context__
  File "/Users/idokatz/VSCode/Archmorph/backend/.venv/lib/python3.13/site-packages/starlette/middleware/base.py", line 144, in coro
    await self.app(scope, receive_or_disconnect, send_no_error)
  File "/Users/idokatz/VSCode/Archmorph/backend/.venv/lib/python3.13/site-packages/starlette/middleware/cors.py", line 87, in __call__
    await self.app(scope, receive, send)
  File "/Users/idokatz/VSCode/Archmorph/backend/.venv/lib/python3.13/site-packages/starlette/middleware/exceptions.py", line 63, in __call__
    await wrap_app_handling_exceptions(self.app, conn)(scope, receive, send)
  File "/Users/idokatz/VSCode/Archmorph/backend/.venv/lib/python3.13/site-packages/starlette/_exception_handler.py", line 53, in wrapped_app
    raise exc
  File "/Users/idokatz/VSCode/Archmorph/backend/.venv/lib/python3.13/site-packages/starlette/_exception_handler.py", line 42, in wrapped_app
    await app(scope, receive, sender)
  File "/Users/idokatz/VSCode/Archmorph/backend/.venv/lib/python3.13/site-packages/fastapi/middleware/asyncexitstack.py", line 18, in __call__
    await self.app(scope, receive, send)
  File "/Users/idokatz/VSCode/Archmorph/backend/.venv/lib/python3.13/site-packages/starlette/routing.py", line 716, in __call__
    await self.middleware_stack(scope, receive, send)
  File "/Users/idokatz/VSCode/Archmorph/backend/.venv/lib/python3.13/site-packages/starlette/routing.py", line 736, in app
    await route.handle(scope, receive, send)
  File "/Users/idokatz/VSCode/Archmorph/backend/.venv/lib/python3.13/site-packages/starlette/routing.py", line 290, in handle
    await self.app(scope, receive, send)
  File "/Users/idokatz/VSCode/Archmorph/backend/.venv/lib/python3.13/site-packages/fastapi/routing.py", line 129, in app
    await wrap_app_handling_exceptions(app, request)(scope, receive, send)
  File "/Users/idokatz/VSCode/Archmorph/backend/.venv/lib/python3.13/site-packages/starlette/_exception_handler.py", line 53, in wrapped_app
    raise exc
  File "/Users/idokatz/VSCode/Archmorph/backend/.venv/lib/python3.13/site-packages/starlette/_exception_handler.py", line 42, in wrapped_app
    await app(scope, receive, sender)
  File "/Users/idokatz/VSCode/Archmorph/backend/.venv/lib/python3.13/site-packages/fastapi/routing.py", line 115, in app
    response = await f(request)
               ^^^^^^^^^^^^^^^^
  File "/Users/idokatz/VSCode/Archmorph/backend/.venv/lib/python3.13/site-packages/fastapi/routing.py", line 630, in app
    raw_response = await run_endpoint_function(
                   ^^^^^^^^^^^^^^^^^^^^^^^^^^^^
    ...<3 lines>...
    )
    ^
  File "/Users/idokatz/VSCode/Archmorph/backend/.venv/lib/python3.13/site-packages/fastapi/routing.py", line 323, in run_endpoint_function
    return await dependant.call(**values)
           ^^^^^^^^^^^^^^^^^^^^^^^^^^^^^^
  File "/Users/idokatz/VSCode/Archmorph/backend/tests/../icons/routes.py", line 186, in download_drawio_library
    data = build_drawio_library(pack_id, embed_mode=embed_mode, title=title)
  File "/Users/idokatz/VSCode/Archmorph/backend/tests/../icons/builders/drawio.py", line 86, in build_drawio_library
    logger.info(
    ~~~~~~~~~~~^
        "Built draw.io library '%s' (%d icons, %s mode, %.2fs)",
        ^^^^^^^^^^^^^^^^^^^^^^^^^^^^^^^^^^^^^^^^^^^^^^^^^^^^^^^^
        str(pack_id).replace('\n', '').replace('\r', ''), str(len(entries)).replace('\n', '').replace('\r', ''), str(embed_mode).replace('\n', '').replace('\r', ''), str(elapsed).replace('\n', '').replace('\r', ''),  # lgtm[py/log-injection]
        ^^^^^^^^^^^^^^^^^^^^^^^^^^^^^^^^^^^^^^^^^^^^^^^^^^^^^^^^^^^^^^^^^^^^^^^^^^^^^^^^^^^^^^^^^^^^^^^^^^^^^^^^^^^^^^^^^^^^^^^^^^^^^^^^^^^^^^^^^^^^^^^^^^^^^^^^^^^^^^^^^^^^^^^^^^^^^^^^^^^^^^^^^^^^^^^^^^^^^^^^^^^^^^^^^^^^^^^^^^^^^^^^^^^^^^^^^
    )
    ^
  File "/opt/homebrew/Cellar/python@3.13/3.13.12_1/Frameworks/Python.framework/Versions/3.13/lib/python3.13/logging/__init__.py", line 1520, in info
    self._log(INFO, msg, args, **kwargs)
    ~~~~~~~~~^^^^^^^^^^^^^^^^^^^^^^^^^^^
  File "/opt/homebrew/Cellar/python@3.13/3.13.12_1/Frameworks/Python.framework/Versions/3.13/lib/python3.13/logging/__init__.py", line 1665, in _log
    self.handle(record)
    ~~~~~~~~~~~^^^^^^^^
  File "/opt/homebrew/Cellar/python@3.13/3.13.12_1/Frameworks/Python.framework/Versions/3.13/lib/python3.13/logging/__init__.py", line 1681, in handle
    self.callHandlers(record)
    ~~~~~~~~~~~~~~~~~^^^^^^^^
  File "/opt/homebrew/Cellar/python@3.13/3.13.12_1/Frameworks/Python.framework/Versions/3.13/lib/python3.13/logging/__init__.py", line 1737, in callHandlers
    hdlr.handle(record)
    ~~~~~~~~~~~^^^^^^^^
  File "/opt/homebrew/Cellar/python@3.13/3.13.12_1/Frameworks/Python.framework/Versions/3.13/lib/python3.13/logging/__init__.py", line 1027, in handle
    self.emit(record)
    ~~~~~~~~~^^^^^^^^
  File "/Users/idokatz/VSCode/Archmorph/backend/.venv/lib/python3.13/site-packages/_pytest/logging.py", line 386, in emit
    super().emit(record)
    ~~~~~~~~~~~~^^^^^^^^
  File "/opt/homebrew/Cellar/python@3.13/3.13.12_1/Frameworks/Python.framework/Versions/3.13/lib/python3.13/logging/__init__.py", line 1159, in emit
    self.handleError(record)
    ~~~~~~~~~~~~~~~~^^^^^^^^
  File "/opt/homebrew/Cellar/python@3.13/3.13.12_1/Frameworks/Python.framework/Versions/3.13/lib/python3.13/logging/__init__.py", line 1151, in emit
    msg = self.format(record)
  File "/opt/homebrew/Cellar/python@3.13/3.13.12_1/Frameworks/Python.framework/Versions/3.13/lib/python3.13/logging/__init__.py", line 999, in format
    return fmt.format(record)
           ~~~~~~~~~~^^^^^^^^
  File "/Users/idokatz/VSCode/Archmorph/backend/.venv/lib/python3.13/site-packages/_pytest/logging.py", line 139, in format
    return super().format(record)
           ~~~~~~~~~~~~~~^^^^^^^^
  File "/opt/homebrew/Cellar/python@3.13/3.13.12_1/Frameworks/Python.framework/Versions/3.13/lib/python3.13/logging/__init__.py", line 712, in format
    record.message = record.getMessage()
                     ~~~~~~~~~~~~~~~~~^^
  File "/opt/homebrew/Cellar/python@3.13/3.13.12_1/Frameworks/Python.framework/Versions/3.13/lib/python3.13/logging/__init__.py", line 400, in getMessage
    msg = msg % self.args
          ~~~~^~~~~~~~~~~
TypeError: %d format: a real number is required, not str
_______________ TestIconAPI.test_upload_then_download_excalidraw _______________
tests/test_icon_registry.py:485: in test_upload_then_download_excalidraw
    resp = self.client.get("/api/libraries/excalidraw?packId=api-exc")
.venv/lib/python3.13/site-packages/starlette/testclient.py:473: in get
    return super().get(
.venv/lib/python3.13/site-packages/httpx/_client.py:1053: in get
    return self.request(
.venv/lib/python3.13/site-packages/starlette/testclient.py:445: in request
    return super().request(
.venv/lib/python3.13/site-packages/httpx/_client.py:825: in request
    return self.send(request, auth=auth, follow_redirects=follow_redirects)
.venv/lib/python3.13/site-packages/httpx/_client.py:914: in send
    response = self._send_handling_auth(
.venv/lib/python3.13/site-packages/httpx/_client.py:942: in _send_handling_auth
    response = self._send_handling_redirects(
.venv/lib/python3.13/site-packages/httpx/_client.py:979: in _send_handling_redirects
    response = self._send_single_request(request)
.venv/lib/python3.13/site-packages/httpx/_client.py:1014: in _send_single_request
    response = transport.handle_request(request)
.venv/lib/python3.13/site-packages/starlette/testclient.py:348: in handle_request
    raise exc
.venv/lib/python3.13/site-packages/starlette/testclient.py:345: in handle_request
    portal.call(self.app, scope, receive, send)
.venv/lib/python3.13/site-packages/anyio/from_thread.py:334: in call
    return cast(T_Retval, self.start_task_soon(func, *args).result())
/opt/homebrew/Cellar/python@3.13/3.13.12_1/Frameworks/Python.framework/Versions/3.13/lib/python3.13/concurrent/futures/_base.py:456: in result
    return self.__get_result()
/opt/homebrew/Cellar/python@3.13/3.13.12_1/Frameworks/Python.framework/Versions/3.13/lib/python3.13/concurrent/futures/_base.py:401: in __get_result
    raise self._exception
.venv/lib/python3.13/site-packages/anyio/from_thread.py:259: in _call_func
    retval = await retval_or_awaitable
.venv/lib/python3.13/site-packages/fastapi/applications.py:1160: in __call__
    await super().__call__(scope, receive, send)
.venv/lib/python3.13/site-packages/starlette/applications.py:107: in __call__
    await self.middleware_stack(scope, receive, send)
.venv/lib/python3.13/site-packages/starlette/middleware/errors.py:186: in __call__
    raise exc
.venv/lib/python3.13/site-packages/starlette/middleware/errors.py:164: in __call__
    await self.app(scope, receive, _send)
.venv/lib/python3.13/site-packages/starlette/middleware/gzip.py:29: in __call__
    await responder(scope, receive, send)
.venv/lib/python3.13/site-packages/starlette/middleware/gzip.py:130: in __call__
    await super().__call__(scope, receive, send)
.venv/lib/python3.13/site-packages/starlette/middleware/gzip.py:46: in __call__
    await self.app(scope, receive, self.send_with_compression)
api_versioning.py:108: in __call__
    await self.app(scope, receive, send_wrapper)
.venv/lib/python3.13/site-packages/starlette/middleware/base.py:191: in __call__
    with recv_stream, send_stream, collapse_excgroups():
/opt/homebrew/Cellar/python@3.13/3.13.12_1/Frameworks/Python.framework/Versions/3.13/lib/python3.13/contextlib.py:162: in __exit__
    self.gen.throw(value)
.venv/lib/python3.13/site-packages/starlette/_utils.py:87: in collapse_excgroups
    raise exc
.venv/lib/python3.13/site-packages/starlette/middleware/base.py:193: in __call__
    response = await self.dispatch_func(request, call_next)
main.py:205: in dispatch
    response = await call_next(request)
.venv/lib/python3.13/site-packages/starlette/middleware/base.py:168: in call_next
    raise app_exc from app_exc.__cause__ or app_exc.__context__
.venv/lib/python3.13/site-packages/starlette/middleware/base.py:144: in coro
    await self.app(scope, receive_or_disconnect, send_no_error)
.venv/lib/python3.13/site-packages/starlette/middleware/cors.py:87: in __call__
    await self.app(scope, receive, send)
.venv/lib/python3.13/site-packages/starlette/middleware/exceptions.py:63: in __call__
    await wrap_app_handling_exceptions(self.app, conn)(scope, receive, send)
.venv/lib/python3.13/site-packages/starlette/_exception_handler.py:53: in wrapped_app
    raise exc
.venv/lib/python3.13/site-packages/starlette/_exception_handler.py:42: in wrapped_app
    await app(scope, receive, sender)
.venv/lib/python3.13/site-packages/fastapi/middleware/asyncexitstack.py:18: in __call__
    await self.app(scope, receive, send)
.venv/lib/python3.13/site-packages/starlette/routing.py:716: in __call__
    await self.middleware_stack(scope, receive, send)
.venv/lib/python3.13/site-packages/starlette/routing.py:736: in app
    await route.handle(scope, receive, send)
.venv/lib/python3.13/site-packages/starlette/routing.py:290: in handle
    await self.app(scope, receive, send)
.venv/lib/python3.13/site-packages/fastapi/routing.py:129: in app
    await wrap_app_handling_exceptions(app, request)(scope, receive, send)
.venv/lib/python3.13/site-packages/starlette/_exception_handler.py:53: in wrapped_app
    raise exc
.venv/lib/python3.13/site-packages/starlette/_exception_handler.py:42: in wrapped_app
    await app(scope, receive, sender)
.venv/lib/python3.13/site-packages/fastapi/routing.py:115: in app
    response = await f(request)
.venv/lib/python3.13/site-packages/fastapi/routing.py:630: in app
    raw_response = await run_endpoint_function(
.venv/lib/python3.13/site-packages/fastapi/routing.py:323: in run_endpoint_function
    return await dependant.call(**values)
icons/routes.py:213: in download_excalidraw_library
    data = build_excalidraw_library(pack_id, title=title)
icons/builders/excalidraw.py:83: in build_excalidraw_library
    logger.info(
/opt/homebrew/Cellar/python@3.13/3.13.12_1/Frameworks/Python.framework/Versions/3.13/lib/python3.13/logging/__init__.py:1520: in info
    self._log(INFO, msg, args, **kwargs)
/opt/homebrew/Cellar/python@3.13/3.13.12_1/Frameworks/Python.framework/Versions/3.13/lib/python3.13/logging/__init__.py:1665: in _log
    self.handle(record)
/opt/homebrew/Cellar/python@3.13/3.13.12_1/Frameworks/Python.framework/Versions/3.13/lib/python3.13/logging/__init__.py:1681: in handle
    self.callHandlers(record)
/opt/homebrew/Cellar/python@3.13/3.13.12_1/Frameworks/Python.framework/Versions/3.13/lib/python3.13/logging/__init__.py:1737: in callHandlers
    hdlr.handle(record)
/opt/homebrew/Cellar/python@3.13/3.13.12_1/Frameworks/Python.framework/Versions/3.13/lib/python3.13/logging/__init__.py:1027: in handle
    self.emit(record)
.venv/lib/python3.13/site-packages/_pytest/logging.py:386: in emit
    super().emit(record)
/opt/homebrew/Cellar/python@3.13/3.13.12_1/Frameworks/Python.framework/Versions/3.13/lib/python3.13/logging/__init__.py:1159: in emit
    self.handleError(record)
/opt/homebrew/Cellar/python@3.13/3.13.12_1/Frameworks/Python.framework/Versions/3.13/lib/python3.13/logging/__init__.py:1151: in emit
    msg = self.format(record)
/opt/homebrew/Cellar/python@3.13/3.13.12_1/Frameworks/Python.framework/Versions/3.13/lib/python3.13/logging/__init__.py:999: in format
    return fmt.format(record)
.venv/lib/python3.13/site-packages/_pytest/logging.py:139: in format
    return super().format(record)
/opt/homebrew/Cellar/python@3.13/3.13.12_1/Frameworks/Python.framework/Versions/3.13/lib/python3.13/logging/__init__.py:712: in format
    record.message = record.getMessage()
/opt/homebrew/Cellar/python@3.13/3.13.12_1/Frameworks/Python.framework/Versions/3.13/lib/python3.13/logging/__init__.py:400: in getMessage
    msg = msg % self.args
E   TypeError: %d format: a real number is required, not str
----------------------------- Captured stdout call -----------------------------
{"timestamp": "2026-03-14T15:17:29+0200", "level": "info", "name": "icons.registry", "message": "Ingesting icon pack from bytes", "logger": "icons.registry", "correlation_id": "ba93b745-84ae-4958-ae57-9b2d25e405e7"}
{"timestamp": "2026-03-14T15:17:29+0200", "level": "error", "name": "icons.routes", "message": "Icon pack ingestion failed", "exc_info": "Traceback (most recent call last):\n  File \"/Users/idokatz/VSCode/Archmorph/backend/tests/../icons/routes.py\", line 74, in upload_icon_pack\n    result = registry.ingest_icon_pack(\n        source=content,\n        pack_id=pack_id,\n    )\n  File \"/Users/idokatz/VSCode/Archmorph/backend/tests/../icons/registry.py\", line 198, in ingest_icon_pack\n    logger.info(\n    ~~~~~~~~~~~^\n        \"Icon pack '%s' ingested: %d icons, %d failed (%.2fs)\",\n        ^^^^^^^^^^^^^^^^^^^^^^^^^^^^^^^^^^^^^^^^^^^^^^^^^^^^^^^\n        str(pid).replace('\\n', '').replace('\\r', ''), str(len(ingested_ids)).replace('\\n', '').replace('\\r', ''), str(failed).replace('\\n', '').replace('\\r', ''), str(elapsed).replace('\\n', '').replace('\\r', ''),  # lgtm[py/log-injection]\n        ^^^^^^^^^^^^^^^^^^^^^^^^^^^^^^^^^^^^^^^^^^^^^^^^^^^^^^^^^^^^^^^^^^^^^^^^^^^^^^^^^^^^^^^^^^^^^^^^^^^^^^^^^^^^^^^^^^^^^^^^^^^^^^^^^^^^^^^^^^^^^^^^^^^^^^^^^^^^^^^^^^^^^^^^^^^^^^^^^^^^^^^^^^^^^^^^^^^^^^^^^^^^^^^^^^^^^^^^^^^^^^^^^^^^^^\n    )\n    ^\n  File \"/opt/homebrew/Cellar/python@3.13/3.13.12_1/Frameworks/Python.framework/Versions/3.13/lib/python3.13/logging/__init__.py\", line 1520, in info\n    self._log(INFO, msg, args, **kwargs)\n    ~~~~~~~~~^^^^^^^^^^^^^^^^^^^^^^^^^^^\n  File \"/opt/homebrew/Cellar/python@3.13/3.13.12_1/Frameworks/Python.framework/Versions/3.13/lib/python3.13/logging/__init__.py\", line 1665, in _log\n    self.handle(record)\n    ~~~~~~~~~~~^^^^^^^^\n  File \"/opt/homebrew/Cellar/python@3.13/3.13.12_1/Frameworks/Python.framework/Versions/3.13/lib/python3.13/logging/__init__.py\", line 1681, in handle\n    self.callHandlers(record)\n    ~~~~~~~~~~~~~~~~~^^^^^^^^\n  File \"/opt/homebrew/Cellar/python@3.13/3.13.12_1/Frameworks/Python.framework/Versions/3.13/lib/python3.13/logging/__init__.py\", line 1737, in callHandlers\n    hdlr.handle(record)\n    ~~~~~~~~~~~^^^^^^^^\n  File \"/opt/homebrew/Cellar/python@3.13/3.13.12_1/Frameworks/Python.framework/Versions/3.13/lib/python3.13/logging/__init__.py\", line 1027, in handle\n    self.emit(record)\n    ~~~~~~~~~^^^^^^^^\n  File \"/Users/idokatz/VSCode/Archmorph/backend/.venv/lib/python3.13/site-packages/_pytest/logging.py\", line 386, in emit\n    super().emit(record)\n    ~~~~~~~~~~~~^^^^^^^^\n  File \"/opt/homebrew/Cellar/python@3.13/3.13.12_1/Frameworks/Python.framework/Versions/3.13/lib/python3.13/logging/__init__.py\", line 1159, in emit\n    self.handleError(record)\n    ~~~~~~~~~~~~~~~~^^^^^^^^\n  File \"/opt/homebrew/Cellar/python@3.13/3.13.12_1/Frameworks/Python.framework/Versions/3.13/lib/python3.13/logging/__init__.py\", line 1151, in emit\n    msg = self.format(record)\n  File \"/opt/homebrew/Cellar/python@3.13/3.13.12_1/Frameworks/Python.framework/Versions/3.13/lib/python3.13/logging/__init__.py\", line 999, in format\n    return fmt.format(record)\n           ~~~~~~~~~~^^^^^^^^\n  File \"/Users/idokatz/VSCode/Archmorph/backend/.venv/lib/python3.13/site-packages/_pytest/logging.py\", line 139, in format\n    return super().format(record)\n           ~~~~~~~~~~~~~~^^^^^^^^\n  File \"/opt/homebrew/Cellar/python@3.13/3.13.12_1/Frameworks/Python.framework/Versions/3.13/lib/python3.13/logging/__init__.py\", line 712, in format\n    record.message = record.getMessage()\n                     ~~~~~~~~~~~~~~~~~^^\n  File \"/opt/homebrew/Cellar/python@3.13/3.13.12_1/Frameworks/Python.framework/Versions/3.13/lib/python3.13/logging/__init__.py\", line 400, in getMessage\n    msg = msg % self.args\n          ~~~~^~~~~~~~~~~\nTypeError: %d format: a real number is required, not str", "logger": "icons.routes", "correlation_id": "ba93b745-84ae-4958-ae57-9b2d25e405e7"}
{"timestamp": "2026-03-14T15:17:29+0200", "level": "info", "name": "error_envelope", "message": "ArchmorphException raised: 500 Icon pack ingestion failed. Please try again.", "logger": "error_envelope", "correlation_id": "ba93b745-84ae-4958-ae57-9b2d25e405e7"}
{"timestamp": "2026-03-14T15:17:29+0200", "level": "info", "name": "main", "message": "request completed", "http_method": "POST", "http_path": "/api/icon-packs", "http_status": 500, "duration_ms": 4.45, "logger": "main"}
{"timestamp": "2026-03-14T15:17:29+0200", "level": "error", "name": "audit_logging", "message": "{\"audit\": true, \"timestamp\": \"2026-03-14T13:17:29.990380+00:00\", \"event_type\": \"api.error\", \"user_id\": null, \"session_id\": null, \"ip_address\": \"testclient\", \"endpoint\": \"/api/icon-packs\", \"method\": \"POST\", \"status_code\": 500, \"latency_ms\": 4.45, \"correlation_id\": \"\", \"details\": {}, \"risk_level\": \"medium\", \"severity\": \"error\"}", "logger": "audit_logging"}
{"timestamp": "2026-03-14T15:17:29+0200", "level": "error", "name": "error_envelope", "message": "Unhandled exception: %d format: a real number is required, not str", "exc_info": "Traceback (most recent call last):\n  File \"/Users/idokatz/VSCode/Archmorph/backend/.venv/lib/python3.13/site-packages/starlette/middleware/errors.py\", line 164, in __call__\n    await self.app(scope, receive, _send)\n  File \"/Users/idokatz/VSCode/Archmorph/backend/.venv/lib/python3.13/site-packages/starlette/middleware/gzip.py\", line 29, in __call__\n    await responder(scope, receive, send)\n  File \"/Users/idokatz/VSCode/Archmorph/backend/.venv/lib/python3.13/site-packages/starlette/middleware/gzip.py\", line 130, in __call__\n    await super().__call__(scope, receive, send)\n  File \"/Users/idokatz/VSCode/Archmorph/backend/.venv/lib/python3.13/site-packages/starlette/middleware/gzip.py\", line 46, in __call__\n    await self.app(scope, receive, self.send_with_compression)\n  File \"/Users/idokatz/VSCode/Archmorph/backend/tests/../api_versioning.py\", line 108, in __call__\n    await self.app(scope, receive, send_wrapper)\n  File \"/Users/idokatz/VSCode/Archmorph/backend/.venv/lib/python3.13/site-packages/starlette/middleware/base.py\", line 191, in __call__\n    with recv_stream, send_stream, collapse_excgroups():\n                                   ~~~~~~~~~~~~~~~~~~^^\n  File \"/opt/homebrew/Cellar/python@3.13/3.13.12_1/Frameworks/Python.framework/Versions/3.13/lib/python3.13/contextlib.py\", line 162, in __exit__\n    self.gen.throw(value)\n    ~~~~~~~~~~~~~~^^^^^^^\n  File \"/Users/idokatz/VSCode/Archmorph/backend/.venv/lib/python3.13/site-packages/starlette/_utils.py\", line 87, in collapse_excgroups\n    raise exc\n  File \"/Users/idokatz/VSCode/Archmorph/backend/.venv/lib/python3.13/site-packages/starlette/middleware/base.py\", line 193, in __call__\n    response = await self.dispatch_func(request, call_next)\n               ^^^^^^^^^^^^^^^^^^^^^^^^^^^^^^^^^^^^^^^^^^^^\n  File \"/Users/idokatz/VSCode/Archmorph/backend/tests/../main.py\", line 205, in dispatch\n    response = await call_next(request)\n               ^^^^^^^^^^^^^^^^^^^^^^^^\n  File \"/Users/idokatz/VSCode/Archmorph/backend/.venv/lib/python3.13/site-packages/starlette/middleware/base.py\", line 168, in call_next\n    raise app_exc from app_exc.__cause__ or app_exc.__context__\n  File \"/Users/idokatz/VSCode/Archmorph/backend/.venv/lib/python3.13/site-packages/starlette/middleware/base.py\", line 144, in coro\n    await self.app(scope, receive_or_disconnect, send_no_error)\n  File \"/Users/idokatz/VSCode/Archmorph/backend/.venv/lib/python3.13/site-packages/starlette/middleware/cors.py\", line 87, in __call__\n    await self.app(scope, receive, send)\n  File \"/Users/idokatz/VSCode/Archmorph/backend/.venv/lib/python3.13/site-packages/starlette/middleware/exceptions.py\", line 63, in __call__\n    await wrap_app_handling_exceptions(self.app, conn)(scope, receive, send)\n  File \"/Users/idokatz/VSCode/Archmorph/backend/.venv/lib/python3.13/site-packages/starlette/_exception_handler.py\", line 53, in wrapped_app\n    raise exc\n  File \"/Users/idokatz/VSCode/Archmorph/backend/.venv/lib/python3.13/site-packages/starlette/_exception_handler.py\", line 42, in wrapped_app\n    await app(scope, receive, sender)\n  File \"/Users/idokatz/VSCode/Archmorph/backend/.venv/lib/python3.13/site-packages/fastapi/middleware/asyncexitstack.py\", line 18, in __call__\n    await self.app(scope, receive, send)\n  File \"/Users/idokatz/VSCode/Archmorph/backend/.venv/lib/python3.13/site-packages/starlette/routing.py\", line 716, in __call__\n    await self.middleware_stack(scope, receive, send)\n  File \"/Users/idokatz/VSCode/Archmorph/backend/.venv/lib/python3.13/site-packages/starlette/routing.py\", line 736, in app\n    await route.handle(scope, receive, send)\n  File \"/Users/idokatz/VSCode/Archmorph/backend/.venv/lib/python3.13/site-packages/starlette/routing.py\", line 290, in handle\n    await self.app(scope, receive, send)\n  File \"/Users/idokatz/VSCode/Archmorph/backend/.venv/lib/python3.13/site-packages/fastapi/routing.py\", line 129, in app\n    await wrap_app_handling_exceptions(app, request)(scope, receive, send)\n  File \"/Users/idokatz/VSCode/Archmorph/backend/.venv/lib/python3.13/site-packages/starlette/_exception_handler.py\", line 53, in wrapped_app\n    raise exc\n  File \"/Users/idokatz/VSCode/Archmorph/backend/.venv/lib/python3.13/site-packages/starlette/_exception_handler.py\", line 42, in wrapped_app\n    await app(scope, receive, sender)\n  File \"/Users/idokatz/VSCode/Archmorph/backend/.venv/lib/python3.13/site-packages/fastapi/routing.py\", line 115, in app\n    response = await f(request)\n               ^^^^^^^^^^^^^^^^\n  File \"/Users/idokatz/VSCode/Archmorph/backend/.venv/lib/python3.13/site-packages/fastapi/routing.py\", line 630, in app\n    raw_response = await run_endpoint_function(\n                   ^^^^^^^^^^^^^^^^^^^^^^^^^^^^\n    ...<3 lines>...\n    )\n    ^\n  File \"/Users/idokatz/VSCode/Archmorph/backend/.venv/lib/python3.13/site-packages/fastapi/routing.py\", line 323, in run_endpoint_function\n    return await dependant.call(**values)\n           ^^^^^^^^^^^^^^^^^^^^^^^^^^^^^^\n  File \"/Users/idokatz/VSCode/Archmorph/backend/tests/../icons/routes.py\", line 213, in download_excalidraw_library\n    data = build_excalidraw_library(pack_id, title=title)\n  File \"/Users/idokatz/VSCode/Archmorph/backend/tests/../icons/builders/excalidraw.py\", line 83, in build_excalidraw_library\n    logger.info(\n    ~~~~~~~~~~~^\n        \"Built Excalidraw library '%s' (%d icons, %.2fs)\",\n        ^^^^^^^^^^^^^^^^^^^^^^^^^^^^^^^^^^^^^^^^^^^^^^^^^^\n        str(pack_id).replace('\\n', '').replace('\\r', ''), str(len(library_items)).replace('\\n', '').replace('\\r', ''), str(elapsed).replace('\\n', '').replace('\\r', ''),  # lgtm[py/log-injection]\n        ^^^^^^^^^^^^^^^^^^^^^^^^^^^^^^^^^^^^^^^^^^^^^^^^^^^^^^^^^^^^^^^^^^^^^^^^^^^^^^^^^^^^^^^^^^^^^^^^^^^^^^^^^^^^^^^^^^^^^^^^^^^^^^^^^^^^^^^^^^^^^^^^^^^^^^^^^^^^^^^^^^^^^^^^^^^^^^^^^^^^^^^^^^\n    )\n    ^\n  File \"/opt/homebrew/Cellar/python@3.13/3.13.12_1/Frameworks/Python.framework/Versions/3.13/lib/python3.13/logging/__init__.py\", line 1520, in info\n    self._log(INFO, msg, args, **kwargs)\n    ~~~~~~~~~^^^^^^^^^^^^^^^^^^^^^^^^^^^\n  File \"/opt/homebrew/Cellar/python@3.13/3.13.12_1/Frameworks/Python.framework/Versions/3.13/lib/python3.13/logging/__init__.py\", line 1665, in _log\n    self.handle(record)\n    ~~~~~~~~~~~^^^^^^^^\n  File \"/opt/homebrew/Cellar/python@3.13/3.13.12_1/Frameworks/Python.framework/Versions/3.13/lib/python3.13/logging/__init__.py\", line 1681, in handle\n    self.callHandlers(record)\n    ~~~~~~~~~~~~~~~~~^^^^^^^^\n  File \"/opt/homebrew/Cellar/python@3.13/3.13.12_1/Frameworks/Python.framework/Versions/3.13/lib/python3.13/logging/__init__.py\", line 1737, in callHandlers\n    hdlr.handle(record)\n    ~~~~~~~~~~~^^^^^^^^\n  File \"/opt/homebrew/Cellar/python@3.13/3.13.12_1/Frameworks/Python.framework/Versions/3.13/lib/python3.13/logging/__init__.py\", line 1027, in handle\n    self.emit(record)\n    ~~~~~~~~~^^^^^^^^\n  File \"/Users/idokatz/VSCode/Archmorph/backend/.venv/lib/python3.13/site-packages/_pytest/logging.py\", line 386, in emit\n    super().emit(record)\n    ~~~~~~~~~~~~^^^^^^^^\n  File \"/opt/homebrew/Cellar/python@3.13/3.13.12_1/Frameworks/Python.framework/Versions/3.13/lib/python3.13/logging/__init__.py\", line 1159, in emit\n    self.handleError(record)\n    ~~~~~~~~~~~~~~~~^^^^^^^^\n  File \"/opt/homebrew/Cellar/python@3.13/3.13.12_1/Frameworks/Python.framework/Versions/3.13/lib/python3.13/logging/__init__.py\", line 1151, in emit\n    msg = self.format(record)\n  File \"/opt/homebrew/Cellar/python@3.13/3.13.12_1/Frameworks/Python.framework/Versions/3.13/lib/python3.13/logging/__init__.py\", line 999, in format\n    return fmt.format(record)\n           ~~~~~~~~~~^^^^^^^^\n  File \"/Users/idokatz/VSCode/Archmorph/backend/.venv/lib/python3.13/site-packages/_pytest/logging.py\", line 139, in format\n    return super().format(record)\n           ~~~~~~~~~~~~~~^^^^^^^^\n  File \"/opt/homebrew/Cellar/python@3.13/3.13.12_1/Frameworks/Python.framework/Versions/3.13/lib/python3.13/logging/__init__.py\", line 712, in format\n    record.message = record.getMessage()\n                     ~~~~~~~~~~~~~~~~~^^\n  File \"/opt/homebrew/Cellar/python@3.13/3.13.12_1/Frameworks/Python.framework/Versions/3.13/lib/python3.13/logging/__init__.py\", line 400, in getMessage\n    msg = msg % self.args\n          ~~~~^~~~~~~~~~~\nTypeError: %d format: a real number is required, not str", "logger": "error_envelope"}
----------------------------- Captured stderr call -----------------------------
--- Logging error ---
Traceback (most recent call last):
  File "/opt/homebrew/Cellar/python@3.13/3.13.12_1/Frameworks/Python.framework/Versions/3.13/lib/python3.13/logging/__init__.py", line 1151, in emit
    msg = self.format(record)
  File "/opt/homebrew/Cellar/python@3.13/3.13.12_1/Frameworks/Python.framework/Versions/3.13/lib/python3.13/logging/__init__.py", line 999, in format
    return fmt.format(record)
           ~~~~~~~~~~^^^^^^^^
  File "/Users/idokatz/VSCode/Archmorph/backend/.venv/lib/python3.13/site-packages/pythonjsonlogger/core.py", line 245, in format
    record.message = record.getMessage()
                     ~~~~~~~~~~~~~~~~~^^
  File "/opt/homebrew/Cellar/python@3.13/3.13.12_1/Frameworks/Python.framework/Versions/3.13/lib/python3.13/logging/__init__.py", line 400, in getMessage
    msg = msg % self.args
          ~~~~^~~~~~~~~~~
TypeError: %d format: a real number is required, not str
Call stack:
  File "/opt/homebrew/Cellar/python@3.13/3.13.12_1/Frameworks/Python.framework/Versions/3.13/lib/python3.13/threading.py", line 1015, in _bootstrap
    self._bootstrap_inner()
  File "/opt/homebrew/Cellar/python@3.13/3.13.12_1/Frameworks/Python.framework/Versions/3.13/lib/python3.13/threading.py", line 1044, in _bootstrap_inner
    self.run()
  File "/opt/homebrew/Cellar/python@3.13/3.13.12_1/Frameworks/Python.framework/Versions/3.13/lib/python3.13/threading.py", line 995, in run
    self._target(*self._args, **self._kwargs)
  File "/Users/idokatz/VSCode/Archmorph/backend/.venv/lib/python3.13/site-packages/anyio/from_thread.py", line 532, in run_blocking_portal
    run_eventloop(
  File "/Users/idokatz/VSCode/Archmorph/backend/.venv/lib/python3.13/site-packages/anyio/_core/_eventloop.py", line 77, in run
    return async_backend.run(func, args, {}, backend_options)
  File "/Users/idokatz/VSCode/Archmorph/backend/.venv/lib/python3.13/site-packages/anyio/_backends/_asyncio.py", line 2342, in run
    return runner.run(wrapper())
  File "/opt/homebrew/Cellar/python@3.13/3.13.12_1/Frameworks/Python.framework/Versions/3.13/lib/python3.13/asyncio/runners.py", line 118, in run
    return self._loop.run_until_complete(task)
  File "/opt/homebrew/Cellar/python@3.13/3.13.12_1/Frameworks/Python.framework/Versions/3.13/lib/python3.13/asyncio/base_events.py", line 712, in run_until_complete
    self.run_forever()
  File "/opt/homebrew/Cellar/python@3.13/3.13.12_1/Frameworks/Python.framework/Versions/3.13/lib/python3.13/asyncio/base_events.py", line 683, in run_forever
    self._run_once()
  File "/opt/homebrew/Cellar/python@3.13/3.13.12_1/Frameworks/Python.framework/Versions/3.13/lib/python3.13/asyncio/base_events.py", line 2050, in _run_once
    handle._run()
  File "/opt/homebrew/Cellar/python@3.13/3.13.12_1/Frameworks/Python.framework/Versions/3.13/lib/python3.13/asyncio/events.py", line 89, in _run
    self._context.run(self._callback, *self._args)
  File "/Users/idokatz/VSCode/Archmorph/backend/.venv/lib/python3.13/site-packages/starlette/middleware/base.py", line 144, in coro
    await self.app(scope, receive_or_disconnect, send_no_error)
  File "/Users/idokatz/VSCode/Archmorph/backend/.venv/lib/python3.13/site-packages/starlette/middleware/cors.py", line 87, in __call__
    await self.app(scope, receive, send)
  File "/Users/idokatz/VSCode/Archmorph/backend/.venv/lib/python3.13/site-packages/starlette/middleware/exceptions.py", line 63, in __call__
    await wrap_app_handling_exceptions(self.app, conn)(scope, receive, send)
  File "/Users/idokatz/VSCode/Archmorph/backend/.venv/lib/python3.13/site-packages/starlette/_exception_handler.py", line 42, in wrapped_app
    await app(scope, receive, sender)
  File "/Users/idokatz/VSCode/Archmorph/backend/.venv/lib/python3.13/site-packages/fastapi/middleware/asyncexitstack.py", line 18, in __call__
    await self.app(scope, receive, send)
  File "/Users/idokatz/VSCode/Archmorph/backend/.venv/lib/python3.13/site-packages/starlette/routing.py", line 716, in __call__
    await self.middleware_stack(scope, receive, send)
  File "/Users/idokatz/VSCode/Archmorph/backend/.venv/lib/python3.13/site-packages/starlette/routing.py", line 736, in app
    await route.handle(scope, receive, send)
  File "/Users/idokatz/VSCode/Archmorph/backend/.venv/lib/python3.13/site-packages/starlette/routing.py", line 290, in handle
    await self.app(scope, receive, send)
  File "/Users/idokatz/VSCode/Archmorph/backend/.venv/lib/python3.13/site-packages/fastapi/routing.py", line 129, in app
    await wrap_app_handling_exceptions(app, request)(scope, receive, send)
  File "/Users/idokatz/VSCode/Archmorph/backend/.venv/lib/python3.13/site-packages/starlette/_exception_handler.py", line 42, in wrapped_app
    await app(scope, receive, sender)
  File "/Users/idokatz/VSCode/Archmorph/backend/.venv/lib/python3.13/site-packages/fastapi/routing.py", line 115, in app
    response = await f(request)
  File "/Users/idokatz/VSCode/Archmorph/backend/.venv/lib/python3.13/site-packages/fastapi/routing.py", line 630, in app
    raw_response = await run_endpoint_function(
  File "/Users/idokatz/VSCode/Archmorph/backend/.venv/lib/python3.13/site-packages/fastapi/routing.py", line 323, in run_endpoint_function
    return await dependant.call(**values)
  File "/Users/idokatz/VSCode/Archmorph/backend/.venv/lib/python3.13/site-packages/slowapi/extension.py", line 734, in async_wrapper
    response = await func(*args, **kwargs)  # type: ignore
  File "/Users/idokatz/VSCode/Archmorph/backend/tests/../icons/routes.py", line 74, in upload_icon_pack
    result = registry.ingest_icon_pack(
  File "/Users/idokatz/VSCode/Archmorph/backend/tests/../icons/registry.py", line 198, in ingest_icon_pack
    logger.info(
Message: "Icon pack '%s' ingested: %d icons, %d failed (%.2fs)"
Arguments: ('api-exc', '1', '0', '0.0004369160160422325')
--- Logging error ---
Traceback (most recent call last):
  File "/opt/homebrew/Cellar/python@3.13/3.13.12_1/Frameworks/Python.framework/Versions/3.13/lib/python3.13/logging/__init__.py", line 1151, in emit
    msg = self.format(record)
  File "/opt/homebrew/Cellar/python@3.13/3.13.12_1/Frameworks/Python.framework/Versions/3.13/lib/python3.13/logging/__init__.py", line 999, in format
    return fmt.format(record)
           ~~~~~~~~~~^^^^^^^^
  File "/Users/idokatz/VSCode/Archmorph/backend/.venv/lib/python3.13/site-packages/pythonjsonlogger/core.py", line 245, in format
    record.message = record.getMessage()
                     ~~~~~~~~~~~~~~~~~^^
  File "/opt/homebrew/Cellar/python@3.13/3.13.12_1/Frameworks/Python.framework/Versions/3.13/lib/python3.13/logging/__init__.py", line 400, in getMessage
    msg = msg % self.args
          ~~~~^~~~~~~~~~~
TypeError: %d format: a real number is required, not str
Call stack:
  File "/opt/homebrew/Cellar/python@3.13/3.13.12_1/Frameworks/Python.framework/Versions/3.13/lib/python3.13/threading.py", line 1015, in _bootstrap
    self._bootstrap_inner()
  File "/opt/homebrew/Cellar/python@3.13/3.13.12_1/Frameworks/Python.framework/Versions/3.13/lib/python3.13/threading.py", line 1044, in _bootstrap_inner
    self.run()
  File "/opt/homebrew/Cellar/python@3.13/3.13.12_1/Frameworks/Python.framework/Versions/3.13/lib/python3.13/threading.py", line 995, in run
    self._target(*self._args, **self._kwargs)
  File "/Users/idokatz/VSCode/Archmorph/backend/.venv/lib/python3.13/site-packages/anyio/from_thread.py", line 532, in run_blocking_portal
    run_eventloop(
  File "/Users/idokatz/VSCode/Archmorph/backend/.venv/lib/python3.13/site-packages/anyio/_core/_eventloop.py", line 77, in run
    return async_backend.run(func, args, {}, backend_options)
  File "/Users/idokatz/VSCode/Archmorph/backend/.venv/lib/python3.13/site-packages/anyio/_backends/_asyncio.py", line 2342, in run
    return runner.run(wrapper())
  File "/opt/homebrew/Cellar/python@3.13/3.13.12_1/Frameworks/Python.framework/Versions/3.13/lib/python3.13/asyncio/runners.py", line 118, in run
    return self._loop.run_until_complete(task)
  File "/opt/homebrew/Cellar/python@3.13/3.13.12_1/Frameworks/Python.framework/Versions/3.13/lib/python3.13/asyncio/base_events.py", line 712, in run_until_complete
    self.run_forever()
  File "/opt/homebrew/Cellar/python@3.13/3.13.12_1/Frameworks/Python.framework/Versions/3.13/lib/python3.13/asyncio/base_events.py", line 683, in run_forever
    self._run_once()
  File "/opt/homebrew/Cellar/python@3.13/3.13.12_1/Frameworks/Python.framework/Versions/3.13/lib/python3.13/asyncio/base_events.py", line 2050, in _run_once
    handle._run()
  File "/opt/homebrew/Cellar/python@3.13/3.13.12_1/Frameworks/Python.framework/Versions/3.13/lib/python3.13/asyncio/events.py", line 89, in _run
    self._context.run(self._callback, *self._args)
  File "/Users/idokatz/VSCode/Archmorph/backend/.venv/lib/python3.13/site-packages/starlette/middleware/base.py", line 144, in coro
    await self.app(scope, receive_or_disconnect, send_no_error)
  File "/Users/idokatz/VSCode/Archmorph/backend/.venv/lib/python3.13/site-packages/starlette/middleware/cors.py", line 87, in __call__
    await self.app(scope, receive, send)
  File "/Users/idokatz/VSCode/Archmorph/backend/.venv/lib/python3.13/site-packages/starlette/middleware/exceptions.py", line 63, in __call__
    await wrap_app_handling_exceptions(self.app, conn)(scope, receive, send)
  File "/Users/idokatz/VSCode/Archmorph/backend/.venv/lib/python3.13/site-packages/starlette/_exception_handler.py", line 42, in wrapped_app
    await app(scope, receive, sender)
  File "/Users/idokatz/VSCode/Archmorph/backend/.venv/lib/python3.13/site-packages/fastapi/middleware/asyncexitstack.py", line 18, in __call__
    await self.app(scope, receive, send)
  File "/Users/idokatz/VSCode/Archmorph/backend/.venv/lib/python3.13/site-packages/starlette/routing.py", line 716, in __call__
    await self.middleware_stack(scope, receive, send)
  File "/Users/idokatz/VSCode/Archmorph/backend/.venv/lib/python3.13/site-packages/starlette/routing.py", line 736, in app
    await route.handle(scope, receive, send)
  File "/Users/idokatz/VSCode/Archmorph/backend/.venv/lib/python3.13/site-packages/starlette/routing.py", line 290, in handle
    await self.app(scope, receive, send)
  File "/Users/idokatz/VSCode/Archmorph/backend/.venv/lib/python3.13/site-packages/fastapi/routing.py", line 129, in app
    await wrap_app_handling_exceptions(app, request)(scope, receive, send)
  File "/Users/idokatz/VSCode/Archmorph/backend/.venv/lib/python3.13/site-packages/starlette/_exception_handler.py", line 42, in wrapped_app
    await app(scope, receive, sender)
  File "/Users/idokatz/VSCode/Archmorph/backend/.venv/lib/python3.13/site-packages/fastapi/routing.py", line 115, in app
    response = await f(request)
  File "/Users/idokatz/VSCode/Archmorph/backend/.venv/lib/python3.13/site-packages/fastapi/routing.py", line 630, in app
    raw_response = await run_endpoint_function(
  File "/Users/idokatz/VSCode/Archmorph/backend/.venv/lib/python3.13/site-packages/fastapi/routing.py", line 323, in run_endpoint_function
    return await dependant.call(**values)
  File "/Users/idokatz/VSCode/Archmorph/backend/tests/../icons/routes.py", line 213, in download_excalidraw_library
    data = build_excalidraw_library(pack_id, title=title)
  File "/Users/idokatz/VSCode/Archmorph/backend/tests/../icons/builders/excalidraw.py", line 83, in build_excalidraw_library
    logger.info(
Message: "Built Excalidraw library '%s' (%d icons, %.2fs)"
Arguments: ('api-exc', '1', '6.024999311193824e-05')
------------------------------ Captured log call -------------------------------
INFO     icons.registry:registry.py:115 Ingesting icon pack from bytes
ERROR    icons.routes:routes.py:86 Icon pack ingestion failed
Traceback (most recent call last):
  File "/Users/idokatz/VSCode/Archmorph/backend/tests/../icons/routes.py", line 74, in upload_icon_pack
    result = registry.ingest_icon_pack(
        source=content,
        pack_id=pack_id,
    )
  File "/Users/idokatz/VSCode/Archmorph/backend/tests/../icons/registry.py", line 198, in ingest_icon_pack
    logger.info(
    ~~~~~~~~~~~^
        "Icon pack '%s' ingested: %d icons, %d failed (%.2fs)",
        ^^^^^^^^^^^^^^^^^^^^^^^^^^^^^^^^^^^^^^^^^^^^^^^^^^^^^^^
        str(pid).replace('\n', '').replace('\r', ''), str(len(ingested_ids)).replace('\n', '').replace('\r', ''), str(failed).replace('\n', '').replace('\r', ''), str(elapsed).replace('\n', '').replace('\r', ''),  # lgtm[py/log-injection]
        ^^^^^^^^^^^^^^^^^^^^^^^^^^^^^^^^^^^^^^^^^^^^^^^^^^^^^^^^^^^^^^^^^^^^^^^^^^^^^^^^^^^^^^^^^^^^^^^^^^^^^^^^^^^^^^^^^^^^^^^^^^^^^^^^^^^^^^^^^^^^^^^^^^^^^^^^^^^^^^^^^^^^^^^^^^^^^^^^^^^^^^^^^^^^^^^^^^^^^^^^^^^^^^^^^^^^^^^^^^^^^^^^^^^^^^
    )
    ^
  File "/opt/homebrew/Cellar/python@3.13/3.13.12_1/Frameworks/Python.framework/Versions/3.13/lib/python3.13/logging/__init__.py", line 1520, in info
    self._log(INFO, msg, args, **kwargs)
    ~~~~~~~~~^^^^^^^^^^^^^^^^^^^^^^^^^^^
  File "/opt/homebrew/Cellar/python@3.13/3.13.12_1/Frameworks/Python.framework/Versions/3.13/lib/python3.13/logging/__init__.py", line 1665, in _log
    self.handle(record)
    ~~~~~~~~~~~^^^^^^^^
  File "/opt/homebrew/Cellar/python@3.13/3.13.12_1/Frameworks/Python.framework/Versions/3.13/lib/python3.13/logging/__init__.py", line 1681, in handle
    self.callHandlers(record)
    ~~~~~~~~~~~~~~~~~^^^^^^^^
  File "/opt/homebrew/Cellar/python@3.13/3.13.12_1/Frameworks/Python.framework/Versions/3.13/lib/python3.13/logging/__init__.py", line 1737, in callHandlers
    hdlr.handle(record)
    ~~~~~~~~~~~^^^^^^^^
  File "/opt/homebrew/Cellar/python@3.13/3.13.12_1/Frameworks/Python.framework/Versions/3.13/lib/python3.13/logging/__init__.py", line 1027, in handle
    self.emit(record)
    ~~~~~~~~~^^^^^^^^
  File "/Users/idokatz/VSCode/Archmorph/backend/.venv/lib/python3.13/site-packages/_pytest/logging.py", line 386, in emit
    super().emit(record)
    ~~~~~~~~~~~~^^^^^^^^
  File "/opt/homebrew/Cellar/python@3.13/3.13.12_1/Frameworks/Python.framework/Versions/3.13/lib/python3.13/logging/__init__.py", line 1159, in emit
    self.handleError(record)
    ~~~~~~~~~~~~~~~~^^^^^^^^
  File "/opt/homebrew/Cellar/python@3.13/3.13.12_1/Frameworks/Python.framework/Versions/3.13/lib/python3.13/logging/__init__.py", line 1151, in emit
    msg = self.format(record)
  File "/opt/homebrew/Cellar/python@3.13/3.13.12_1/Frameworks/Python.framework/Versions/3.13/lib/python3.13/logging/__init__.py", line 999, in format
    return fmt.format(record)
           ~~~~~~~~~~^^^^^^^^
  File "/Users/idokatz/VSCode/Archmorph/backend/.venv/lib/python3.13/site-packages/_pytest/logging.py", line 139, in format
    return super().format(record)
           ~~~~~~~~~~~~~~^^^^^^^^
  File "/opt/homebrew/Cellar/python@3.13/3.13.12_1/Frameworks/Python.framework/Versions/3.13/lib/python3.13/logging/__init__.py", line 712, in format
    record.message = record.getMessage()
                     ~~~~~~~~~~~~~~~~~^^
  File "/opt/homebrew/Cellar/python@3.13/3.13.12_1/Frameworks/Python.framework/Versions/3.13/lib/python3.13/logging/__init__.py", line 400, in getMessage
    msg = msg % self.args
          ~~~~^~~~~~~~~~~
TypeError: %d format: a real number is required, not str
INFO     error_envelope:error_envelope.py:87 ArchmorphException raised: 500 Icon pack ingestion failed. Please try again.
INFO     main:main.py:238 request completed
ERROR    audit_logging:audit_logging.py:204 {"audit": true, "timestamp": "2026-03-14T13:17:29.990380+00:00", "event_type": "api.error", "user_id": null, "session_id": null, "ip_address": "testclient", "endpoint": "/api/icon-packs", "method": "POST", "status_code": 500, "latency_ms": 4.45, "correlation_id": "", "details": {}, "risk_level": "medium", "severity": "error"}
ERROR    error_envelope:error_envelope.py:114 Unhandled exception: %d format: a real number is required, not str
Traceback (most recent call last):
  File "/Users/idokatz/VSCode/Archmorph/backend/.venv/lib/python3.13/site-packages/starlette/middleware/errors.py", line 164, in __call__
    await self.app(scope, receive, _send)
  File "/Users/idokatz/VSCode/Archmorph/backend/.venv/lib/python3.13/site-packages/starlette/middleware/gzip.py", line 29, in __call__
    await responder(scope, receive, send)
  File "/Users/idokatz/VSCode/Archmorph/backend/.venv/lib/python3.13/site-packages/starlette/middleware/gzip.py", line 130, in __call__
    await super().__call__(scope, receive, send)
  File "/Users/idokatz/VSCode/Archmorph/backend/.venv/lib/python3.13/site-packages/starlette/middleware/gzip.py", line 46, in __call__
    await self.app(scope, receive, self.send_with_compression)
  File "/Users/idokatz/VSCode/Archmorph/backend/tests/../api_versioning.py", line 108, in __call__
    await self.app(scope, receive, send_wrapper)
  File "/Users/idokatz/VSCode/Archmorph/backend/.venv/lib/python3.13/site-packages/starlette/middleware/base.py", line 191, in __call__
    with recv_stream, send_stream, collapse_excgroups():
                                   ~~~~~~~~~~~~~~~~~~^^
  File "/opt/homebrew/Cellar/python@3.13/3.13.12_1/Frameworks/Python.framework/Versions/3.13/lib/python3.13/contextlib.py", line 162, in __exit__
    self.gen.throw(value)
    ~~~~~~~~~~~~~~^^^^^^^
  File "/Users/idokatz/VSCode/Archmorph/backend/.venv/lib/python3.13/site-packages/starlette/_utils.py", line 87, in collapse_excgroups
    raise exc
  File "/Users/idokatz/VSCode/Archmorph/backend/.venv/lib/python3.13/site-packages/starlette/middleware/base.py", line 193, in __call__
    response = await self.dispatch_func(request, call_next)
               ^^^^^^^^^^^^^^^^^^^^^^^^^^^^^^^^^^^^^^^^^^^^
  File "/Users/idokatz/VSCode/Archmorph/backend/tests/../main.py", line 205, in dispatch
    response = await call_next(request)
               ^^^^^^^^^^^^^^^^^^^^^^^^
  File "/Users/idokatz/VSCode/Archmorph/backend/.venv/lib/python3.13/site-packages/starlette/middleware/base.py", line 168, in call_next
    raise app_exc from app_exc.__cause__ or app_exc.__context__
  File "/Users/idokatz/VSCode/Archmorph/backend/.venv/lib/python3.13/site-packages/starlette/middleware/base.py", line 144, in coro
    await self.app(scope, receive_or_disconnect, send_no_error)
  File "/Users/idokatz/VSCode/Archmorph/backend/.venv/lib/python3.13/site-packages/starlette/middleware/cors.py", line 87, in __call__
    await self.app(scope, receive, send)
  File "/Users/idokatz/VSCode/Archmorph/backend/.venv/lib/python3.13/site-packages/starlette/middleware/exceptions.py", line 63, in __call__
    await wrap_app_handling_exceptions(self.app, conn)(scope, receive, send)
  File "/Users/idokatz/VSCode/Archmorph/backend/.venv/lib/python3.13/site-packages/starlette/_exception_handler.py", line 53, in wrapped_app
    raise exc
  File "/Users/idokatz/VSCode/Archmorph/backend/.venv/lib/python3.13/site-packages/starlette/_exception_handler.py", line 42, in wrapped_app
    await app(scope, receive, sender)
  File "/Users/idokatz/VSCode/Archmorph/backend/.venv/lib/python3.13/site-packages/fastapi/middleware/asyncexitstack.py", line 18, in __call__
    await self.app(scope, receive, send)
  File "/Users/idokatz/VSCode/Archmorph/backend/.venv/lib/python3.13/site-packages/starlette/routing.py", line 716, in __call__
    await self.middleware_stack(scope, receive, send)
  File "/Users/idokatz/VSCode/Archmorph/backend/.venv/lib/python3.13/site-packages/starlette/routing.py", line 736, in app
    await route.handle(scope, receive, send)
  File "/Users/idokatz/VSCode/Archmorph/backend/.venv/lib/python3.13/site-packages/starlette/routing.py", line 290, in handle
    await self.app(scope, receive, send)
  File "/Users/idokatz/VSCode/Archmorph/backend/.venv/lib/python3.13/site-packages/fastapi/routing.py", line 129, in app
    await wrap_app_handling_exceptions(app, request)(scope, receive, send)
  File "/Users/idokatz/VSCode/Archmorph/backend/.venv/lib/python3.13/site-packages/starlette/_exception_handler.py", line 53, in wrapped_app
    raise exc
  File "/Users/idokatz/VSCode/Archmorph/backend/.venv/lib/python3.13/site-packages/starlette/_exception_handler.py", line 42, in wrapped_app
    await app(scope, receive, sender)
  File "/Users/idokatz/VSCode/Archmorph/backend/.venv/lib/python3.13/site-packages/fastapi/routing.py", line 115, in app
    response = await f(request)
               ^^^^^^^^^^^^^^^^
  File "/Users/idokatz/VSCode/Archmorph/backend/.venv/lib/python3.13/site-packages/fastapi/routing.py", line 630, in app
    raw_response = await run_endpoint_function(
                   ^^^^^^^^^^^^^^^^^^^^^^^^^^^^
    ...<3 lines>...
    )
    ^
  File "/Users/idokatz/VSCode/Archmorph/backend/.venv/lib/python3.13/site-packages/fastapi/routing.py", line 323, in run_endpoint_function
    return await dependant.call(**values)
           ^^^^^^^^^^^^^^^^^^^^^^^^^^^^^^
  File "/Users/idokatz/VSCode/Archmorph/backend/tests/../icons/routes.py", line 213, in download_excalidraw_library
    data = build_excalidraw_library(pack_id, title=title)
  File "/Users/idokatz/VSCode/Archmorph/backend/tests/../icons/builders/excalidraw.py", line 83, in build_excalidraw_library
    logger.info(
    ~~~~~~~~~~~^
        "Built Excalidraw library '%s' (%d icons, %.2fs)",
        ^^^^^^^^^^^^^^^^^^^^^^^^^^^^^^^^^^^^^^^^^^^^^^^^^^
        str(pack_id).replace('\n', '').replace('\r', ''), str(len(library_items)).replace('\n', '').replace('\r', ''), str(elapsed).replace('\n', '').replace('\r', ''),  # lgtm[py/log-injection]
        ^^^^^^^^^^^^^^^^^^^^^^^^^^^^^^^^^^^^^^^^^^^^^^^^^^^^^^^^^^^^^^^^^^^^^^^^^^^^^^^^^^^^^^^^^^^^^^^^^^^^^^^^^^^^^^^^^^^^^^^^^^^^^^^^^^^^^^^^^^^^^^^^^^^^^^^^^^^^^^^^^^^^^^^^^^^^^^^^^^^^^^^^^^
    )
    ^
  File "/opt/homebrew/Cellar/python@3.13/3.13.12_1/Frameworks/Python.framework/Versions/3.13/lib/python3.13/logging/__init__.py", line 1520, in info
    self._log(INFO, msg, args, **kwargs)
    ~~~~~~~~~^^^^^^^^^^^^^^^^^^^^^^^^^^^
  File "/opt/homebrew/Cellar/python@3.13/3.13.12_1/Frameworks/Python.framework/Versions/3.13/lib/python3.13/logging/__init__.py", line 1665, in _log
    self.handle(record)
    ~~~~~~~~~~~^^^^^^^^
  File "/opt/homebrew/Cellar/python@3.13/3.13.12_1/Frameworks/Python.framework/Versions/3.13/lib/python3.13/logging/__init__.py", line 1681, in handle
    self.callHandlers(record)
    ~~~~~~~~~~~~~~~~~^^^^^^^^
  File "/opt/homebrew/Cellar/python@3.13/3.13.12_1/Frameworks/Python.framework/Versions/3.13/lib/python3.13/logging/__init__.py", line 1737, in callHandlers
    hdlr.handle(record)
    ~~~~~~~~~~~^^^^^^^^
  File "/opt/homebrew/Cellar/python@3.13/3.13.12_1/Frameworks/Python.framework/Versions/3.13/lib/python3.13/logging/__init__.py", line 1027, in handle
    self.emit(record)
    ~~~~~~~~~^^^^^^^^
  File "/Users/idokatz/VSCode/Archmorph/backend/.venv/lib/python3.13/site-packages/_pytest/logging.py", line 386, in emit
    super().emit(record)
    ~~~~~~~~~~~~^^^^^^^^
  File "/opt/homebrew/Cellar/python@3.13/3.13.12_1/Frameworks/Python.framework/Versions/3.13/lib/python3.13/logging/__init__.py", line 1159, in emit
    self.handleError(record)
    ~~~~~~~~~~~~~~~~^^^^^^^^
  File "/opt/homebrew/Cellar/python@3.13/3.13.12_1/Frameworks/Python.framework/Versions/3.13/lib/python3.13/logging/__init__.py", line 1151, in emit
    msg = self.format(record)
  File "/opt/homebrew/Cellar/python@3.13/3.13.12_1/Frameworks/Python.framework/Versions/3.13/lib/python3.13/logging/__init__.py", line 999, in format
    return fmt.format(record)
           ~~~~~~~~~~^^^^^^^^
  File "/Users/idokatz/VSCode/Archmorph/backend/.venv/lib/python3.13/site-packages/_pytest/logging.py", line 139, in format
    return super().format(record)
           ~~~~~~~~~~~~~~^^^^^^^^
  File "/opt/homebrew/Cellar/python@3.13/3.13.12_1/Frameworks/Python.framework/Versions/3.13/lib/python3.13/logging/__init__.py", line 712, in format
    record.message = record.getMessage()
                     ~~~~~~~~~~~~~~~~~^^
  File "/opt/homebrew/Cellar/python@3.13/3.13.12_1/Frameworks/Python.framework/Versions/3.13/lib/python3.13/logging/__init__.py", line 400, in getMessage
    msg = msg % self.args
          ~~~~^~~~~~~~~~~
TypeError: %d format: a real number is required, not str
_________________ TestIconAPI.test_upload_then_download_visio __________________
tests/test_icon_registry.py:495: in test_upload_then_download_visio
    resp = self.client.get("/api/libraries/visio?packId=api-vis")
.venv/lib/python3.13/site-packages/starlette/testclient.py:473: in get
    return super().get(
.venv/lib/python3.13/site-packages/httpx/_client.py:1053: in get
    return self.request(
.venv/lib/python3.13/site-packages/starlette/testclient.py:445: in request
    return super().request(
.venv/lib/python3.13/site-packages/httpx/_client.py:825: in request
    return self.send(request, auth=auth, follow_redirects=follow_redirects)
.venv/lib/python3.13/site-packages/httpx/_client.py:914: in send
    response = self._send_handling_auth(
.venv/lib/python3.13/site-packages/httpx/_client.py:942: in _send_handling_auth
    response = self._send_handling_redirects(
.venv/lib/python3.13/site-packages/httpx/_client.py:979: in _send_handling_redirects
    response = self._send_single_request(request)
.venv/lib/python3.13/site-packages/httpx/_client.py:1014: in _send_single_request
    response = transport.handle_request(request)
.venv/lib/python3.13/site-packages/starlette/testclient.py:348: in handle_request
    raise exc
.venv/lib/python3.13/site-packages/starlette/testclient.py:345: in handle_request
    portal.call(self.app, scope, receive, send)
.venv/lib/python3.13/site-packages/anyio/from_thread.py:334: in call
    return cast(T_Retval, self.start_task_soon(func, *args).result())
/opt/homebrew/Cellar/python@3.13/3.13.12_1/Frameworks/Python.framework/Versions/3.13/lib/python3.13/concurrent/futures/_base.py:456: in result
    return self.__get_result()
/opt/homebrew/Cellar/python@3.13/3.13.12_1/Frameworks/Python.framework/Versions/3.13/lib/python3.13/concurrent/futures/_base.py:401: in __get_result
    raise self._exception
.venv/lib/python3.13/site-packages/anyio/from_thread.py:259: in _call_func
    retval = await retval_or_awaitable
.venv/lib/python3.13/site-packages/fastapi/applications.py:1160: in __call__
    await super().__call__(scope, receive, send)
.venv/lib/python3.13/site-packages/starlette/applications.py:107: in __call__
    await self.middleware_stack(scope, receive, send)
.venv/lib/python3.13/site-packages/starlette/middleware/errors.py:186: in __call__
    raise exc
.venv/lib/python3.13/site-packages/starlette/middleware/errors.py:164: in __call__
    await self.app(scope, receive, _send)
.venv/lib/python3.13/site-packages/starlette/middleware/gzip.py:29: in __call__
    await responder(scope, receive, send)
.venv/lib/python3.13/site-packages/starlette/middleware/gzip.py:130: in __call__
    await super().__call__(scope, receive, send)
.venv/lib/python3.13/site-packages/starlette/middleware/gzip.py:46: in __call__
    await self.app(scope, receive, self.send_with_compression)
api_versioning.py:108: in __call__
    await self.app(scope, receive, send_wrapper)
.venv/lib/python3.13/site-packages/starlette/middleware/base.py:191: in __call__
    with recv_stream, send_stream, collapse_excgroups():
/opt/homebrew/Cellar/python@3.13/3.13.12_1/Frameworks/Python.framework/Versions/3.13/lib/python3.13/contextlib.py:162: in __exit__
    self.gen.throw(value)
.venv/lib/python3.13/site-packages/starlette/_utils.py:87: in collapse_excgroups
    raise exc
.venv/lib/python3.13/site-packages/starlette/middleware/base.py:193: in __call__
    response = await self.dispatch_func(request, call_next)
main.py:205: in dispatch
    response = await call_next(request)
.venv/lib/python3.13/site-packages/starlette/middleware/base.py:168: in call_next
    raise app_exc from app_exc.__cause__ or app_exc.__context__
.venv/lib/python3.13/site-packages/starlette/middleware/base.py:144: in coro
    await self.app(scope, receive_or_disconnect, send_no_error)
.venv/lib/python3.13/site-packages/starlette/middleware/cors.py:87: in __call__
    await self.app(scope, receive, send)
.venv/lib/python3.13/site-packages/starlette/middleware/exceptions.py:63: in __call__
    await wrap_app_handling_exceptions(self.app, conn)(scope, receive, send)
.venv/lib/python3.13/site-packages/starlette/_exception_handler.py:53: in wrapped_app
    raise exc
.venv/lib/python3.13/site-packages/starlette/_exception_handler.py:42: in wrapped_app
    await app(scope, receive, sender)
.venv/lib/python3.13/site-packages/fastapi/middleware/asyncexitstack.py:18: in __call__
    await self.app(scope, receive, send)
.venv/lib/python3.13/site-packages/starlette/routing.py:716: in __call__
    await self.middleware_stack(scope, receive, send)
.venv/lib/python3.13/site-packages/starlette/routing.py:736: in app
    await route.handle(scope, receive, send)
.venv/lib/python3.13/site-packages/starlette/routing.py:290: in handle
    await self.app(scope, receive, send)
.venv/lib/python3.13/site-packages/fastapi/routing.py:129: in app
    await wrap_app_handling_exceptions(app, request)(scope, receive, send)
.venv/lib/python3.13/site-packages/starlette/_exception_handler.py:53: in wrapped_app
    raise exc
.venv/lib/python3.13/site-packages/starlette/_exception_handler.py:42: in wrapped_app
    await app(scope, receive, sender)
.venv/lib/python3.13/site-packages/fastapi/routing.py:115: in app
    response = await f(request)
.venv/lib/python3.13/site-packages/fastapi/routing.py:630: in app
    raw_response = await run_endpoint_function(
.venv/lib/python3.13/site-packages/fastapi/routing.py:323: in run_endpoint_function
    return await dependant.call(**values)
icons/routes.py:242: in download_visio_stencil_pack
    data = build_visio_stencil_pack(pack_id, title=title, include_png=include_png)
icons/builders/visio.py:149: in build_visio_stencil_pack
    logger.info(
/opt/homebrew/Cellar/python@3.13/3.13.12_1/Frameworks/Python.framework/Versions/3.13/lib/python3.13/logging/__init__.py:1520: in info
    self._log(INFO, msg, args, **kwargs)
/opt/homebrew/Cellar/python@3.13/3.13.12_1/Frameworks/Python.framework/Versions/3.13/lib/python3.13/logging/__init__.py:1665: in _log
    self.handle(record)
/opt/homebrew/Cellar/python@3.13/3.13.12_1/Frameworks/Python.framework/Versions/3.13/lib/python3.13/logging/__init__.py:1681: in handle
    self.callHandlers(record)
/opt/homebrew/Cellar/python@3.13/3.13.12_1/Frameworks/Python.framework/Versions/3.13/lib/python3.13/logging/__init__.py:1737: in callHandlers
    hdlr.handle(record)
/opt/homebrew/Cellar/python@3.13/3.13.12_1/Frameworks/Python.framework/Versions/3.13/lib/python3.13/logging/__init__.py:1027: in handle
    self.emit(record)
.venv/lib/python3.13/site-packages/_pytest/logging.py:386: in emit
    super().emit(record)
/opt/homebrew/Cellar/python@3.13/3.13.12_1/Frameworks/Python.framework/Versions/3.13/lib/python3.13/logging/__init__.py:1159: in emit
    self.handleError(record)
/opt/homebrew/Cellar/python@3.13/3.13.12_1/Frameworks/Python.framework/Versions/3.13/lib/python3.13/logging/__init__.py:1151: in emit
    msg = self.format(record)
/opt/homebrew/Cellar/python@3.13/3.13.12_1/Frameworks/Python.framework/Versions/3.13/lib/python3.13/logging/__init__.py:999: in format
    return fmt.format(record)
.venv/lib/python3.13/site-packages/_pytest/logging.py:139: in format
    return super().format(record)
/opt/homebrew/Cellar/python@3.13/3.13.12_1/Frameworks/Python.framework/Versions/3.13/lib/python3.13/logging/__init__.py:712: in format
    record.message = record.getMessage()
/opt/homebrew/Cellar/python@3.13/3.13.12_1/Frameworks/Python.framework/Versions/3.13/lib/python3.13/logging/__init__.py:400: in getMessage
    msg = msg % self.args
E   TypeError: %d format: a real number is required, not str
----------------------------- Captured stdout call -----------------------------
{"timestamp": "2026-03-14T15:17:30+0200", "level": "info", "name": "icons.registry", "message": "Ingesting icon pack from bytes", "logger": "icons.registry", "correlation_id": "7c78ac94-1d21-4bdb-a2da-9d8a67d03d3e"}
{"timestamp": "2026-03-14T15:17:30+0200", "level": "error", "name": "icons.routes", "message": "Icon pack ingestion failed", "exc_info": "Traceback (most recent call last):\n  File \"/Users/idokatz/VSCode/Archmorph/backend/tests/../icons/routes.py\", line 74, in upload_icon_pack\n    result = registry.ingest_icon_pack(\n        source=content,\n        pack_id=pack_id,\n    )\n  File \"/Users/idokatz/VSCode/Archmorph/backend/tests/../icons/registry.py\", line 198, in ingest_icon_pack\n    logger.info(\n    ~~~~~~~~~~~^\n        \"Icon pack '%s' ingested: %d icons, %d failed (%.2fs)\",\n        ^^^^^^^^^^^^^^^^^^^^^^^^^^^^^^^^^^^^^^^^^^^^^^^^^^^^^^^\n        str(pid).replace('\\n', '').replace('\\r', ''), str(len(ingested_ids)).replace('\\n', '').replace('\\r', ''), str(failed).replace('\\n', '').replace('\\r', ''), str(elapsed).replace('\\n', '').replace('\\r', ''),  # lgtm[py/log-injection]\n        ^^^^^^^^^^^^^^^^^^^^^^^^^^^^^^^^^^^^^^^^^^^^^^^^^^^^^^^^^^^^^^^^^^^^^^^^^^^^^^^^^^^^^^^^^^^^^^^^^^^^^^^^^^^^^^^^^^^^^^^^^^^^^^^^^^^^^^^^^^^^^^^^^^^^^^^^^^^^^^^^^^^^^^^^^^^^^^^^^^^^^^^^^^^^^^^^^^^^^^^^^^^^^^^^^^^^^^^^^^^^^^^^^^^^^^\n    )\n    ^\n  File \"/opt/homebrew/Cellar/python@3.13/3.13.12_1/Frameworks/Python.framework/Versions/3.13/lib/python3.13/logging/__init__.py\", line 1520, in info\n    self._log(INFO, msg, args, **kwargs)\n    ~~~~~~~~~^^^^^^^^^^^^^^^^^^^^^^^^^^^\n  File \"/opt/homebrew/Cellar/python@3.13/3.13.12_1/Frameworks/Python.framework/Versions/3.13/lib/python3.13/logging/__init__.py\", line 1665, in _log\n    self.handle(record)\n    ~~~~~~~~~~~^^^^^^^^\n  File \"/opt/homebrew/Cellar/python@3.13/3.13.12_1/Frameworks/Python.framework/Versions/3.13/lib/python3.13/logging/__init__.py\", line 1681, in handle\n    self.callHandlers(record)\n    ~~~~~~~~~~~~~~~~~^^^^^^^^\n  File \"/opt/homebrew/Cellar/python@3.13/3.13.12_1/Frameworks/Python.framework/Versions/3.13/lib/python3.13/logging/__init__.py\", line 1737, in callHandlers\n    hdlr.handle(record)\n    ~~~~~~~~~~~^^^^^^^^\n  File \"/opt/homebrew/Cellar/python@3.13/3.13.12_1/Frameworks/Python.framework/Versions/3.13/lib/python3.13/logging/__init__.py\", line 1027, in handle\n    self.emit(record)\n    ~~~~~~~~~^^^^^^^^\n  File \"/Users/idokatz/VSCode/Archmorph/backend/.venv/lib/python3.13/site-packages/_pytest/logging.py\", line 386, in emit\n    super().emit(record)\n    ~~~~~~~~~~~~^^^^^^^^\n  File \"/opt/homebrew/Cellar/python@3.13/3.13.12_1/Frameworks/Python.framework/Versions/3.13/lib/python3.13/logging/__init__.py\", line 1159, in emit\n    self.handleError(record)\n    ~~~~~~~~~~~~~~~~^^^^^^^^\n  File \"/opt/homebrew/Cellar/python@3.13/3.13.12_1/Frameworks/Python.framework/Versions/3.13/lib/python3.13/logging/__init__.py\", line 1151, in emit\n    msg = self.format(record)\n  File \"/opt/homebrew/Cellar/python@3.13/3.13.12_1/Frameworks/Python.framework/Versions/3.13/lib/python3.13/logging/__init__.py\", line 999, in format\n    return fmt.format(record)\n           ~~~~~~~~~~^^^^^^^^\n  File \"/Users/idokatz/VSCode/Archmorph/backend/.venv/lib/python3.13/site-packages/_pytest/logging.py\", line 139, in format\n    return super().format(record)\n           ~~~~~~~~~~~~~~^^^^^^^^\n  File \"/opt/homebrew/Cellar/python@3.13/3.13.12_1/Frameworks/Python.framework/Versions/3.13/lib/python3.13/logging/__init__.py\", line 712, in format\n    record.message = record.getMessage()\n                     ~~~~~~~~~~~~~~~~~^^\n  File \"/opt/homebrew/Cellar/python@3.13/3.13.12_1/Frameworks/Python.framework/Versions/3.13/lib/python3.13/logging/__init__.py\", line 400, in getMessage\n    msg = msg % self.args\n          ~~~~^~~~~~~~~~~\nTypeError: %d format: a real number is required, not str", "logger": "icons.routes", "correlation_id": "7c78ac94-1d21-4bdb-a2da-9d8a67d03d3e"}
{"timestamp": "2026-03-14T15:17:30+0200", "level": "info", "name": "error_envelope", "message": "ArchmorphException raised: 500 Icon pack ingestion failed. Please try again.", "logger": "error_envelope", "correlation_id": "7c78ac94-1d21-4bdb-a2da-9d8a67d03d3e"}
{"timestamp": "2026-03-14T15:17:30+0200", "level": "info", "name": "main", "message": "request completed", "http_method": "POST", "http_path": "/api/icon-packs", "http_status": 500, "duration_ms": 3.91, "logger": "main"}
{"timestamp": "2026-03-14T15:17:30+0200", "level": "error", "name": "audit_logging", "message": "{\"audit\": true, \"timestamp\": \"2026-03-14T13:17:30.462271+00:00\", \"event_type\": \"api.error\", \"user_id\": null, \"session_id\": null, \"ip_address\": \"testclient\", \"endpoint\": \"/api/icon-packs\", \"method\": \"POST\", \"status_code\": 500, \"latency_ms\": 3.91, \"correlation_id\": \"\", \"details\": {}, \"risk_level\": \"medium\", \"severity\": \"error\"}", "logger": "audit_logging"}
{"timestamp": "2026-03-14T15:17:30+0200", "level": "error", "name": "error_envelope", "message": "Unhandled exception: %d format: a real number is required, not str", "exc_info": "Traceback (most recent call last):\n  File \"/Users/idokatz/VSCode/Archmorph/backend/.venv/lib/python3.13/site-packages/starlette/middleware/errors.py\", line 164, in __call__\n    await self.app(scope, receive, _send)\n  File \"/Users/idokatz/VSCode/Archmorph/backend/.venv/lib/python3.13/site-packages/starlette/middleware/gzip.py\", line 29, in __call__\n    await responder(scope, receive, send)\n  File \"/Users/idokatz/VSCode/Archmorph/backend/.venv/lib/python3.13/site-packages/starlette/middleware/gzip.py\", line 130, in __call__\n    await super().__call__(scope, receive, send)\n  File \"/Users/idokatz/VSCode/Archmorph/backend/.venv/lib/python3.13/site-packages/starlette/middleware/gzip.py\", line 46, in __call__\n    await self.app(scope, receive, self.send_with_compression)\n  File \"/Users/idokatz/VSCode/Archmorph/backend/tests/../api_versioning.py\", line 108, in __call__\n    await self.app(scope, receive, send_wrapper)\n  File \"/Users/idokatz/VSCode/Archmorph/backend/.venv/lib/python3.13/site-packages/starlette/middleware/base.py\", line 191, in __call__\n    with recv_stream, send_stream, collapse_excgroups():\n                                   ~~~~~~~~~~~~~~~~~~^^\n  File \"/opt/homebrew/Cellar/python@3.13/3.13.12_1/Frameworks/Python.framework/Versions/3.13/lib/python3.13/contextlib.py\", line 162, in __exit__\n    self.gen.throw(value)\n    ~~~~~~~~~~~~~~^^^^^^^\n  File \"/Users/idokatz/VSCode/Archmorph/backend/.venv/lib/python3.13/site-packages/starlette/_utils.py\", line 87, in collapse_excgroups\n    raise exc\n  File \"/Users/idokatz/VSCode/Archmorph/backend/.venv/lib/python3.13/site-packages/starlette/middleware/base.py\", line 193, in __call__\n    response = await self.dispatch_func(request, call_next)\n               ^^^^^^^^^^^^^^^^^^^^^^^^^^^^^^^^^^^^^^^^^^^^\n  File \"/Users/idokatz/VSCode/Archmorph/backend/tests/../main.py\", line 205, in dispatch\n    response = await call_next(request)\n               ^^^^^^^^^^^^^^^^^^^^^^^^\n  File \"/Users/idokatz/VSCode/Archmorph/backend/.venv/lib/python3.13/site-packages/starlette/middleware/base.py\", line 168, in call_next\n    raise app_exc from app_exc.__cause__ or app_exc.__context__\n  File \"/Users/idokatz/VSCode/Archmorph/backend/.venv/lib/python3.13/site-packages/starlette/middleware/base.py\", line 144, in coro\n    await self.app(scope, receive_or_disconnect, send_no_error)\n  File \"/Users/idokatz/VSCode/Archmorph/backend/.venv/lib/python3.13/site-packages/starlette/middleware/cors.py\", line 87, in __call__\n    await self.app(scope, receive, send)\n  File \"/Users/idokatz/VSCode/Archmorph/backend/.venv/lib/python3.13/site-packages/starlette/middleware/exceptions.py\", line 63, in __call__\n    await wrap_app_handling_exceptions(self.app, conn)(scope, receive, send)\n  File \"/Users/idokatz/VSCode/Archmorph/backend/.venv/lib/python3.13/site-packages/starlette/_exception_handler.py\", line 53, in wrapped_app\n    raise exc\n  File \"/Users/idokatz/VSCode/Archmorph/backend/.venv/lib/python3.13/site-packages/starlette/_exception_handler.py\", line 42, in wrapped_app\n    await app(scope, receive, sender)\n  File \"/Users/idokatz/VSCode/Archmorph/backend/.venv/lib/python3.13/site-packages/fastapi/middleware/asyncexitstack.py\", line 18, in __call__\n    await self.app(scope, receive, send)\n  File \"/Users/idokatz/VSCode/Archmorph/backend/.venv/lib/python3.13/site-packages/starlette/routing.py\", line 716, in __call__\n    await self.middleware_stack(scope, receive, send)\n  File \"/Users/idokatz/VSCode/Archmorph/backend/.venv/lib/python3.13/site-packages/starlette/routing.py\", line 736, in app\n    await route.handle(scope, receive, send)\n  File \"/Users/idokatz/VSCode/Archmorph/backend/.venv/lib/python3.13/site-packages/starlette/routing.py\", line 290, in handle\n    await self.app(scope, receive, send)\n  File \"/Users/idokatz/VSCode/Archmorph/backend/.venv/lib/python3.13/site-packages/fastapi/routing.py\", line 129, in app\n    await wrap_app_handling_exceptions(app, request)(scope, receive, send)\n  File \"/Users/idokatz/VSCode/Archmorph/backend/.venv/lib/python3.13/site-packages/starlette/_exception_handler.py\", line 53, in wrapped_app\n    raise exc\n  File \"/Users/idokatz/VSCode/Archmorph/backend/.venv/lib/python3.13/site-packages/starlette/_exception_handler.py\", line 42, in wrapped_app\n    await app(scope, receive, sender)\n  File \"/Users/idokatz/VSCode/Archmorph/backend/.venv/lib/python3.13/site-packages/fastapi/routing.py\", line 115, in app\n    response = await f(request)\n               ^^^^^^^^^^^^^^^^\n  File \"/Users/idokatz/VSCode/Archmorph/backend/.venv/lib/python3.13/site-packages/fastapi/routing.py\", line 630, in app\n    raw_response = await run_endpoint_function(\n                   ^^^^^^^^^^^^^^^^^^^^^^^^^^^^\n    ...<3 lines>...\n    )\n    ^\n  File \"/Users/idokatz/VSCode/Archmorph/backend/.venv/lib/python3.13/site-packages/fastapi/routing.py\", line 323, in run_endpoint_function\n    return await dependant.call(**values)\n           ^^^^^^^^^^^^^^^^^^^^^^^^^^^^^^\n  File \"/Users/idokatz/VSCode/Archmorph/backend/tests/../icons/routes.py\", line 242, in download_visio_stencil_pack\n    data = build_visio_stencil_pack(pack_id, title=title, include_png=include_png)\n  File \"/Users/idokatz/VSCode/Archmorph/backend/tests/../icons/builders/visio.py\", line 149, in build_visio_stencil_pack\n    logger.info(\n    ~~~~~~~~~~~^\n        \"Built Visio stencil pack '%s' (%d icons, %.2fs)\",\n        ^^^^^^^^^^^^^^^^^^^^^^^^^^^^^^^^^^^^^^^^^^^^^^^^^^\n        str(pack_id).replace('\\n', '').replace('\\r', ''), str(len(manifest_entries)).replace('\\n', '').replace('\\r', ''), str(elapsed).replace('\\n', '').replace('\\r', ''),  # lgtm[py/log-injection]\n        ^^^^^^^^^^^^^^^^^^^^^^^^^^^^^^^^^^^^^^^^^^^^^^^^^^^^^^^^^^^^^^^^^^^^^^^^^^^^^^^^^^^^^^^^^^^^^^^^^^^^^^^^^^^^^^^^^^^^^^^^^^^^^^^^^^^^^^^^^^^^^^^^^^^^^^^^^^^^^^^^^^^^^^^^^^^^^^^^^^^^^^^^^^^^^\n    )\n    ^\n  File \"/opt/homebrew/Cellar/python@3.13/3.13.12_1/Frameworks/Python.framework/Versions/3.13/lib/python3.13/logging/__init__.py\", line 1520, in info\n    self._log(INFO, msg, args, **kwargs)\n    ~~~~~~~~~^^^^^^^^^^^^^^^^^^^^^^^^^^^\n  File \"/opt/homebrew/Cellar/python@3.13/3.13.12_1/Frameworks/Python.framework/Versions/3.13/lib/python3.13/logging/__init__.py\", line 1665, in _log\n    self.handle(record)\n    ~~~~~~~~~~~^^^^^^^^\n  File \"/opt/homebrew/Cellar/python@3.13/3.13.12_1/Frameworks/Python.framework/Versions/3.13/lib/python3.13/logging/__init__.py\", line 1681, in handle\n    self.callHandlers(record)\n    ~~~~~~~~~~~~~~~~~^^^^^^^^\n  File \"/opt/homebrew/Cellar/python@3.13/3.13.12_1/Frameworks/Python.framework/Versions/3.13/lib/python3.13/logging/__init__.py\", line 1737, in callHandlers\n    hdlr.handle(record)\n    ~~~~~~~~~~~^^^^^^^^\n  File \"/opt/homebrew/Cellar/python@3.13/3.13.12_1/Frameworks/Python.framework/Versions/3.13/lib/python3.13/logging/__init__.py\", line 1027, in handle\n    self.emit(record)\n    ~~~~~~~~~^^^^^^^^\n  File \"/Users/idokatz/VSCode/Archmorph/backend/.venv/lib/python3.13/site-packages/_pytest/logging.py\", line 386, in emit\n    super().emit(record)\n    ~~~~~~~~~~~~^^^^^^^^\n  File \"/opt/homebrew/Cellar/python@3.13/3.13.12_1/Frameworks/Python.framework/Versions/3.13/lib/python3.13/logging/__init__.py\", line 1159, in emit\n    self.handleError(record)\n    ~~~~~~~~~~~~~~~~^^^^^^^^\n  File \"/opt/homebrew/Cellar/python@3.13/3.13.12_1/Frameworks/Python.framework/Versions/3.13/lib/python3.13/logging/__init__.py\", line 1151, in emit\n    msg = self.format(record)\n  File \"/opt/homebrew/Cellar/python@3.13/3.13.12_1/Frameworks/Python.framework/Versions/3.13/lib/python3.13/logging/__init__.py\", line 999, in format\n    return fmt.format(record)\n           ~~~~~~~~~~^^^^^^^^\n  File \"/Users/idokatz/VSCode/Archmorph/backend/.venv/lib/python3.13/site-packages/_pytest/logging.py\", line 139, in format\n    return super().format(record)\n           ~~~~~~~~~~~~~~^^^^^^^^\n  File \"/opt/homebrew/Cellar/python@3.13/3.13.12_1/Frameworks/Python.framework/Versions/3.13/lib/python3.13/logging/__init__.py\", line 712, in format\n    record.message = record.getMessage()\n                     ~~~~~~~~~~~~~~~~~^^\n  File \"/opt/homebrew/Cellar/python@3.13/3.13.12_1/Frameworks/Python.framework/Versions/3.13/lib/python3.13/logging/__init__.py\", line 400, in getMessage\n    msg = msg % self.args\n          ~~~~^~~~~~~~~~~\nTypeError: %d format: a real number is required, not str", "logger": "error_envelope"}
----------------------------- Captured stderr call -----------------------------
--- Logging error ---
Traceback (most recent call last):
  File "/opt/homebrew/Cellar/python@3.13/3.13.12_1/Frameworks/Python.framework/Versions/3.13/lib/python3.13/logging/__init__.py", line 1151, in emit
    msg = self.format(record)
  File "/opt/homebrew/Cellar/python@3.13/3.13.12_1/Frameworks/Python.framework/Versions/3.13/lib/python3.13/logging/__init__.py", line 999, in format
    return fmt.format(record)
           ~~~~~~~~~~^^^^^^^^
  File "/Users/idokatz/VSCode/Archmorph/backend/.venv/lib/python3.13/site-packages/pythonjsonlogger/core.py", line 245, in format
    record.message = record.getMessage()
                     ~~~~~~~~~~~~~~~~~^^
  File "/opt/homebrew/Cellar/python@3.13/3.13.12_1/Frameworks/Python.framework/Versions/3.13/lib/python3.13/logging/__init__.py", line 400, in getMessage
    msg = msg % self.args
          ~~~~^~~~~~~~~~~
TypeError: %d format: a real number is required, not str
Call stack:
  File "/opt/homebrew/Cellar/python@3.13/3.13.12_1/Frameworks/Python.framework/Versions/3.13/lib/python3.13/threading.py", line 1015, in _bootstrap
    self._bootstrap_inner()
  File "/opt/homebrew/Cellar/python@3.13/3.13.12_1/Frameworks/Python.framework/Versions/3.13/lib/python3.13/threading.py", line 1044, in _bootstrap_inner
    self.run()
  File "/opt/homebrew/Cellar/python@3.13/3.13.12_1/Frameworks/Python.framework/Versions/3.13/lib/python3.13/threading.py", line 995, in run
    self._target(*self._args, **self._kwargs)
  File "/Users/idokatz/VSCode/Archmorph/backend/.venv/lib/python3.13/site-packages/anyio/from_thread.py", line 532, in run_blocking_portal
    run_eventloop(
  File "/Users/idokatz/VSCode/Archmorph/backend/.venv/lib/python3.13/site-packages/anyio/_core/_eventloop.py", line 77, in run
    return async_backend.run(func, args, {}, backend_options)
  File "/Users/idokatz/VSCode/Archmorph/backend/.venv/lib/python3.13/site-packages/anyio/_backends/_asyncio.py", line 2342, in run
    return runner.run(wrapper())
  File "/opt/homebrew/Cellar/python@3.13/3.13.12_1/Frameworks/Python.framework/Versions/3.13/lib/python3.13/asyncio/runners.py", line 118, in run
    return self._loop.run_until_complete(task)
  File "/opt/homebrew/Cellar/python@3.13/3.13.12_1/Frameworks/Python.framework/Versions/3.13/lib/python3.13/asyncio/base_events.py", line 712, in run_until_complete
    self.run_forever()
  File "/opt/homebrew/Cellar/python@3.13/3.13.12_1/Frameworks/Python.framework/Versions/3.13/lib/python3.13/asyncio/base_events.py", line 683, in run_forever
    self._run_once()
  File "/opt/homebrew/Cellar/python@3.13/3.13.12_1/Frameworks/Python.framework/Versions/3.13/lib/python3.13/asyncio/base_events.py", line 2050, in _run_once
    handle._run()
  File "/opt/homebrew/Cellar/python@3.13/3.13.12_1/Frameworks/Python.framework/Versions/3.13/lib/python3.13/asyncio/events.py", line 89, in _run
    self._context.run(self._callback, *self._args)
  File "/Users/idokatz/VSCode/Archmorph/backend/.venv/lib/python3.13/site-packages/starlette/middleware/base.py", line 144, in coro
    await self.app(scope, receive_or_disconnect, send_no_error)
  File "/Users/idokatz/VSCode/Archmorph/backend/.venv/lib/python3.13/site-packages/starlette/middleware/cors.py", line 87, in __call__
    await self.app(scope, receive, send)
  File "/Users/idokatz/VSCode/Archmorph/backend/.venv/lib/python3.13/site-packages/starlette/middleware/exceptions.py", line 63, in __call__
    await wrap_app_handling_exceptions(self.app, conn)(scope, receive, send)
  File "/Users/idokatz/VSCode/Archmorph/backend/.venv/lib/python3.13/site-packages/starlette/_exception_handler.py", line 42, in wrapped_app
    await app(scope, receive, sender)
  File "/Users/idokatz/VSCode/Archmorph/backend/.venv/lib/python3.13/site-packages/fastapi/middleware/asyncexitstack.py", line 18, in __call__
    await self.app(scope, receive, send)
  File "/Users/idokatz/VSCode/Archmorph/backend/.venv/lib/python3.13/site-packages/starlette/routing.py", line 716, in __call__
    await self.middleware_stack(scope, receive, send)
  File "/Users/idokatz/VSCode/Archmorph/backend/.venv/lib/python3.13/site-packages/starlette/routing.py", line 736, in app
    await route.handle(scope, receive, send)
  File "/Users/idokatz/VSCode/Archmorph/backend/.venv/lib/python3.13/site-packages/starlette/routing.py", line 290, in handle
    await self.app(scope, receive, send)
  File "/Users/idokatz/VSCode/Archmorph/backend/.venv/lib/python3.13/site-packages/fastapi/routing.py", line 129, in app
    await wrap_app_handling_exceptions(app, request)(scope, receive, send)
  File "/Users/idokatz/VSCode/Archmorph/backend/.venv/lib/python3.13/site-packages/starlette/_exception_handler.py", line 42, in wrapped_app
    await app(scope, receive, sender)
  File "/Users/idokatz/VSCode/Archmorph/backend/.venv/lib/python3.13/site-packages/fastapi/routing.py", line 115, in app
    response = await f(request)
  File "/Users/idokatz/VSCode/Archmorph/backend/.venv/lib/python3.13/site-packages/fastapi/routing.py", line 630, in app
    raw_response = await run_endpoint_function(
  File "/Users/idokatz/VSCode/Archmorph/backend/.venv/lib/python3.13/site-packages/fastapi/routing.py", line 323, in run_endpoint_function
    return await dependant.call(**values)
  File "/Users/idokatz/VSCode/Archmorph/backend/.venv/lib/python3.13/site-packages/slowapi/extension.py", line 734, in async_wrapper
    response = await func(*args, **kwargs)  # type: ignore
  File "/Users/idokatz/VSCode/Archmorph/backend/tests/../icons/routes.py", line 74, in upload_icon_pack
    result = registry.ingest_icon_pack(
  File "/Users/idokatz/VSCode/Archmorph/backend/tests/../icons/registry.py", line 198, in ingest_icon_pack
    logger.info(
Message: "Icon pack '%s' ingested: %d icons, %d failed (%.2fs)"
Arguments: ('api-vis', '1', '0', '0.0003665410040412098')
--- Logging error ---
Traceback (most recent call last):
  File "/opt/homebrew/Cellar/python@3.13/3.13.12_1/Frameworks/Python.framework/Versions/3.13/lib/python3.13/logging/__init__.py", line 1151, in emit
    msg = self.format(record)
  File "/opt/homebrew/Cellar/python@3.13/3.13.12_1/Frameworks/Python.framework/Versions/3.13/lib/python3.13/logging/__init__.py", line 999, in format
    return fmt.format(record)
           ~~~~~~~~~~^^^^^^^^
  File "/Users/idokatz/VSCode/Archmorph/backend/.venv/lib/python3.13/site-packages/pythonjsonlogger/core.py", line 245, in format
    record.message = record.getMessage()
                     ~~~~~~~~~~~~~~~~~^^
  File "/opt/homebrew/Cellar/python@3.13/3.13.12_1/Frameworks/Python.framework/Versions/3.13/lib/python3.13/logging/__init__.py", line 400, in getMessage
    msg = msg % self.args
          ~~~~^~~~~~~~~~~
TypeError: %d format: a real number is required, not str
Call stack:
  File "/opt/homebrew/Cellar/python@3.13/3.13.12_1/Frameworks/Python.framework/Versions/3.13/lib/python3.13/threading.py", line 1015, in _bootstrap
    self._bootstrap_inner()
  File "/opt/homebrew/Cellar/python@3.13/3.13.12_1/Frameworks/Python.framework/Versions/3.13/lib/python3.13/threading.py", line 1044, in _bootstrap_inner
    self.run()
  File "/opt/homebrew/Cellar/python@3.13/3.13.12_1/Frameworks/Python.framework/Versions/3.13/lib/python3.13/threading.py", line 995, in run
    self._target(*self._args, **self._kwargs)
  File "/Users/idokatz/VSCode/Archmorph/backend/.venv/lib/python3.13/site-packages/anyio/from_thread.py", line 532, in run_blocking_portal
    run_eventloop(
  File "/Users/idokatz/VSCode/Archmorph/backend/.venv/lib/python3.13/site-packages/anyio/_core/_eventloop.py", line 77, in run
    return async_backend.run(func, args, {}, backend_options)
  File "/Users/idokatz/VSCode/Archmorph/backend/.venv/lib/python3.13/site-packages/anyio/_backends/_asyncio.py", line 2342, in run
    return runner.run(wrapper())
  File "/opt/homebrew/Cellar/python@3.13/3.13.12_1/Frameworks/Python.framework/Versions/3.13/lib/python3.13/asyncio/runners.py", line 118, in run
    return self._loop.run_until_complete(task)
  File "/opt/homebrew/Cellar/python@3.13/3.13.12_1/Frameworks/Python.framework/Versions/3.13/lib/python3.13/asyncio/base_events.py", line 712, in run_until_complete
    self.run_forever()
  File "/opt/homebrew/Cellar/python@3.13/3.13.12_1/Frameworks/Python.framework/Versions/3.13/lib/python3.13/asyncio/base_events.py", line 683, in run_forever
    self._run_once()
  File "/opt/homebrew/Cellar/python@3.13/3.13.12_1/Frameworks/Python.framework/Versions/3.13/lib/python3.13/asyncio/base_events.py", line 2050, in _run_once
    handle._run()
  File "/opt/homebrew/Cellar/python@3.13/3.13.12_1/Frameworks/Python.framework/Versions/3.13/lib/python3.13/asyncio/events.py", line 89, in _run
    self._context.run(self._callback, *self._args)
  File "/Users/idokatz/VSCode/Archmorph/backend/.venv/lib/python3.13/site-packages/starlette/middleware/base.py", line 144, in coro
    await self.app(scope, receive_or_disconnect, send_no_error)
  File "/Users/idokatz/VSCode/Archmorph/backend/.venv/lib/python3.13/site-packages/starlette/middleware/cors.py", line 87, in __call__
    await self.app(scope, receive, send)
  File "/Users/idokatz/VSCode/Archmorph/backend/.venv/lib/python3.13/site-packages/starlette/middleware/exceptions.py", line 63, in __call__
    await wrap_app_handling_exceptions(self.app, conn)(scope, receive, send)
  File "/Users/idokatz/VSCode/Archmorph/backend/.venv/lib/python3.13/site-packages/starlette/_exception_handler.py", line 42, in wrapped_app
    await app(scope, receive, sender)
  File "/Users/idokatz/VSCode/Archmorph/backend/.venv/lib/python3.13/site-packages/fastapi/middleware/asyncexitstack.py", line 18, in __call__
    await self.app(scope, receive, send)
  File "/Users/idokatz/VSCode/Archmorph/backend/.venv/lib/python3.13/site-packages/starlette/routing.py", line 716, in __call__
    await self.middleware_stack(scope, receive, send)
  File "/Users/idokatz/VSCode/Archmorph/backend/.venv/lib/python3.13/site-packages/starlette/routing.py", line 736, in app
    await route.handle(scope, receive, send)
  File "/Users/idokatz/VSCode/Archmorph/backend/.venv/lib/python3.13/site-packages/starlette/routing.py", line 290, in handle
    await self.app(scope, receive, send)
  File "/Users/idokatz/VSCode/Archmorph/backend/.venv/lib/python3.13/site-packages/fastapi/routing.py", line 129, in app
    await wrap_app_handling_exceptions(app, request)(scope, receive, send)
  File "/Users/idokatz/VSCode/Archmorph/backend/.venv/lib/python3.13/site-packages/starlette/_exception_handler.py", line 42, in wrapped_app
    await app(scope, receive, sender)
  File "/Users/idokatz/VSCode/Archmorph/backend/.venv/lib/python3.13/site-packages/fastapi/routing.py", line 115, in app
    response = await f(request)
  File "/Users/idokatz/VSCode/Archmorph/backend/.venv/lib/python3.13/site-packages/fastapi/routing.py", line 630, in app
    raw_response = await run_endpoint_function(
  File "/Users/idokatz/VSCode/Archmorph/backend/.venv/lib/python3.13/site-packages/fastapi/routing.py", line 323, in run_endpoint_function
    return await dependant.call(**values)
  File "/Users/idokatz/VSCode/Archmorph/backend/tests/../icons/routes.py", line 242, in download_visio_stencil_pack
    data = build_visio_stencil_pack(pack_id, title=title, include_png=include_png)
  File "/Users/idokatz/VSCode/Archmorph/backend/tests/../icons/builders/visio.py", line 149, in build_visio_stencil_pack
    logger.info(
Message: "Built Visio stencil pack '%s' (%d icons, %.2fs)"
Arguments: ('api-vis', '1', '0.016387582989409566')
------------------------------ Captured log call -------------------------------
INFO     icons.registry:registry.py:115 Ingesting icon pack from bytes
ERROR    icons.routes:routes.py:86 Icon pack ingestion failed
Traceback (most recent call last):
  File "/Users/idokatz/VSCode/Archmorph/backend/tests/../icons/routes.py", line 74, in upload_icon_pack
    result = registry.ingest_icon_pack(
        source=content,
        pack_id=pack_id,
    )
  File "/Users/idokatz/VSCode/Archmorph/backend/tests/../icons/registry.py", line 198, in ingest_icon_pack
    logger.info(
    ~~~~~~~~~~~^
        "Icon pack '%s' ingested: %d icons, %d failed (%.2fs)",
        ^^^^^^^^^^^^^^^^^^^^^^^^^^^^^^^^^^^^^^^^^^^^^^^^^^^^^^^
        str(pid).replace('\n', '').replace('\r', ''), str(len(ingested_ids)).replace('\n', '').replace('\r', ''), str(failed).replace('\n', '').replace('\r', ''), str(elapsed).replace('\n', '').replace('\r', ''),  # lgtm[py/log-injection]
        ^^^^^^^^^^^^^^^^^^^^^^^^^^^^^^^^^^^^^^^^^^^^^^^^^^^^^^^^^^^^^^^^^^^^^^^^^^^^^^^^^^^^^^^^^^^^^^^^^^^^^^^^^^^^^^^^^^^^^^^^^^^^^^^^^^^^^^^^^^^^^^^^^^^^^^^^^^^^^^^^^^^^^^^^^^^^^^^^^^^^^^^^^^^^^^^^^^^^^^^^^^^^^^^^^^^^^^^^^^^^^^^^^^^^^^
    )
    ^
  File "/opt/homebrew/Cellar/python@3.13/3.13.12_1/Frameworks/Python.framework/Versions/3.13/lib/python3.13/logging/__init__.py", line 1520, in info
    self._log(INFO, msg, args, **kwargs)
    ~~~~~~~~~^^^^^^^^^^^^^^^^^^^^^^^^^^^
  File "/opt/homebrew/Cellar/python@3.13/3.13.12_1/Frameworks/Python.framework/Versions/3.13/lib/python3.13/logging/__init__.py", line 1665, in _log
    self.handle(record)
    ~~~~~~~~~~~^^^^^^^^
  File "/opt/homebrew/Cellar/python@3.13/3.13.12_1/Frameworks/Python.framework/Versions/3.13/lib/python3.13/logging/__init__.py", line 1681, in handle
    self.callHandlers(record)
    ~~~~~~~~~~~~~~~~~^^^^^^^^
  File "/opt/homebrew/Cellar/python@3.13/3.13.12_1/Frameworks/Python.framework/Versions/3.13/lib/python3.13/logging/__init__.py", line 1737, in callHandlers
    hdlr.handle(record)
    ~~~~~~~~~~~^^^^^^^^
  File "/opt/homebrew/Cellar/python@3.13/3.13.12_1/Frameworks/Python.framework/Versions/3.13/lib/python3.13/logging/__init__.py", line 1027, in handle
    self.emit(record)
    ~~~~~~~~~^^^^^^^^
  File "/Users/idokatz/VSCode/Archmorph/backend/.venv/lib/python3.13/site-packages/_pytest/logging.py", line 386, in emit
    super().emit(record)
    ~~~~~~~~~~~~^^^^^^^^
  File "/opt/homebrew/Cellar/python@3.13/3.13.12_1/Frameworks/Python.framework/Versions/3.13/lib/python3.13/logging/__init__.py", line 1159, in emit
    self.handleError(record)
    ~~~~~~~~~~~~~~~~^^^^^^^^
  File "/opt/homebrew/Cellar/python@3.13/3.13.12_1/Frameworks/Python.framework/Versions/3.13/lib/python3.13/logging/__init__.py", line 1151, in emit
    msg = self.format(record)
  File "/opt/homebrew/Cellar/python@3.13/3.13.12_1/Frameworks/Python.framework/Versions/3.13/lib/python3.13/logging/__init__.py", line 999, in format
    return fmt.format(record)
           ~~~~~~~~~~^^^^^^^^
  File "/Users/idokatz/VSCode/Archmorph/backend/.venv/lib/python3.13/site-packages/_pytest/logging.py", line 139, in format
    return super().format(record)
           ~~~~~~~~~~~~~~^^^^^^^^
  File "/opt/homebrew/Cellar/python@3.13/3.13.12_1/Frameworks/Python.framework/Versions/3.13/lib/python3.13/logging/__init__.py", line 712, in format
    record.message = record.getMessage()
                     ~~~~~~~~~~~~~~~~~^^
  File "/opt/homebrew/Cellar/python@3.13/3.13.12_1/Frameworks/Python.framework/Versions/3.13/lib/python3.13/logging/__init__.py", line 400, in getMessage
    msg = msg % self.args
          ~~~~^~~~~~~~~~~
TypeError: %d format: a real number is required, not str
INFO     error_envelope:error_envelope.py:87 ArchmorphException raised: 500 Icon pack ingestion failed. Please try again.
INFO     main:main.py:238 request completed
ERROR    audit_logging:audit_logging.py:204 {"audit": true, "timestamp": "2026-03-14T13:17:30.462271+00:00", "event_type": "api.error", "user_id": null, "session_id": null, "ip_address": "testclient", "endpoint": "/api/icon-packs", "method": "POST", "status_code": 500, "latency_ms": 3.91, "correlation_id": "", "details": {}, "risk_level": "medium", "severity": "error"}
ERROR    error_envelope:error_envelope.py:114 Unhandled exception: %d format: a real number is required, not str
Traceback (most recent call last):
  File "/Users/idokatz/VSCode/Archmorph/backend/.venv/lib/python3.13/site-packages/starlette/middleware/errors.py", line 164, in __call__
    await self.app(scope, receive, _send)
  File "/Users/idokatz/VSCode/Archmorph/backend/.venv/lib/python3.13/site-packages/starlette/middleware/gzip.py", line 29, in __call__
    await responder(scope, receive, send)
  File "/Users/idokatz/VSCode/Archmorph/backend/.venv/lib/python3.13/site-packages/starlette/middleware/gzip.py", line 130, in __call__
    await super().__call__(scope, receive, send)
  File "/Users/idokatz/VSCode/Archmorph/backend/.venv/lib/python3.13/site-packages/starlette/middleware/gzip.py", line 46, in __call__
    await self.app(scope, receive, self.send_with_compression)
  File "/Users/idokatz/VSCode/Archmorph/backend/tests/../api_versioning.py", line 108, in __call__
    await self.app(scope, receive, send_wrapper)
  File "/Users/idokatz/VSCode/Archmorph/backend/.venv/lib/python3.13/site-packages/starlette/middleware/base.py", line 191, in __call__
    with recv_stream, send_stream, collapse_excgroups():
                                   ~~~~~~~~~~~~~~~~~~^^
  File "/opt/homebrew/Cellar/python@3.13/3.13.12_1/Frameworks/Python.framework/Versions/3.13/lib/python3.13/contextlib.py", line 162, in __exit__
    self.gen.throw(value)
    ~~~~~~~~~~~~~~^^^^^^^
  File "/Users/idokatz/VSCode/Archmorph/backend/.venv/lib/python3.13/site-packages/starlette/_utils.py", line 87, in collapse_excgroups
    raise exc
  File "/Users/idokatz/VSCode/Archmorph/backend/.venv/lib/python3.13/site-packages/starlette/middleware/base.py", line 193, in __call__
    response = await self.dispatch_func(request, call_next)
               ^^^^^^^^^^^^^^^^^^^^^^^^^^^^^^^^^^^^^^^^^^^^
  File "/Users/idokatz/VSCode/Archmorph/backend/tests/../main.py", line 205, in dispatch
    response = await call_next(request)
               ^^^^^^^^^^^^^^^^^^^^^^^^
  File "/Users/idokatz/VSCode/Archmorph/backend/.venv/lib/python3.13/site-packages/starlette/middleware/base.py", line 168, in call_next
    raise app_exc from app_exc.__cause__ or app_exc.__context__
  File "/Users/idokatz/VSCode/Archmorph/backend/.venv/lib/python3.13/site-packages/starlette/middleware/base.py", line 144, in coro
    await self.app(scope, receive_or_disconnect, send_no_error)
  File "/Users/idokatz/VSCode/Archmorph/backend/.venv/lib/python3.13/site-packages/starlette/middleware/cors.py", line 87, in __call__
    await self.app(scope, receive, send)
  File "/Users/idokatz/VSCode/Archmorph/backend/.venv/lib/python3.13/site-packages/starlette/middleware/exceptions.py", line 63, in __call__
    await wrap_app_handling_exceptions(self.app, conn)(scope, receive, send)
  File "/Users/idokatz/VSCode/Archmorph/backend/.venv/lib/python3.13/site-packages/starlette/_exception_handler.py", line 53, in wrapped_app
    raise exc
  File "/Users/idokatz/VSCode/Archmorph/backend/.venv/lib/python3.13/site-packages/starlette/_exception_handler.py", line 42, in wrapped_app
    await app(scope, receive, sender)
  File "/Users/idokatz/VSCode/Archmorph/backend/.venv/lib/python3.13/site-packages/fastapi/middleware/asyncexitstack.py", line 18, in __call__
    await self.app(scope, receive, send)
  File "/Users/idokatz/VSCode/Archmorph/backend/.venv/lib/python3.13/site-packages/starlette/routing.py", line 716, in __call__
    await self.middleware_stack(scope, receive, send)
  File "/Users/idokatz/VSCode/Archmorph/backend/.venv/lib/python3.13/site-packages/starlette/routing.py", line 736, in app
    await route.handle(scope, receive, send)
  File "/Users/idokatz/VSCode/Archmorph/backend/.venv/lib/python3.13/site-packages/starlette/routing.py", line 290, in handle
    await self.app(scope, receive, send)
  File "/Users/idokatz/VSCode/Archmorph/backend/.venv/lib/python3.13/site-packages/fastapi/routing.py", line 129, in app
    await wrap_app_handling_exceptions(app, request)(scope, receive, send)
  File "/Users/idokatz/VSCode/Archmorph/backend/.venv/lib/python3.13/site-packages/starlette/_exception_handler.py", line 53, in wrapped_app
    raise exc
  File "/Users/idokatz/VSCode/Archmorph/backend/.venv/lib/python3.13/site-packages/starlette/_exception_handler.py", line 42, in wrapped_app
    await app(scope, receive, sender)
  File "/Users/idokatz/VSCode/Archmorph/backend/.venv/lib/python3.13/site-packages/fastapi/routing.py", line 115, in app
    response = await f(request)
               ^^^^^^^^^^^^^^^^
  File "/Users/idokatz/VSCode/Archmorph/backend/.venv/lib/python3.13/site-packages/fastapi/routing.py", line 630, in app
    raw_response = await run_endpoint_function(
                   ^^^^^^^^^^^^^^^^^^^^^^^^^^^^
    ...<3 lines>...
    )
    ^
  File "/Users/idokatz/VSCode/Archmorph/backend/.venv/lib/python3.13/site-packages/fastapi/routing.py", line 323, in run_endpoint_function
    return await dependant.call(**values)
           ^^^^^^^^^^^^^^^^^^^^^^^^^^^^^^
  File "/Users/idokatz/VSCode/Archmorph/backend/tests/../icons/routes.py", line 242, in download_visio_stencil_pack
    data = build_visio_stencil_pack(pack_id, title=title, include_png=include_png)
  File "/Users/idokatz/VSCode/Archmorph/backend/tests/../icons/builders/visio.py", line 149, in build_visio_stencil_pack
    logger.info(
    ~~~~~~~~~~~^
        "Built Visio stencil pack '%s' (%d icons, %.2fs)",
        ^^^^^^^^^^^^^^^^^^^^^^^^^^^^^^^^^^^^^^^^^^^^^^^^^^
        str(pack_id).replace('\n', '').replace('\r', ''), str(len(manifest_entries)).replace('\n', '').replace('\r', ''), str(elapsed).replace('\n', '').replace('\r', ''),  # lgtm[py/log-injection]
        ^^^^^^^^^^^^^^^^^^^^^^^^^^^^^^^^^^^^^^^^^^^^^^^^^^^^^^^^^^^^^^^^^^^^^^^^^^^^^^^^^^^^^^^^^^^^^^^^^^^^^^^^^^^^^^^^^^^^^^^^^^^^^^^^^^^^^^^^^^^^^^^^^^^^^^^^^^^^^^^^^^^^^^^^^^^^^^^^^^^^^^^^^^^^^
    )
    ^
  File "/opt/homebrew/Cellar/python@3.13/3.13.12_1/Frameworks/Python.framework/Versions/3.13/lib/python3.13/logging/__init__.py", line 1520, in info
    self._log(INFO, msg, args, **kwargs)
    ~~~~~~~~~^^^^^^^^^^^^^^^^^^^^^^^^^^^
  File "/opt/homebrew/Cellar/python@3.13/3.13.12_1/Frameworks/Python.framework/Versions/3.13/lib/python3.13/logging/__init__.py", line 1665, in _log
    self.handle(record)
    ~~~~~~~~~~~^^^^^^^^
  File "/opt/homebrew/Cellar/python@3.13/3.13.12_1/Frameworks/Python.framework/Versions/3.13/lib/python3.13/logging/__init__.py", line 1681, in handle
    self.callHandlers(record)
    ~~~~~~~~~~~~~~~~~^^^^^^^^
  File "/opt/homebrew/Cellar/python@3.13/3.13.12_1/Frameworks/Python.framework/Versions/3.13/lib/python3.13/logging/__init__.py", line 1737, in callHandlers
    hdlr.handle(record)
    ~~~~~~~~~~~^^^^^^^^
  File "/opt/homebrew/Cellar/python@3.13/3.13.12_1/Frameworks/Python.framework/Versions/3.13/lib/python3.13/logging/__init__.py", line 1027, in handle
    self.emit(record)
    ~~~~~~~~~^^^^^^^^
  File "/Users/idokatz/VSCode/Archmorph/backend/.venv/lib/python3.13/site-packages/_pytest/logging.py", line 386, in emit
    super().emit(record)
    ~~~~~~~~~~~~^^^^^^^^
  File "/opt/homebrew/Cellar/python@3.13/3.13.12_1/Frameworks/Python.framework/Versions/3.13/lib/python3.13/logging/__init__.py", line 1159, in emit
    self.handleError(record)
    ~~~~~~~~~~~~~~~~^^^^^^^^
  File "/opt/homebrew/Cellar/python@3.13/3.13.12_1/Frameworks/Python.framework/Versions/3.13/lib/python3.13/logging/__init__.py", line 1151, in emit
    msg = self.format(record)
  File "/opt/homebrew/Cellar/python@3.13/3.13.12_1/Frameworks/Python.framework/Versions/3.13/lib/python3.13/logging/__init__.py", line 999, in format
    return fmt.format(record)
           ~~~~~~~~~~^^^^^^^^
  File "/Users/idokatz/VSCode/Archmorph/backend/.venv/lib/python3.13/site-packages/_pytest/logging.py", line 139, in format
    return super().format(record)
           ~~~~~~~~~~~~~~^^^^^^^^
  File "/opt/homebrew/Cellar/python@3.13/3.13.12_1/Frameworks/Python.framework/Versions/3.13/lib/python3.13/logging/__init__.py", line 712, in format
    record.message = record.getMessage()
                     ~~~~~~~~~~~~~~~~~^^
  File "/opt/homebrew/Cellar/python@3.13/3.13.12_1/Frameworks/Python.framework/Versions/3.13/lib/python3.13/logging/__init__.py", line 400, in getMessage
    msg = msg % self.args
          ~~~~^~~~~~~~~~~
TypeError: %d format: a real number is required, not str
_______________ TestHLDExportRoutes.test_export_hld_requires_hld _______________
tests/test_middleware_and_routers.py:369: in test_export_hld_requires_hld
    assert resp.status_code == 404
E   assert 500 == 404
E    +  where 500 = <Response [500 Internal Server Error]>.status_code
---------------------------- Captured stdout setup -----------------------------
{"timestamp": "2026-03-14T15:17:50+0200", "level": "info", "name": "main", "message": "Starting Archmorph API 3.8.0 \u2014 production mode", "logger": "main"}
{"timestamp": "2026-03-14T15:17:50+0200", "level": "info", "name": "apscheduler.scheduler", "message": "Adding job tentatively -- it will be properly scheduled when the scheduler starts", "logger": "apscheduler.scheduler"}
{"timestamp": "2026-03-14T15:17:50+0200", "level": "info", "name": "apscheduler.scheduler", "message": "Added job \"Daily cloud service catalog update\" to job store \"default\"", "logger": "apscheduler.scheduler"}
{"timestamp": "2026-03-14T15:17:50+0200", "level": "info", "name": "apscheduler.scheduler", "message": "Scheduler started", "logger": "apscheduler.scheduler"}
{"timestamp": "2026-03-14T15:17:50+0200", "level": "info", "name": "service_updater", "message": "Scheduler started -- next run at 02:00 UTC daily.", "logger": "service_updater"}
{"timestamp": "2026-03-14T15:17:50+0200", "level": "info", "name": "icons.registry", "message": "Registry loaded from disk: 1 icons, 1 packs", "logger": "icons.registry"}
{"timestamp": "2026-03-14T15:17:50+0200", "level": "info", "name": "main", "message": "Icon registry restored from disk", "logger": "main"}
{"timestamp": "2026-03-14T15:17:50+0200", "level": "info", "name": "database", "message": "Database initialized: sqlite:///./data/archmorph.db (24 tables)", "logger": "database"}
{"timestamp": "2026-03-14T15:17:50+0200", "level": "info", "name": "main", "message": "Database layer initialized", "logger": "main"}
{"timestamp": "2026-03-14T15:17:50+0200", "level": "info", "name": "main", "message": "Thread pool configured: 40 workers", "logger": "main"}
---------------------------- Captured stderr setup -----------------------------
2026-03-14 15:17:50,317 [INFO] service_updater: Scheduler started -- next run at 02:00 UTC daily.
------------------------------ Captured log setup ------------------------------
INFO     main:main.py:113 Starting Archmorph API 3.8.0 — production mode
INFO     apscheduler.scheduler:base.py:507 Adding job tentatively -- it will be properly scheduled when the scheduler starts
INFO     apscheduler.scheduler:base.py:1090 Added job "Daily cloud service catalog update" to job store "default"
INFO     apscheduler.scheduler:base.py:214 Scheduler started
INFO     service_updater:service_updater.py:653 Scheduler started -- next run at 02:00 UTC daily.
INFO     icons.registry:registry.py:368 Registry loaded from disk: 1 icons, 1 packs
INFO     main:main.py:131 Icon registry restored from disk
INFO     database:database.py:158 Database initialized: sqlite:///./data/archmorph.db (24 tables)
INFO     main:main.py:120 Database layer initialized
INFO     main:main.py:147 Thread pool configured: 40 workers
----------------------------- Captured stdout call -----------------------------
{"timestamp": "2026-03-14T15:17:50+0200", "level": "info", "name": "routers.diagrams", "message": "Stored image for diag-4070dfdc (108 bytes, image/png)", "logger": "routers.diagrams", "correlation_id": "63be7d02-e515-4abe-9016-77e036cd707e"}
{"timestamp": "2026-03-14T15:17:50+0200", "level": "info", "name": "main", "message": "request completed", "http_method": "POST", "http_path": "/api/projects/proj-mw/diagrams", "http_status": 200, "duration_ms": 1.53, "logger": "main"}
{"timestamp": "2026-03-14T15:17:50+0200", "level": "info", "name": "audit_logging", "message": "{\"audit\": true, \"timestamp\": \"2026-03-14T13:17:50.325469+00:00\", \"event_type\": \"api.request\", \"user_id\": null, \"session_id\": null, \"ip_address\": \"testclient\", \"endpoint\": \"/api/projects/proj-mw/diagrams\", \"method\": \"POST\", \"status_code\": 200, \"latency_ms\": 1.53, \"correlation_id\": \"\", \"details\": {}, \"risk_level\": \"low\", \"severity\": \"info\"}", "logger": "audit_logging"}
{"timestamp": "2026-03-14T15:17:50+0200", "level": "info", "name": "routers.diagrams", "message": "Analyzing diagram diag-4070dfdc (108 bytes)", "logger": "routers.diagrams", "correlation_id": "f2a9a7c2-6c65-43aa-8624-190be8e71af2"}
{"timestamp": "2026-03-14T15:17:50+0200", "level": "warning", "name": "vision_analyzer", "message": "Image compression failed (cannot identify image file <_io.BytesIO object at 0x112a9a0c0>) \u2014 using original", "logger": "vision_analyzer", "correlation_id": "f2a9a7c2-6c65-43aa-8624-190be8e71af2"}
{"timestamp": "2026-03-14T15:17:50+0200", "level": "info", "name": "routers.diagrams", "message": "Image classified as architecture diagram for diag-4070dfdc (confidence: 0.95)", "logger": "routers.diagrams", "correlation_id": "f2a9a7c2-6c65-43aa-8624-190be8e71af2"}
{"timestamp": "2026-03-14T15:17:50+0200", "level": "info", "name": "main", "message": "request completed", "http_method": "POST", "http_path": "/api/diagrams/diag-4070dfdc/analyze", "http_status": 200, "duration_ms": 4.04, "logger": "main"}
{"timestamp": "2026-03-14T15:17:50+0200", "level": "info", "name": "audit_logging", "message": "{\"audit\": true, \"timestamp\": \"2026-03-14T13:17:50.331168+00:00\", \"event_type\": \"api.request\", \"user_id\": null, \"session_id\": null, \"ip_address\": \"testclient\", \"endpoint\": \"/api/diagrams/diag-4070dfdc/analyze\", \"method\": \"POST\", \"status_code\": 200, \"latency_ms\": 4.04, \"correlation_id\": \"\", \"details\": {}, \"risk_level\": \"low\", \"severity\": \"info\"}", "logger": "audit_logging"}
{"timestamp": "2026-03-14T15:17:50+0200", "level": "info", "name": "services.azure_pricing", "message": "Local pricing cache expired, will refresh", "logger": "services.azure_pricing", "correlation_id": "a8891d2c-dac2-4991-849a-3c3fcb831bb7"}
{"timestamp": "2026-03-14T15:17:51+0200", "level": "info", "name": "hld_generator", "message": "Generating HLD for AWS Architecture (3 services)", "logger": "hld_generator", "correlation_id": "a8891d2c-dac2-4991-849a-3c3fcb831bb7"}
{"timestamp": "2026-03-14T15:17:51+0200", "level": "info", "name": "openai._base_client", "message": "Retrying request to /chat/completions in 0.419303 seconds", "logger": "openai._base_client", "correlation_id": "a8891d2c-dac2-4991-849a-3c3fcb831bb7"}
{"timestamp": "2026-03-14T15:17:51+0200", "level": "info", "name": "openai._base_client", "message": "Retrying request to /chat/completions in 0.959611 seconds", "logger": "openai._base_client", "correlation_id": "a8891d2c-dac2-4991-849a-3c3fcb831bb7"}
{"timestamp": "2026-03-14T15:17:52+0200", "level": "warning", "name": "openai_client", "message": "Retrying openai.resources.chat.completions.completions.Completions.create in 2 seconds as it raised APIConnectionError: Connection error..", "logger": "openai_client", "correlation_id": "a8891d2c-dac2-4991-849a-3c3fcb831bb7"}
{"timestamp": "2026-03-14T15:17:54+0200", "level": "info", "name": "openai._base_client", "message": "Retrying request to /chat/completions in 0.443590 seconds", "logger": "openai._base_client", "correlation_id": "a8891d2c-dac2-4991-849a-3c3fcb831bb7"}
{"timestamp": "2026-03-14T15:17:55+0200", "level": "info", "name": "openai._base_client", "message": "Retrying request to /chat/completions in 0.942764 seconds", "logger": "openai._base_client", "correlation_id": "a8891d2c-dac2-4991-849a-3c3fcb831bb7"}
------------------------------ Captured log call -------------------------------
INFO     routers.diagrams:diagrams.py:96 Stored image for diag-4070dfdc (108 bytes, image/png)
INFO     main:main.py:238 request completed
INFO     audit_logging:audit_logging.py:208 {"audit": true, "timestamp": "2026-03-14T13:17:50.325469+00:00", "event_type": "api.request", "user_id": null, "session_id": null, "ip_address": "testclient", "endpoint": "/api/projects/proj-mw/diagrams", "method": "POST", "status_code": 200, "latency_ms": 1.53, "correlation_id": "", "details": {}, "risk_level": "low", "severity": "info"}
INFO     routers.diagrams:diagrams.py:173 Analyzing diagram diag-4070dfdc (108 bytes)
WARNING  vision_analyzer:vision_analyzer.py:94 Image compression failed (cannot identify image file <_io.BytesIO object at 0x112a9a0c0>) — using original
INFO     routers.diagrams:diagrams.py:210 Image classified as architecture diagram for diag-4070dfdc (confidence: 0.95)
INFO     main:main.py:238 request completed
INFO     audit_logging:audit_logging.py:208 {"audit": true, "timestamp": "2026-03-14T13:17:50.331168+00:00", "event_type": "api.request", "user_id": null, "session_id": null, "ip_address": "testclient", "endpoint": "/api/diagrams/diag-4070dfdc/analyze", "method": "POST", "status_code": 200, "latency_ms": 4.04, "correlation_id": "", "details": {}, "risk_level": "low", "severity": "info"}
INFO     services.azure_pricing:azure_pricing.py:1031 Local pricing cache expired, will refresh
INFO     hld_generator:hld_generator.py:314 Generating HLD for AWS Architecture (3 services)
INFO     openai._base_client:_base_client.py:1094 Retrying request to /chat/completions in 0.419303 seconds
INFO     openai._base_client:_base_client.py:1094 Retrying request to /chat/completions in 0.959611 seconds
WARNING  openai_client:before_sleep.py:64 Retrying openai.resources.chat.completions.completions.Completions.create in 2 seconds as it raised APIConnectionError: Connection error..
INFO     openai._base_client:_base_client.py:1094 Retrying request to /chat/completions in 0.443590 seconds
INFO     openai._base_client:_base_client.py:1094 Retrying request to /chat/completions in 0.942764 seconds
_______________ TestHLDExportRoutes.test_export_hld_docx_success _______________
tests/test_middleware_and_routers.py:398: in test_export_hld_docx_success
    assert resp.status_code == 200
E   assert 404 == 200
E    +  where 404 = <Response [404 Not Found]>.status_code
----------------------------- Captured stdout call -----------------------------
{"timestamp": "2026-03-14T15:18:13+0200", "level": "info", "name": "routers.diagrams", "message": "Stored image for diag-4ab6e7d1 (108 bytes, image/png)", "logger": "routers.diagrams", "correlation_id": "4ecad1e2-eb09-4955-ad64-00d78073cf11"}
{"timestamp": "2026-03-14T15:18:13+0200", "level": "info", "name": "main", "message": "request completed", "http_method": "POST", "http_path": "/api/projects/proj-mw/diagrams", "http_status": 200, "duration_ms": 2.64, "logger": "main"}
{"timestamp": "2026-03-14T15:18:13+0200", "level": "info", "name": "audit_logging", "message": "{\"audit\": true, \"timestamp\": \"2026-03-14T13:18:13.587255+00:00\", \"event_type\": \"api.request\", \"user_id\": null, \"session_id\": null, \"ip_address\": \"testclient\", \"endpoint\": \"/api/projects/proj-mw/diagrams\", \"method\": \"POST\", \"status_code\": 200, \"latency_ms\": 2.64, \"correlation_id\": \"\", \"details\": {}, \"risk_level\": \"low\", \"severity\": \"info\"}", "logger": "audit_logging"}
{"timestamp": "2026-03-14T15:18:13+0200", "level": "info", "name": "routers.diagrams", "message": "Analyzing diagram diag-4ab6e7d1 (108 bytes)", "logger": "routers.diagrams", "correlation_id": "3d859b92-d6bf-4679-895d-600cc5e5a09e"}
{"timestamp": "2026-03-14T15:18:13+0200", "level": "warning", "name": "vision_analyzer", "message": "Image compression failed (cannot identify image file <_io.BytesIO object at 0x112f8df80>) \u2014 using original", "logger": "vision_analyzer", "correlation_id": "3d859b92-d6bf-4679-895d-600cc5e5a09e"}
{"timestamp": "2026-03-14T15:18:13+0200", "level": "info", "name": "routers.diagrams", "message": "Image classified as architecture diagram for diag-4ab6e7d1 (confidence: 0.95)", "logger": "routers.diagrams", "correlation_id": "3d859b92-d6bf-4679-895d-600cc5e5a09e"}
{"timestamp": "2026-03-14T15:18:13+0200", "level": "info", "name": "main", "message": "request completed", "http_method": "POST", "http_path": "/api/diagrams/diag-4ab6e7d1/analyze", "http_status": 200, "duration_ms": 2.73, "logger": "main"}
{"timestamp": "2026-03-14T15:18:13+0200", "level": "info", "name": "audit_logging", "message": "{\"audit\": true, \"timestamp\": \"2026-03-14T13:18:13.594796+00:00\", \"event_type\": \"api.request\", \"user_id\": null, \"session_id\": null, \"ip_address\": \"testclient\", \"endpoint\": \"/api/diagrams/diag-4ab6e7d1/analyze\", \"method\": \"POST\", \"status_code\": 200, \"latency_ms\": 2.73, \"correlation_id\": \"\", \"details\": {}, \"risk_level\": \"low\", \"severity\": \"info\"}", "logger": "audit_logging"}
{"timestamp": "2026-03-14T15:18:13+0200", "level": "info", "name": "services.azure_pricing", "message": "Local pricing cache expired, will refresh", "logger": "services.azure_pricing", "correlation_id": "f48b4834-1dff-4d61-ba3b-9a39d2b9da7d"}
{"timestamp": "2026-03-14T15:18:17+0200", "level": "info", "name": "hld_generator", "message": "Generating HLD for AWS Architecture (3 services)", "logger": "hld_generator", "correlation_id": "f48b4834-1dff-4d61-ba3b-9a39d2b9da7d"}
{"timestamp": "2026-03-14T15:18:17+0200", "level": "info", "name": "openai._base_client", "message": "Retrying request to /chat/completions in 0.392380 seconds", "logger": "openai._base_client", "correlation_id": "f48b4834-1dff-4d61-ba3b-9a39d2b9da7d"}
{"timestamp": "2026-03-14T15:18:18+0200", "level": "info", "name": "openai._base_client", "message": "Retrying request to /chat/completions in 0.920113 seconds", "logger": "openai._base_client", "correlation_id": "f48b4834-1dff-4d61-ba3b-9a39d2b9da7d"}
{"timestamp": "2026-03-14T15:18:19+0200", "level": "warning", "name": "openai_client", "message": "Retrying openai.resources.chat.completions.completions.Completions.create in 2 seconds as it raised APIConnectionError: Connection error..", "logger": "openai_client", "correlation_id": "f48b4834-1dff-4d61-ba3b-9a39d2b9da7d"}
{"timestamp": "2026-03-14T15:18:21+0200", "level": "info", "name": "openai._base_client", "message": "Retrying request to /chat/completions in 0.445453 seconds", "logger": "openai._base_client", "correlation_id": "f48b4834-1dff-4d61-ba3b-9a39d2b9da7d"}
{"timestamp": "2026-03-14T15:18:21+0200", "level": "info", "name": "openai._base_client", "message": "Retrying request to /chat/completions in 0.837639 seconds", "logger": "openai._base_client", "correlation_id": "f48b4834-1dff-4d61-ba3b-9a39d2b9da7d"}
{"timestamp": "2026-03-14T15:18:22+0200", "level": "warning", "name": "openai_client", "message": "Retrying openai.resources.chat.completions.completions.Completions.create in 4 seconds as it raised APIConnectionError: Connection error..", "logger": "openai_client", "correlation_id": "f48b4834-1dff-4d61-ba3b-9a39d2b9da7d"}
{"timestamp": "2026-03-14T15:18:26+0200", "level": "info", "name": "openai._base_client", "message": "Retrying request to /chat/completions in 0.494869 seconds", "logger": "openai._base_client", "correlation_id": "f48b4834-1dff-4d61-ba3b-9a39d2b9da7d"}
{"timestamp": "2026-03-14T15:18:27+0200", "level": "info", "name": "openai._base_client", "message": "Retrying request to /chat/completions in 0.865271 seconds", "logger": "openai._base_client", "correlation_id": "f48b4834-1dff-4d61-ba3b-9a39d2b9da7d"}
{"timestamp": "2026-03-14T15:18:27+0200", "level": "error", "name": "hld_generator", "message": "HLD generation failed: Connection error.", "logger": "hld_generator", "correlation_id": "f48b4834-1dff-4d61-ba3b-9a39d2b9da7d"}
{"timestamp": "2026-03-14T15:18:27+0200", "level": "info", "name": "error_envelope", "message": "ArchmorphException raised: 500 HLD generation failed: Connection error.", "logger": "error_envelope", "correlation_id": "f48b4834-1dff-4d61-ba3b-9a39d2b9da7d"}
{"timestamp": "2026-03-14T15:18:27+0200", "level": "info", "name": "main", "message": "request completed", "http_method": "POST", "http_path": "/api/diagrams/diag-4ab6e7d1/generate-hld", "http_status": 500, "duration_ms": 14331.25, "logger": "main"}
{"timestamp": "2026-03-14T15:18:27+0200", "level": "error", "name": "audit_logging", "message": "{\"audit\": true, \"timestamp\": \"2026-03-14T13:18:27.928337+00:00\", \"event_type\": \"api.error\", \"user_id\": null, \"session_id\": null, \"ip_address\": \"testclient\", \"endpoint\": \"/api/diagrams/diag-4ab6e7d1/generate-hld\", \"method\": \"POST\", \"status_code\": 500, \"latency_ms\": 14331.25, \"correlation_id\": \"\", \"details\": {}, \"risk_level\": \"medium\", \"severity\": \"error\"}", "logger": "audit_logging"}
{"timestamp": "2026-03-14T15:18:27+0200", "level": "info", "name": "hld_generator", "message": "Generating HLD for AWS Architecture (3 services)", "logger": "hld_generator", "correlation_id": "28ab9e8d-2643-4e99-8b7e-7d2da9c302d8"}
{"timestamp": "2026-03-14T15:18:27+0200", "level": "info", "name": "openai._base_client", "message": "Retrying request to /chat/completions in 0.460231 seconds", "logger": "openai._base_client", "correlation_id": "28ab9e8d-2643-4e99-8b7e-7d2da9c302d8"}
{"timestamp": "2026-03-14T15:18:28+0200", "level": "info", "name": "openai._base_client", "message": "Retrying request to /chat/completions in 0.808258 seconds", "logger": "openai._base_client", "correlation_id": "28ab9e8d-2643-4e99-8b7e-7d2da9c302d8"}
{"timestamp": "2026-03-14T15:18:29+0200", "level": "warning", "name": "openai_client", "message": "Retrying openai.resources.chat.completions.completions.Completions.create in 2 seconds as it raised APIConnectionError: Connection error..", "logger": "openai_client", "correlation_id": "28ab9e8d-2643-4e99-8b7e-7d2da9c302d8"}
{"timestamp": "2026-03-14T15:18:31+0200", "level": "info", "name": "openai._base_client", "message": "Retrying request to /chat/completions in 0.440510 seconds", "logger": "openai._base_client", "correlation_id": "28ab9e8d-2643-4e99-8b7e-7d2da9c302d8"}
{"timestamp": "2026-03-14T15:18:31+0200", "level": "info", "name": "openai._base_client", "message": "Retrying request to /chat/completions in 0.759434 seconds", "logger": "openai._base_client", "correlation_id": "28ab9e8d-2643-4e99-8b7e-7d2da9c302d8"}
{"timestamp": "2026-03-14T15:18:32+0200", "level": "warning", "name": "openai_client", "message": "Retrying openai.resources.chat.completions.completions.Completions.create in 4 seconds as it raised APIConnectionError: Connection error..", "logger": "openai_client", "correlation_id": "28ab9e8d-2643-4e99-8b7e-7d2da9c302d8"}
{"timestamp": "2026-03-14T15:18:36+0200", "level": "info", "name": "openai._base_client", "message": "Retrying request to /chat/completions in 0.486207 seconds", "logger": "openai._base_client", "correlation_id": "28ab9e8d-2643-4e99-8b7e-7d2da9c302d8"}
{"timestamp": "2026-03-14T15:18:36+0200", "level": "info", "name": "openai._base_client", "message": "Retrying request to /chat/completions in 0.780317 seconds", "logger": "openai._base_client", "correlation_id": "28ab9e8d-2643-4e99-8b7e-7d2da9c302d8"}
{"timestamp": "2026-03-14T15:18:37+0200", "level": "error", "name": "hld_generator", "message": "HLD generation failed: Connection error.", "logger": "hld_generator", "correlation_id": "28ab9e8d-2643-4e99-8b7e-7d2da9c302d8"}
{"timestamp": "2026-03-14T15:18:37+0200", "level": "warning", "name": "routers.hld_routes", "message": "Auto-HLD generation failed for diag-4ab6e7d1: HLD generation failed: Connection error.", "logger": "routers.hld_routes", "correlation_id": "28ab9e8d-2643-4e99-8b7e-7d2da9c302d8"}
{"timestamp": "2026-03-14T15:18:37+0200", "level": "info", "name": "error_envelope", "message": "ArchmorphException raised: 404 No HLD found. Generate one first.", "logger": "error_envelope", "correlation_id": "28ab9e8d-2643-4e99-8b7e-7d2da9c302d8"}
{"timestamp": "2026-03-14T15:18:37+0200", "level": "error", "name": "error_envelope", "message": "Unhandled exception: 'ByteStream' object has no attribute 'write'", "exc_info": "  + Exception Group Traceback (most recent call last):\n  |   File \"/Users/idokatz/VSCode/Archmorph/backend/.venv/lib/python3.13/site-packages/starlette/_utils.py\", line 81, in collapse_excgroups\n  |     yield\n  |   File \"/Users/idokatz/VSCode/Archmorph/backend/.venv/lib/python3.13/site-packages/starlette/middleware/base.py\", line 192, in __call__\n  |     async with anyio.create_task_group() as task_group:\n  |                ~~~~~~~~~~~~~~~~~~~~~~~^^\n  |   File \"/Users/idokatz/VSCode/Archmorph/backend/.venv/lib/python3.13/site-packages/anyio/_backends/_asyncio.py\", line 783, in __aexit__\n  |     raise BaseExceptionGroup(\n  |         \"unhandled errors in a TaskGroup\", self._exceptions\n  |     ) from None\n  | ExceptionGroup: unhandled errors in a TaskGroup (1 sub-exception)\n  +-+---------------- 1 ----------------\n    | Traceback (most recent call last):\n    |   File \"/Users/idokatz/VSCode/Archmorph/backend/.venv/lib/python3.13/site-packages/starlette/middleware/errors.py\", line 164, in __call__\n    |     await self.app(scope, receive, _send)\n    |   File \"/Users/idokatz/VSCode/Archmorph/backend/.venv/lib/python3.13/site-packages/starlette/middleware/gzip.py\", line 29, in __call__\n    |     await responder(scope, receive, send)\n    |   File \"/Users/idokatz/VSCode/Archmorph/backend/.venv/lib/python3.13/site-packages/starlette/middleware/gzip.py\", line 130, in __call__\n    |     await super().__call__(scope, receive, send)\n    |   File \"/Users/idokatz/VSCode/Archmorph/backend/.venv/lib/python3.13/site-packages/starlette/middleware/gzip.py\", line 46, in __call__\n    |     await self.app(scope, receive, self.send_with_compression)\n    |   File \"/Users/idokatz/VSCode/Archmorph/backend/tests/../api_versioning.py\", line 108, in __call__\n    |     await self.app(scope, receive, send_wrapper)\n    |   File \"/Users/idokatz/VSCode/Archmorph/backend/.venv/lib/python3.13/site-packages/starlette/middleware/base.py\", line 191, in __call__\n    |     with recv_stream, send_stream, collapse_excgroups():\n    |                                    ~~~~~~~~~~~~~~~~~~^^\n    |   File \"/opt/homebrew/Cellar/python@3.13/3.13.12_1/Frameworks/Python.framework/Versions/3.13/lib/python3.13/contextlib.py\", line 162, in __exit__\n    |     self.gen.throw(value)\n    |     ~~~~~~~~~~~~~~^^^^^^^\n    |   File \"/Users/idokatz/VSCode/Archmorph/backend/.venv/lib/python3.13/site-packages/starlette/_utils.py\", line 87, in collapse_excgroups\n    |     raise exc\n    |   File \"/Users/idokatz/VSCode/Archmorph/backend/.venv/lib/python3.13/site-packages/starlette/middleware/base.py\", line 194, in __call__\n    |     await response(scope, wrapped_receive, send)\n    |   File \"/Users/idokatz/VSCode/Archmorph/backend/.venv/lib/python3.13/site-packages/starlette/middleware/base.py\", line 238, in __call__\n    |     await send({\"type\": \"http.response.body\", \"body\": chunk, \"more_body\": True})\n    |   File \"/Users/idokatz/VSCode/Archmorph/backend/tests/../api_versioning.py\", line 106, in send_wrapper\n    |     await send(message)\n    |   File \"/Users/idokatz/VSCode/Archmorph/backend/.venv/lib/python3.13/site-packages/starlette/middleware/gzip.py\", line 95, in send_with_compression\n    |     await self.send(message)\n    |   File \"/Users/idokatz/VSCode/Archmorph/backend/.venv/lib/python3.13/site-packages/starlette/middleware/errors.py\", line 161, in _send\n    |     await send(message)\n    |   File \"/Users/idokatz/VSCode/Archmorph/backend/.venv/lib/python3.13/site-packages/starlette/testclient.py\", line 334, in send\n    |     raw_kwargs[\"stream\"].write(body)\n    |     ^^^^^^^^^^^^^^^^^^^^^^^^^^\n    | AttributeError: 'ByteStream' object has no attribute 'write'\n    +------------------------------------\n\nDuring handling of the above exception, another exception occurred:\n\nTraceback (most recent call last):\n  File \"/Users/idokatz/VSCode/Archmorph/backend/.venv/lib/python3.13/site-packages/starlette/middleware/errors.py\", line 164, in __call__\n    await self.app(scope, receive, _send)\n  File \"/Users/idokatz/VSCode/Archmorph/backend/.venv/lib/python3.13/site-packages/starlette/middleware/gzip.py\", line 29, in __call__\n    await responder(scope, receive, send)\n  File \"/Users/idokatz/VSCode/Archmorph/backend/.venv/lib/python3.13/site-packages/starlette/middleware/gzip.py\", line 130, in __call__\n    await super().__call__(scope, receive, send)\n  File \"/Users/idokatz/VSCode/Archmorph/backend/.venv/lib/python3.13/site-packages/starlette/middleware/gzip.py\", line 46, in __call__\n    await self.app(scope, receive, self.send_with_compression)\n  File \"/Users/idokatz/VSCode/Archmorph/backend/tests/../api_versioning.py\", line 108, in __call__\n    await self.app(scope, receive, send_wrapper)\n  File \"/Users/idokatz/VSCode/Archmorph/backend/.venv/lib/python3.13/site-packages/starlette/middleware/base.py\", line 191, in __call__\n    with recv_stream, send_stream, collapse_excgroups():\n                                   ~~~~~~~~~~~~~~~~~~^^\n  File \"/opt/homebrew/Cellar/python@3.13/3.13.12_1/Frameworks/Python.framework/Versions/3.13/lib/python3.13/contextlib.py\", line 162, in __exit__\n    self.gen.throw(value)\n    ~~~~~~~~~~~~~~^^^^^^^\n  File \"/Users/idokatz/VSCode/Archmorph/backend/.venv/lib/python3.13/site-packages/starlette/_utils.py\", line 87, in collapse_excgroups\n    raise exc\n  File \"/Users/idokatz/VSCode/Archmorph/backend/.venv/lib/python3.13/site-packages/starlette/middleware/base.py\", line 194, in __call__\n    await response(scope, wrapped_receive, send)\n  File \"/Users/idokatz/VSCode/Archmorph/backend/.venv/lib/python3.13/site-packages/starlette/middleware/base.py\", line 238, in __call__\n    await send({\"type\": \"http.response.body\", \"body\": chunk, \"more_body\": True})\n  File \"/Users/idokatz/VSCode/Archmorph/backend/tests/../api_versioning.py\", line 106, in send_wrapper\n    await send(message)\n  File \"/Users/idokatz/VSCode/Archmorph/backend/.venv/lib/python3.13/site-packages/starlette/middleware/gzip.py\", line 95, in send_with_compression\n    await self.send(message)\n  File \"/Users/idokatz/VSCode/Archmorph/backend/.venv/lib/python3.13/site-packages/starlette/middleware/errors.py\", line 161, in _send\n    await send(message)\n  File \"/Users/idokatz/VSCode/Archmorph/backend/.venv/lib/python3.13/site-packages/starlette/testclient.py\", line 334, in send\n    raw_kwargs[\"stream\"].write(body)\n    ^^^^^^^^^^^^^^^^^^^^^^^^^^\nAttributeError: 'ByteStream' object has no attribute 'write'", "logger": "error_envelope"}
{"timestamp": "2026-03-14T15:18:37+0200", "level": "info", "name": "main", "message": "request completed", "http_method": "POST", "http_path": "/api/diagrams/diag-4ab6e7d1/export-hld", "http_status": 404, "duration_ms": 9833.94, "logger": "main"}
{"timestamp": "2026-03-14T15:18:37+0200", "level": "warning", "name": "audit_logging", "message": "{\"audit\": true, \"timestamp\": \"2026-03-14T13:18:37.763493+00:00\", \"event_type\": \"api.error\", \"user_id\": null, \"session_id\": null, \"ip_address\": \"testclient\", \"endpoint\": \"/api/diagrams/diag-4ab6e7d1/export-hld\", \"method\": \"POST\", \"status_code\": 404, \"latency_ms\": 9833.94, \"correlation_id\": \"\", \"details\": {}, \"risk_level\": \"low\", \"severity\": \"warning\"}", "logger": "audit_logging"}
------------------------------ Captured log call -------------------------------
INFO     routers.diagrams:diagrams.py:96 Stored image for diag-4ab6e7d1 (108 bytes, image/png)
INFO     main:main.py:238 request completed
INFO     audit_logging:audit_logging.py:208 {"audit": true, "timestamp": "2026-03-14T13:18:13.587255+00:00", "event_type": "api.request", "user_id": null, "session_id": null, "ip_address": "testclient", "endpoint": "/api/projects/proj-mw/diagrams", "method": "POST", "status_code": 200, "latency_ms": 2.64, "correlation_id": "", "details": {}, "risk_level": "low", "severity": "info"}
INFO     routers.diagrams:diagrams.py:173 Analyzing diagram diag-4ab6e7d1 (108 bytes)
WARNING  vision_analyzer:vision_analyzer.py:94 Image compression failed (cannot identify image file <_io.BytesIO object at 0x112f8df80>) — using original
INFO     routers.diagrams:diagrams.py:210 Image classified as architecture diagram for diag-4ab6e7d1 (confidence: 0.95)
INFO     main:main.py:238 request completed
INFO     audit_logging:audit_logging.py:208 {"audit": true, "timestamp": "2026-03-14T13:18:13.594796+00:00", "event_type": "api.request", "user_id": null, "session_id": null, "ip_address": "testclient", "endpoint": "/api/diagrams/diag-4ab6e7d1/analyze", "method": "POST", "status_code": 200, "latency_ms": 2.73, "correlation_id": "", "details": {}, "risk_level": "low", "severity": "info"}
INFO     services.azure_pricing:azure_pricing.py:1031 Local pricing cache expired, will refresh
INFO     hld_generator:hld_generator.py:314 Generating HLD for AWS Architecture (3 services)
INFO     openai._base_client:_base_client.py:1094 Retrying request to /chat/completions in 0.392380 seconds
INFO     openai._base_client:_base_client.py:1094 Retrying request to /chat/completions in 0.920113 seconds
WARNING  openai_client:before_sleep.py:64 Retrying openai.resources.chat.completions.completions.Completions.create in 2 seconds as it raised APIConnectionError: Connection error..
INFO     openai._base_client:_base_client.py:1094 Retrying request to /chat/completions in 0.445453 seconds
INFO     openai._base_client:_base_client.py:1094 Retrying request to /chat/completions in 0.837639 seconds
WARNING  openai_client:before_sleep.py:64 Retrying openai.resources.chat.completions.completions.Completions.create in 4 seconds as it raised APIConnectionError: Connection error..
INFO     openai._base_client:_base_client.py:1094 Retrying request to /chat/completions in 0.494869 seconds
INFO     openai._base_client:_base_client.py:1094 Retrying request to /chat/completions in 0.865271 seconds
ERROR    hld_generator:hld_generator.py:333 HLD generation failed: Connection error.
INFO     error_envelope:error_envelope.py:87 ArchmorphException raised: 500 HLD generation failed: Connection error.
INFO     main:main.py:238 request completed
ERROR    audit_logging:audit_logging.py:204 {"audit": true, "timestamp": "2026-03-14T13:18:27.928337+00:00", "event_type": "api.error", "user_id": null, "session_id": null, "ip_address": "testclient", "endpoint": "/api/diagrams/diag-4ab6e7d1/generate-hld", "method": "POST", "status_code": 500, "latency_ms": 14331.25, "correlation_id": "", "details": {}, "risk_level": "medium", "severity": "error"}
INFO     hld_generator:hld_generator.py:314 Generating HLD for AWS Architecture (3 services)
INFO     openai._base_client:_base_client.py:1094 Retrying request to /chat/completions in 0.460231 seconds
INFO     openai._base_client:_base_client.py:1094 Retrying request to /chat/completions in 0.808258 seconds
WARNING  openai_client:before_sleep.py:64 Retrying openai.resources.chat.completions.completions.Completions.create in 2 seconds as it raised APIConnectionError: Connection error..
INFO     openai._base_client:_base_client.py:1094 Retrying request to /chat/completions in 0.440510 seconds
INFO     openai._base_client:_base_client.py:1094 Retrying request to /chat/completions in 0.759434 seconds
WARNING  openai_client:before_sleep.py:64 Retrying openai.resources.chat.completions.completions.Completions.create in 4 seconds as it raised APIConnectionError: Connection error..
INFO     openai._base_client:_base_client.py:1094 Retrying request to /chat/completions in 0.486207 seconds
INFO     openai._base_client:_base_client.py:1094 Retrying request to /chat/completions in 0.780317 seconds
ERROR    hld_generator:hld_generator.py:333 HLD generation failed: Connection error.
WARNING  routers.hld_routes:hld_routes.py:117 Auto-HLD generation failed for diag-4ab6e7d1: HLD generation failed: Connection error.
INFO     error_envelope:error_envelope.py:87 ArchmorphException raised: 404 No HLD found. Generate one first.
ERROR    error_envelope:error_envelope.py:114 Unhandled exception: 'ByteStream' object has no attribute 'write'
  + Exception Group Traceback (most recent call last):
  |   File "/Users/idokatz/VSCode/Archmorph/backend/.venv/lib/python3.13/site-packages/starlette/_utils.py", line 81, in collapse_excgroups
  |     yield
  |   File "/Users/idokatz/VSCode/Archmorph/backend/.venv/lib/python3.13/site-packages/starlette/middleware/base.py", line 192, in __call__
  |     async with anyio.create_task_group() as task_group:
  |                ~~~~~~~~~~~~~~~~~~~~~~~^^
  |   File "/Users/idokatz/VSCode/Archmorph/backend/.venv/lib/python3.13/site-packages/anyio/_backends/_asyncio.py", line 783, in __aexit__
  |     raise BaseExceptionGroup(
  |         "unhandled errors in a TaskGroup", self._exceptions
  |     ) from None
  | ExceptionGroup: unhandled errors in a TaskGroup (1 sub-exception)
  +-+---------------- 1 ----------------
    | Traceback (most recent call last):
    |   File "/Users/idokatz/VSCode/Archmorph/backend/.venv/lib/python3.13/site-packages/starlette/middleware/errors.py", line 164, in __call__
    |     await self.app(scope, receive, _send)
    |   File "/Users/idokatz/VSCode/Archmorph/backend/.venv/lib/python3.13/site-packages/starlette/middleware/gzip.py", line 29, in __call__
    |     await responder(scope, receive, send)
    |   File "/Users/idokatz/VSCode/Archmorph/backend/.venv/lib/python3.13/site-packages/starlette/middleware/gzip.py", line 130, in __call__
    |     await super().__call__(scope, receive, send)
    |   File "/Users/idokatz/VSCode/Archmorph/backend/.venv/lib/python3.13/site-packages/starlette/middleware/gzip.py", line 46, in __call__
    |     await self.app(scope, receive, self.send_with_compression)
    |   File "/Users/idokatz/VSCode/Archmorph/backend/tests/../api_versioning.py", line 108, in __call__
    |     await self.app(scope, receive, send_wrapper)
    |   File "/Users/idokatz/VSCode/Archmorph/backend/.venv/lib/python3.13/site-packages/starlette/middleware/base.py", line 191, in __call__
    |     with recv_stream, send_stream, collapse_excgroups():
    |                                    ~~~~~~~~~~~~~~~~~~^^
    |   File "/opt/homebrew/Cellar/python@3.13/3.13.12_1/Frameworks/Python.framework/Versions/3.13/lib/python3.13/contextlib.py", line 162, in __exit__
    |     self.gen.throw(value)
    |     ~~~~~~~~~~~~~~^^^^^^^
    |   File "/Users/idokatz/VSCode/Archmorph/backend/.venv/lib/python3.13/site-packages/starlette/_utils.py", line 87, in collapse_excgroups
    |     raise exc
    |   File "/Users/idokatz/VSCode/Archmorph/backend/.venv/lib/python3.13/site-packages/starlette/middleware/base.py", line 194, in __call__
    |     await response(scope, wrapped_receive, send)
    |   File "/Users/idokatz/VSCode/Archmorph/backend/.venv/lib/python3.13/site-packages/starlette/middleware/base.py", line 238, in __call__
    |     await send({"type": "http.response.body", "body": chunk, "more_body": True})
    |   File "/Users/idokatz/VSCode/Archmorph/backend/tests/../api_versioning.py", line 106, in send_wrapper
    |     await send(message)
    |   File "/Users/idokatz/VSCode/Archmorph/backend/.venv/lib/python3.13/site-packages/starlette/middleware/gzip.py", line 95, in send_with_compression
    |     await self.send(message)
    |   File "/Users/idokatz/VSCode/Archmorph/backend/.venv/lib/python3.13/site-packages/starlette/middleware/errors.py", line 161, in _send
    |     await send(message)
    |   File "/Users/idokatz/VSCode/Archmorph/backend/.venv/lib/python3.13/site-packages/starlette/testclient.py", line 334, in send
    |     raw_kwargs["stream"].write(body)
    |     ^^^^^^^^^^^^^^^^^^^^^^^^^^
    | AttributeError: 'ByteStream' object has no attribute 'write'
    +------------------------------------

During handling of the above exception, another exception occurred:

Traceback (most recent call last):
  File "/Users/idokatz/VSCode/Archmorph/backend/.venv/lib/python3.13/site-packages/starlette/middleware/errors.py", line 164, in __call__
    await self.app(scope, receive, _send)
  File "/Users/idokatz/VSCode/Archmorph/backend/.venv/lib/python3.13/site-packages/starlette/middleware/gzip.py", line 29, in __call__
    await responder(scope, receive, send)
  File "/Users/idokatz/VSCode/Archmorph/backend/.venv/lib/python3.13/site-packages/starlette/middleware/gzip.py", line 130, in __call__
    await super().__call__(scope, receive, send)
  File "/Users/idokatz/VSCode/Archmorph/backend/.venv/lib/python3.13/site-packages/starlette/middleware/gzip.py", line 46, in __call__
    await self.app(scope, receive, self.send_with_compression)
  File "/Users/idokatz/VSCode/Archmorph/backend/tests/../api_versioning.py", line 108, in __call__
    await self.app(scope, receive, send_wrapper)
  File "/Users/idokatz/VSCode/Archmorph/backend/.venv/lib/python3.13/site-packages/starlette/middleware/base.py", line 191, in __call__
    with recv_stream, send_stream, collapse_excgroups():
                                   ~~~~~~~~~~~~~~~~~~^^
  File "/opt/homebrew/Cellar/python@3.13/3.13.12_1/Frameworks/Python.framework/Versions/3.13/lib/python3.13/contextlib.py", line 162, in __exit__
    self.gen.throw(value)
    ~~~~~~~~~~~~~~^^^^^^^
  File "/Users/idokatz/VSCode/Archmorph/backend/.venv/lib/python3.13/site-packages/starlette/_utils.py", line 87, in collapse_excgroups
    raise exc
  File "/Users/idokatz/VSCode/Archmorph/backend/.venv/lib/python3.13/site-packages/starlette/middleware/base.py", line 194, in __call__
    await response(scope, wrapped_receive, send)
  File "/Users/idokatz/VSCode/Archmorph/backend/.venv/lib/python3.13/site-packages/starlette/middleware/base.py", line 238, in __call__
    await send({"type": "http.response.body", "body": chunk, "more_body": True})
  File "/Users/idokatz/VSCode/Archmorph/backend/tests/../api_versioning.py", line 106, in send_wrapper
    await send(message)
  File "/Users/idokatz/VSCode/Archmorph/backend/.venv/lib/python3.13/site-packages/starlette/middleware/gzip.py", line 95, in send_with_compression
    await self.send(message)
  File "/Users/idokatz/VSCode/Archmorph/backend/.venv/lib/python3.13/site-packages/starlette/middleware/errors.py", line 161, in _send
    await send(message)
  File "/Users/idokatz/VSCode/Archmorph/backend/.venv/lib/python3.13/site-packages/starlette/testclient.py", line 334, in send
    raw_kwargs["stream"].write(body)
    ^^^^^^^^^^^^^^^^^^^^^^^^^^
AttributeError: 'ByteStream' object has no attribute 'write'
INFO     main:main.py:238 request completed
WARNING  audit_logging:audit_logging.py:206 {"audit": true, "timestamp": "2026-03-14T13:18:37.763493+00:00", "event_type": "api.error", "user_id": null, "session_id": null, "ip_address": "testclient", "endpoint": "/api/diagrams/diag-4ab6e7d1/export-hld", "method": "POST", "status_code": 404, "latency_ms": 9833.94, "correlation_id": "", "details": {}, "risk_level": "low", "severity": "warning"}
_________________ TestDataDeletion.test_delete_data_confirmed __________________
tests/test_privacy.py:210: in test_delete_data_confirmed
    assert resp.status_code == 200
E   assert 500 == 200
E    +  where 500 = <Response [500 Internal Server Error]>.status_code
----------------------------- Captured stdout call -----------------------------
{"timestamp": "2026-03-14T15:18:47+0200", "level": "error", "name": "error_envelope", "message": "Unhandled exception: %d format: a real number is required, not str", "exc_info": "Traceback (most recent call last):\n  File \"/Users/idokatz/VSCode/Archmorph/backend/.venv/lib/python3.13/site-packages/starlette/middleware/errors.py\", line 164, in __call__\n    await self.app(scope, receive, _send)\n  File \"/Users/idokatz/VSCode/Archmorph/backend/.venv/lib/python3.13/site-packages/starlette/middleware/gzip.py\", line 29, in __call__\n    await responder(scope, receive, send)\n  File \"/Users/idokatz/VSCode/Archmorph/backend/.venv/lib/python3.13/site-packages/starlette/middleware/gzip.py\", line 130, in __call__\n    await super().__call__(scope, receive, send)\n  File \"/Users/idokatz/VSCode/Archmorph/backend/.venv/lib/python3.13/site-packages/starlette/middleware/gzip.py\", line 46, in __call__\n    await self.app(scope, receive, self.send_with_compression)\n  File \"/Users/idokatz/VSCode/Archmorph/backend/tests/../api_versioning.py\", line 108, in __call__\n    await self.app(scope, receive, send_wrapper)\n  File \"/Users/idokatz/VSCode/Archmorph/backend/.venv/lib/python3.13/site-packages/starlette/middleware/base.py\", line 191, in __call__\n    with recv_stream, send_stream, collapse_excgroups():\n                                   ~~~~~~~~~~~~~~~~~~^^\n  File \"/opt/homebrew/Cellar/python@3.13/3.13.12_1/Frameworks/Python.framework/Versions/3.13/lib/python3.13/contextlib.py\", line 162, in __exit__\n    self.gen.throw(value)\n    ~~~~~~~~~~~~~~^^^^^^^\n  File \"/Users/idokatz/VSCode/Archmorph/backend/.venv/lib/python3.13/site-packages/starlette/_utils.py\", line 87, in collapse_excgroups\n    raise exc\n  File \"/Users/idokatz/VSCode/Archmorph/backend/.venv/lib/python3.13/site-packages/starlette/middleware/base.py\", line 193, in __call__\n    response = await self.dispatch_func(request, call_next)\n               ^^^^^^^^^^^^^^^^^^^^^^^^^^^^^^^^^^^^^^^^^^^^\n  File \"/Users/idokatz/VSCode/Archmorph/backend/tests/../main.py\", line 205, in dispatch\n    response = await call_next(request)\n               ^^^^^^^^^^^^^^^^^^^^^^^^\n  File \"/Users/idokatz/VSCode/Archmorph/backend/.venv/lib/python3.13/site-packages/starlette/middleware/base.py\", line 168, in call_next\n    raise app_exc from app_exc.__cause__ or app_exc.__context__\n  File \"/Users/idokatz/VSCode/Archmorph/backend/.venv/lib/python3.13/site-packages/starlette/middleware/base.py\", line 144, in coro\n    await self.app(scope, receive_or_disconnect, send_no_error)\n  File \"/Users/idokatz/VSCode/Archmorph/backend/.venv/lib/python3.13/site-packages/starlette/middleware/cors.py\", line 87, in __call__\n    await self.app(scope, receive, send)\n  File \"/Users/idokatz/VSCode/Archmorph/backend/.venv/lib/python3.13/site-packages/starlette/middleware/exceptions.py\", line 63, in __call__\n    await wrap_app_handling_exceptions(self.app, conn)(scope, receive, send)\n  File \"/Users/idokatz/VSCode/Archmorph/backend/.venv/lib/python3.13/site-packages/starlette/_exception_handler.py\", line 53, in wrapped_app\n    raise exc\n  File \"/Users/idokatz/VSCode/Archmorph/backend/.venv/lib/python3.13/site-packages/starlette/_exception_handler.py\", line 42, in wrapped_app\n    await app(scope, receive, sender)\n  File \"/Users/idokatz/VSCode/Archmorph/backend/.venv/lib/python3.13/site-packages/fastapi/middleware/asyncexitstack.py\", line 18, in __call__\n    await self.app(scope, receive, send)\n  File \"/Users/idokatz/VSCode/Archmorph/backend/.venv/lib/python3.13/site-packages/starlette/routing.py\", line 716, in __call__\n    await self.middleware_stack(scope, receive, send)\n  File \"/Users/idokatz/VSCode/Archmorph/backend/.venv/lib/python3.13/site-packages/starlette/routing.py\", line 736, in app\n    await route.handle(scope, receive, send)\n  File \"/Users/idokatz/VSCode/Archmorph/backend/.venv/lib/python3.13/site-packages/starlette/routing.py\", line 290, in handle\n    await self.app(scope, receive, send)\n  File \"/Users/idokatz/VSCode/Archmorph/backend/.venv/lib/python3.13/site-packages/fastapi/routing.py\", line 129, in app\n    await wrap_app_handling_exceptions(app, request)(scope, receive, send)\n  File \"/Users/idokatz/VSCode/Archmorph/backend/.venv/lib/python3.13/site-packages/starlette/_exception_handler.py\", line 53, in wrapped_app\n    raise exc\n  File \"/Users/idokatz/VSCode/Archmorph/backend/.venv/lib/python3.13/site-packages/starlette/_exception_handler.py\", line 42, in wrapped_app\n    await app(scope, receive, sender)\n  File \"/Users/idokatz/VSCode/Archmorph/backend/.venv/lib/python3.13/site-packages/fastapi/routing.py\", line 115, in app\n    response = await f(request)\n               ^^^^^^^^^^^^^^^^\n  File \"/Users/idokatz/VSCode/Archmorph/backend/.venv/lib/python3.13/site-packages/fastapi/routing.py\", line 630, in app\n    raw_response = await run_endpoint_function(\n                   ^^^^^^^^^^^^^^^^^^^^^^^^^^^^\n    ...<3 lines>...\n    )\n    ^\n  File \"/Users/idokatz/VSCode/Archmorph/backend/.venv/lib/python3.13/site-packages/fastapi/routing.py\", line 323, in run_endpoint_function\n    return await dependant.call(**values)\n           ^^^^^^^^^^^^^^^^^^^^^^^^^^^^^^\n  File \"/Users/idokatz/VSCode/Archmorph/backend/.venv/lib/python3.13/site-packages/slowapi/extension.py\", line 734, in async_wrapper\n    response = await func(*args, **kwargs)  # type: ignore\n               ^^^^^^^^^^^^^^^^^^^^^^^^^^^\n  File \"/Users/idokatz/VSCode/Archmorph/backend/tests/../routers/privacy.py\", line 300, in request_data_deletion\n    logger.info(\n    ~~~~~~~~~~~^\n        \"Data deletion completed: request_id=%s email=%s sessions_cleared=%d\",\n        ^^^^^^^^^^^^^^^^^^^^^^^^^^^^^^^^^^^^^^^^^^^^^^^^^^^^^^^^^^^^^^^^^^^^^^\n        str(request_id).replace('\\n', '').replace('\\r', ''), str(data.email).replace('\\n', '').replace('\\r', ''), str(sessions_cleared).replace('\\n', '').replace('\\r', ''),  # lgtm[py/log-injection]\n        ^^^^^^^^^^^^^^^^^^^^^^^^^^^^^^^^^^^^^^^^^^^^^^^^^^^^^^^^^^^^^^^^^^^^^^^^^^^^^^^^^^^^^^^^^^^^^^^^^^^^^^^^^^^^^^^^^^^^^^^^^^^^^^^^^^^^^^^^^^^^^^^^^^^^^^^^^^^^^^^^^^^^^^^^^^^^^^^^^^^^^^^^^^^^^^\n    )\n    ^\n  File \"/opt/homebrew/Cellar/python@3.13/3.13.12_1/Frameworks/Python.framework/Versions/3.13/lib/python3.13/logging/__init__.py\", line 1520, in info\n    self._log(INFO, msg, args, **kwargs)\n    ~~~~~~~~~^^^^^^^^^^^^^^^^^^^^^^^^^^^\n  File \"/opt/homebrew/Cellar/python@3.13/3.13.12_1/Frameworks/Python.framework/Versions/3.13/lib/python3.13/logging/__init__.py\", line 1665, in _log\n    self.handle(record)\n    ~~~~~~~~~~~^^^^^^^^\n  File \"/opt/homebrew/Cellar/python@3.13/3.13.12_1/Frameworks/Python.framework/Versions/3.13/lib/python3.13/logging/__init__.py\", line 1681, in handle\n    self.callHandlers(record)\n    ~~~~~~~~~~~~~~~~~^^^^^^^^\n  File \"/opt/homebrew/Cellar/python@3.13/3.13.12_1/Frameworks/Python.framework/Versions/3.13/lib/python3.13/logging/__init__.py\", line 1737, in callHandlers\n    hdlr.handle(record)\n    ~~~~~~~~~~~^^^^^^^^\n  File \"/opt/homebrew/Cellar/python@3.13/3.13.12_1/Frameworks/Python.framework/Versions/3.13/lib/python3.13/logging/__init__.py\", line 1027, in handle\n    self.emit(record)\n    ~~~~~~~~~^^^^^^^^\n  File \"/Users/idokatz/VSCode/Archmorph/backend/.venv/lib/python3.13/site-packages/_pytest/logging.py\", line 386, in emit\n    super().emit(record)\n    ~~~~~~~~~~~~^^^^^^^^\n  File \"/opt/homebrew/Cellar/python@3.13/3.13.12_1/Frameworks/Python.framework/Versions/3.13/lib/python3.13/logging/__init__.py\", line 1159, in emit\n    self.handleError(record)\n    ~~~~~~~~~~~~~~~~^^^^^^^^\n  File \"/opt/homebrew/Cellar/python@3.13/3.13.12_1/Frameworks/Python.framework/Versions/3.13/lib/python3.13/logging/__init__.py\", line 1151, in emit\n    msg = self.format(record)\n  File \"/opt/homebrew/Cellar/python@3.13/3.13.12_1/Frameworks/Python.framework/Versions/3.13/lib/python3.13/logging/__init__.py\", line 999, in format\n    return fmt.format(record)\n           ~~~~~~~~~~^^^^^^^^\n  File \"/Users/idokatz/VSCode/Archmorph/backend/.venv/lib/python3.13/site-packages/_pytest/logging.py\", line 139, in format\n    return super().format(record)\n           ~~~~~~~~~~~~~~^^^^^^^^\n  File \"/opt/homebrew/Cellar/python@3.13/3.13.12_1/Frameworks/Python.framework/Versions/3.13/lib/python3.13/logging/__init__.py\", line 712, in format\n    record.message = record.getMessage()\n                     ~~~~~~~~~~~~~~~~~^^\n  File \"/opt/homebrew/Cellar/python@3.13/3.13.12_1/Frameworks/Python.framework/Versions/3.13/lib/python3.13/logging/__init__.py\", line 400, in getMessage\n    msg = msg % self.args\n          ~~~~^~~~~~~~~~~\nTypeError: %d format: a real number is required, not str", "logger": "error_envelope"}
----------------------------- Captured stderr call -----------------------------
--- Logging error ---
Traceback (most recent call last):
  File "/opt/homebrew/Cellar/python@3.13/3.13.12_1/Frameworks/Python.framework/Versions/3.13/lib/python3.13/logging/__init__.py", line 1151, in emit
    msg = self.format(record)
  File "/opt/homebrew/Cellar/python@3.13/3.13.12_1/Frameworks/Python.framework/Versions/3.13/lib/python3.13/logging/__init__.py", line 999, in format
    return fmt.format(record)
           ~~~~~~~~~~^^^^^^^^
  File "/Users/idokatz/VSCode/Archmorph/backend/.venv/lib/python3.13/site-packages/pythonjsonlogger/core.py", line 245, in format
    record.message = record.getMessage()
                     ~~~~~~~~~~~~~~~~~^^
  File "/opt/homebrew/Cellar/python@3.13/3.13.12_1/Frameworks/Python.framework/Versions/3.13/lib/python3.13/logging/__init__.py", line 400, in getMessage
    msg = msg % self.args
          ~~~~^~~~~~~~~~~
TypeError: %d format: a real number is required, not str
Call stack:
  File "/opt/homebrew/Cellar/python@3.13/3.13.12_1/Frameworks/Python.framework/Versions/3.13/lib/python3.13/threading.py", line 1015, in _bootstrap
    self._bootstrap_inner()
  File "/opt/homebrew/Cellar/python@3.13/3.13.12_1/Frameworks/Python.framework/Versions/3.13/lib/python3.13/threading.py", line 1044, in _bootstrap_inner
    self.run()
  File "/opt/homebrew/Cellar/python@3.13/3.13.12_1/Frameworks/Python.framework/Versions/3.13/lib/python3.13/threading.py", line 995, in run
    self._target(*self._args, **self._kwargs)
  File "/Users/idokatz/VSCode/Archmorph/backend/.venv/lib/python3.13/site-packages/anyio/from_thread.py", line 532, in run_blocking_portal
    run_eventloop(
  File "/Users/idokatz/VSCode/Archmorph/backend/.venv/lib/python3.13/site-packages/anyio/_core/_eventloop.py", line 77, in run
    return async_backend.run(func, args, {}, backend_options)
  File "/Users/idokatz/VSCode/Archmorph/backend/.venv/lib/python3.13/site-packages/anyio/_backends/_asyncio.py", line 2342, in run
    return runner.run(wrapper())
  File "/opt/homebrew/Cellar/python@3.13/3.13.12_1/Frameworks/Python.framework/Versions/3.13/lib/python3.13/asyncio/runners.py", line 118, in run
    return self._loop.run_until_complete(task)
  File "/opt/homebrew/Cellar/python@3.13/3.13.12_1/Frameworks/Python.framework/Versions/3.13/lib/python3.13/asyncio/base_events.py", line 712, in run_until_complete
    self.run_forever()
  File "/opt/homebrew/Cellar/python@3.13/3.13.12_1/Frameworks/Python.framework/Versions/3.13/lib/python3.13/asyncio/base_events.py", line 683, in run_forever
    self._run_once()
  File "/opt/homebrew/Cellar/python@3.13/3.13.12_1/Frameworks/Python.framework/Versions/3.13/lib/python3.13/asyncio/base_events.py", line 2050, in _run_once
    handle._run()
  File "/opt/homebrew/Cellar/python@3.13/3.13.12_1/Frameworks/Python.framework/Versions/3.13/lib/python3.13/asyncio/events.py", line 89, in _run
    self._context.run(self._callback, *self._args)
  File "/Users/idokatz/VSCode/Archmorph/backend/.venv/lib/python3.13/site-packages/starlette/middleware/base.py", line 144, in coro
    await self.app(scope, receive_or_disconnect, send_no_error)
  File "/Users/idokatz/VSCode/Archmorph/backend/.venv/lib/python3.13/site-packages/starlette/middleware/cors.py", line 87, in __call__
    await self.app(scope, receive, send)
  File "/Users/idokatz/VSCode/Archmorph/backend/.venv/lib/python3.13/site-packages/starlette/middleware/exceptions.py", line 63, in __call__
    await wrap_app_handling_exceptions(self.app, conn)(scope, receive, send)
  File "/Users/idokatz/VSCode/Archmorph/backend/.venv/lib/python3.13/site-packages/starlette/_exception_handler.py", line 42, in wrapped_app
    await app(scope, receive, sender)
  File "/Users/idokatz/VSCode/Archmorph/backend/.venv/lib/python3.13/site-packages/fastapi/middleware/asyncexitstack.py", line 18, in __call__
    await self.app(scope, receive, send)
  File "/Users/idokatz/VSCode/Archmorph/backend/.venv/lib/python3.13/site-packages/starlette/routing.py", line 716, in __call__
    await self.middleware_stack(scope, receive, send)
  File "/Users/idokatz/VSCode/Archmorph/backend/.venv/lib/python3.13/site-packages/starlette/routing.py", line 736, in app
    await route.handle(scope, receive, send)
  File "/Users/idokatz/VSCode/Archmorph/backend/.venv/lib/python3.13/site-packages/starlette/routing.py", line 290, in handle
    await self.app(scope, receive, send)
  File "/Users/idokatz/VSCode/Archmorph/backend/.venv/lib/python3.13/site-packages/fastapi/routing.py", line 129, in app
    await wrap_app_handling_exceptions(app, request)(scope, receive, send)
  File "/Users/idokatz/VSCode/Archmorph/backend/.venv/lib/python3.13/site-packages/starlette/_exception_handler.py", line 42, in wrapped_app
    await app(scope, receive, sender)
  File "/Users/idokatz/VSCode/Archmorph/backend/.venv/lib/python3.13/site-packages/fastapi/routing.py", line 115, in app
    response = await f(request)
  File "/Users/idokatz/VSCode/Archmorph/backend/.venv/lib/python3.13/site-packages/fastapi/routing.py", line 630, in app
    raw_response = await run_endpoint_function(
  File "/Users/idokatz/VSCode/Archmorph/backend/.venv/lib/python3.13/site-packages/fastapi/routing.py", line 323, in run_endpoint_function
    return await dependant.call(**values)
  File "/Users/idokatz/VSCode/Archmorph/backend/.venv/lib/python3.13/site-packages/slowapi/extension.py", line 734, in async_wrapper
    response = await func(*args, **kwargs)  # type: ignore
  File "/Users/idokatz/VSCode/Archmorph/backend/tests/../routers/privacy.py", line 300, in request_data_deletion
    logger.info(
Message: 'Data deletion completed: request_id=%s email=%s sessions_cleared=%d'
Arguments: ('c7acbdf8-1645-46a8-95bc-576e45a5b35e', 'delete@example.com', '0')
------------------------------ Captured log call -------------------------------
ERROR    error_envelope:error_envelope.py:114 Unhandled exception: %d format: a real number is required, not str
Traceback (most recent call last):
  File "/Users/idokatz/VSCode/Archmorph/backend/.venv/lib/python3.13/site-packages/starlette/middleware/errors.py", line 164, in __call__
    await self.app(scope, receive, _send)
  File "/Users/idokatz/VSCode/Archmorph/backend/.venv/lib/python3.13/site-packages/starlette/middleware/gzip.py", line 29, in __call__
    await responder(scope, receive, send)
  File "/Users/idokatz/VSCode/Archmorph/backend/.venv/lib/python3.13/site-packages/starlette/middleware/gzip.py", line 130, in __call__
    await super().__call__(scope, receive, send)
  File "/Users/idokatz/VSCode/Archmorph/backend/.venv/lib/python3.13/site-packages/starlette/middleware/gzip.py", line 46, in __call__
    await self.app(scope, receive, self.send_with_compression)
  File "/Users/idokatz/VSCode/Archmorph/backend/tests/../api_versioning.py", line 108, in __call__
    await self.app(scope, receive, send_wrapper)
  File "/Users/idokatz/VSCode/Archmorph/backend/.venv/lib/python3.13/site-packages/starlette/middleware/base.py", line 191, in __call__
    with recv_stream, send_stream, collapse_excgroups():
                                   ~~~~~~~~~~~~~~~~~~^^
  File "/opt/homebrew/Cellar/python@3.13/3.13.12_1/Frameworks/Python.framework/Versions/3.13/lib/python3.13/contextlib.py", line 162, in __exit__
    self.gen.throw(value)
    ~~~~~~~~~~~~~~^^^^^^^
  File "/Users/idokatz/VSCode/Archmorph/backend/.venv/lib/python3.13/site-packages/starlette/_utils.py", line 87, in collapse_excgroups
    raise exc
  File "/Users/idokatz/VSCode/Archmorph/backend/.venv/lib/python3.13/site-packages/starlette/middleware/base.py", line 193, in __call__
    response = await self.dispatch_func(request, call_next)
               ^^^^^^^^^^^^^^^^^^^^^^^^^^^^^^^^^^^^^^^^^^^^
  File "/Users/idokatz/VSCode/Archmorph/backend/tests/../main.py", line 205, in dispatch
    response = await call_next(request)
               ^^^^^^^^^^^^^^^^^^^^^^^^
  File "/Users/idokatz/VSCode/Archmorph/backend/.venv/lib/python3.13/site-packages/starlette/middleware/base.py", line 168, in call_next
    raise app_exc from app_exc.__cause__ or app_exc.__context__
  File "/Users/idokatz/VSCode/Archmorph/backend/.venv/lib/python3.13/site-packages/starlette/middleware/base.py", line 144, in coro
    await self.app(scope, receive_or_disconnect, send_no_error)
  File "/Users/idokatz/VSCode/Archmorph/backend/.venv/lib/python3.13/site-packages/starlette/middleware/cors.py", line 87, in __call__
    await self.app(scope, receive, send)
  File "/Users/idokatz/VSCode/Archmorph/backend/.venv/lib/python3.13/site-packages/starlette/middleware/exceptions.py", line 63, in __call__
    await wrap_app_handling_exceptions(self.app, conn)(scope, receive, send)
  File "/Users/idokatz/VSCode/Archmorph/backend/.venv/lib/python3.13/site-packages/starlette/_exception_handler.py", line 53, in wrapped_app
    raise exc
  File "/Users/idokatz/VSCode/Archmorph/backend/.venv/lib/python3.13/site-packages/starlette/_exception_handler.py", line 42, in wrapped_app
    await app(scope, receive, sender)
  File "/Users/idokatz/VSCode/Archmorph/backend/.venv/lib/python3.13/site-packages/fastapi/middleware/asyncexitstack.py", line 18, in __call__
    await self.app(scope, receive, send)
  File "/Users/idokatz/VSCode/Archmorph/backend/.venv/lib/python3.13/site-packages/starlette/routing.py", line 716, in __call__
    await self.middleware_stack(scope, receive, send)
  File "/Users/idokatz/VSCode/Archmorph/backend/.venv/lib/python3.13/site-packages/starlette/routing.py", line 736, in app
    await route.handle(scope, receive, send)
  File "/Users/idokatz/VSCode/Archmorph/backend/.venv/lib/python3.13/site-packages/starlette/routing.py", line 290, in handle
    await self.app(scope, receive, send)
  File "/Users/idokatz/VSCode/Archmorph/backend/.venv/lib/python3.13/site-packages/fastapi/routing.py", line 129, in app
    await wrap_app_handling_exceptions(app, request)(scope, receive, send)
  File "/Users/idokatz/VSCode/Archmorph/backend/.venv/lib/python3.13/site-packages/starlette/_exception_handler.py", line 53, in wrapped_app
    raise exc
  File "/Users/idokatz/VSCode/Archmorph/backend/.venv/lib/python3.13/site-packages/starlette/_exception_handler.py", line 42, in wrapped_app
    await app(scope, receive, sender)
  File "/Users/idokatz/VSCode/Archmorph/backend/.venv/lib/python3.13/site-packages/fastapi/routing.py", line 115, in app
    response = await f(request)
               ^^^^^^^^^^^^^^^^
  File "/Users/idokatz/VSCode/Archmorph/backend/.venv/lib/python3.13/site-packages/fastapi/routing.py", line 630, in app
    raw_response = await run_endpoint_function(
                   ^^^^^^^^^^^^^^^^^^^^^^^^^^^^
    ...<3 lines>...
    )
    ^
  File "/Users/idokatz/VSCode/Archmorph/backend/.venv/lib/python3.13/site-packages/fastapi/routing.py", line 323, in run_endpoint_function
    return await dependant.call(**values)
           ^^^^^^^^^^^^^^^^^^^^^^^^^^^^^^
  File "/Users/idokatz/VSCode/Archmorph/backend/.venv/lib/python3.13/site-packages/slowapi/extension.py", line 734, in async_wrapper
    response = await func(*args, **kwargs)  # type: ignore
               ^^^^^^^^^^^^^^^^^^^^^^^^^^^
  File "/Users/idokatz/VSCode/Archmorph/backend/tests/../routers/privacy.py", line 300, in request_data_deletion
    logger.info(
    ~~~~~~~~~~~^
        "Data deletion completed: request_id=%s email=%s sessions_cleared=%d",
        ^^^^^^^^^^^^^^^^^^^^^^^^^^^^^^^^^^^^^^^^^^^^^^^^^^^^^^^^^^^^^^^^^^^^^^
        str(request_id).replace('\n', '').replace('\r', ''), str(data.email).replace('\n', '').replace('\r', ''), str(sessions_cleared).replace('\n', '').replace('\r', ''),  # lgtm[py/log-injection]
        ^^^^^^^^^^^^^^^^^^^^^^^^^^^^^^^^^^^^^^^^^^^^^^^^^^^^^^^^^^^^^^^^^^^^^^^^^^^^^^^^^^^^^^^^^^^^^^^^^^^^^^^^^^^^^^^^^^^^^^^^^^^^^^^^^^^^^^^^^^^^^^^^^^^^^^^^^^^^^^^^^^^^^^^^^^^^^^^^^^^^^^^^^^^^^^
    )
    ^
  File "/opt/homebrew/Cellar/python@3.13/3.13.12_1/Frameworks/Python.framework/Versions/3.13/lib/python3.13/logging/__init__.py", line 1520, in info
    self._log(INFO, msg, args, **kwargs)
    ~~~~~~~~~^^^^^^^^^^^^^^^^^^^^^^^^^^^
  File "/opt/homebrew/Cellar/python@3.13/3.13.12_1/Frameworks/Python.framework/Versions/3.13/lib/python3.13/logging/__init__.py", line 1665, in _log
    self.handle(record)
    ~~~~~~~~~~~^^^^^^^^
  File "/opt/homebrew/Cellar/python@3.13/3.13.12_1/Frameworks/Python.framework/Versions/3.13/lib/python3.13/logging/__init__.py", line 1681, in handle
    self.callHandlers(record)
    ~~~~~~~~~~~~~~~~~^^^^^^^^
  File "/opt/homebrew/Cellar/python@3.13/3.13.12_1/Frameworks/Python.framework/Versions/3.13/lib/python3.13/logging/__init__.py", line 1737, in callHandlers
    hdlr.handle(record)
    ~~~~~~~~~~~^^^^^^^^
  File "/opt/homebrew/Cellar/python@3.13/3.13.12_1/Frameworks/Python.framework/Versions/3.13/lib/python3.13/logging/__init__.py", line 1027, in handle
    self.emit(record)
    ~~~~~~~~~^^^^^^^^
  File "/Users/idokatz/VSCode/Archmorph/backend/.venv/lib/python3.13/site-packages/_pytest/logging.py", line 386, in emit
    super().emit(record)
    ~~~~~~~~~~~~^^^^^^^^
  File "/opt/homebrew/Cellar/python@3.13/3.13.12_1/Frameworks/Python.framework/Versions/3.13/lib/python3.13/logging/__init__.py", line 1159, in emit
    self.handleError(record)
    ~~~~~~~~~~~~~~~~^^^^^^^^
  File "/opt/homebrew/Cellar/python@3.13/3.13.12_1/Frameworks/Python.framework/Versions/3.13/lib/python3.13/logging/__init__.py", line 1151, in emit
    msg = self.format(record)
  File "/opt/homebrew/Cellar/python@3.13/3.13.12_1/Frameworks/Python.framework/Versions/3.13/lib/python3.13/logging/__init__.py", line 999, in format
    return fmt.format(record)
           ~~~~~~~~~~^^^^^^^^
  File "/Users/idokatz/VSCode/Archmorph/backend/.venv/lib/python3.13/site-packages/_pytest/logging.py", line 139, in format
    return super().format(record)
           ~~~~~~~~~~~~~~^^^^^^^^
  File "/opt/homebrew/Cellar/python@3.13/3.13.12_1/Frameworks/Python.framework/Versions/3.13/lib/python3.13/logging/__init__.py", line 712, in format
    record.message = record.getMessage()
                     ~~~~~~~~~~~~~~~~~^^
  File "/opt/homebrew/Cellar/python@3.13/3.13.12_1/Frameworks/Python.framework/Versions/3.13/lib/python3.13/logging/__init__.py", line 400, in getMessage
    msg = msg % self.args
          ~~~~^~~~~~~~~~~
TypeError: %d format: a real number is required, not str
________________ TestDataDeletion.test_delete_data_with_reason _________________
tests/test_privacy.py:228: in test_delete_data_with_reason
    assert resp.status_code == 200
E   assert 500 == 200
E    +  where 500 = <Response [500 Internal Server Error]>.status_code
----------------------------- Captured stdout call -----------------------------
{"timestamp": "2026-03-14T15:18:47+0200", "level": "error", "name": "error_envelope", "message": "Unhandled exception: %d format: a real number is required, not str", "exc_info": "Traceback (most recent call last):\n  File \"/Users/idokatz/VSCode/Archmorph/backend/.venv/lib/python3.13/site-packages/starlette/middleware/errors.py\", line 164, in __call__\n    await self.app(scope, receive, _send)\n  File \"/Users/idokatz/VSCode/Archmorph/backend/.venv/lib/python3.13/site-packages/starlette/middleware/gzip.py\", line 29, in __call__\n    await responder(scope, receive, send)\n  File \"/Users/idokatz/VSCode/Archmorph/backend/.venv/lib/python3.13/site-packages/starlette/middleware/gzip.py\", line 130, in __call__\n    await super().__call__(scope, receive, send)\n  File \"/Users/idokatz/VSCode/Archmorph/backend/.venv/lib/python3.13/site-packages/starlette/middleware/gzip.py\", line 46, in __call__\n    await self.app(scope, receive, self.send_with_compression)\n  File \"/Users/idokatz/VSCode/Archmorph/backend/tests/../api_versioning.py\", line 108, in __call__\n    await self.app(scope, receive, send_wrapper)\n  File \"/Users/idokatz/VSCode/Archmorph/backend/.venv/lib/python3.13/site-packages/starlette/middleware/base.py\", line 191, in __call__\n    with recv_stream, send_stream, collapse_excgroups():\n                                   ~~~~~~~~~~~~~~~~~~^^\n  File \"/opt/homebrew/Cellar/python@3.13/3.13.12_1/Frameworks/Python.framework/Versions/3.13/lib/python3.13/contextlib.py\", line 162, in __exit__\n    self.gen.throw(value)\n    ~~~~~~~~~~~~~~^^^^^^^\n  File \"/Users/idokatz/VSCode/Archmorph/backend/.venv/lib/python3.13/site-packages/starlette/_utils.py\", line 87, in collapse_excgroups\n    raise exc\n  File \"/Users/idokatz/VSCode/Archmorph/backend/.venv/lib/python3.13/site-packages/starlette/middleware/base.py\", line 193, in __call__\n    response = await self.dispatch_func(request, call_next)\n               ^^^^^^^^^^^^^^^^^^^^^^^^^^^^^^^^^^^^^^^^^^^^\n  File \"/Users/idokatz/VSCode/Archmorph/backend/tests/../main.py\", line 205, in dispatch\n    response = await call_next(request)\n               ^^^^^^^^^^^^^^^^^^^^^^^^\n  File \"/Users/idokatz/VSCode/Archmorph/backend/.venv/lib/python3.13/site-packages/starlette/middleware/base.py\", line 168, in call_next\n    raise app_exc from app_exc.__cause__ or app_exc.__context__\n  File \"/Users/idokatz/VSCode/Archmorph/backend/.venv/lib/python3.13/site-packages/starlette/middleware/base.py\", line 144, in coro\n    await self.app(scope, receive_or_disconnect, send_no_error)\n  File \"/Users/idokatz/VSCode/Archmorph/backend/.venv/lib/python3.13/site-packages/starlette/middleware/cors.py\", line 87, in __call__\n    await self.app(scope, receive, send)\n  File \"/Users/idokatz/VSCode/Archmorph/backend/.venv/lib/python3.13/site-packages/starlette/middleware/exceptions.py\", line 63, in __call__\n    await wrap_app_handling_exceptions(self.app, conn)(scope, receive, send)\n  File \"/Users/idokatz/VSCode/Archmorph/backend/.venv/lib/python3.13/site-packages/starlette/_exception_handler.py\", line 53, in wrapped_app\n    raise exc\n  File \"/Users/idokatz/VSCode/Archmorph/backend/.venv/lib/python3.13/site-packages/starlette/_exception_handler.py\", line 42, in wrapped_app\n    await app(scope, receive, sender)\n  File \"/Users/idokatz/VSCode/Archmorph/backend/.venv/lib/python3.13/site-packages/fastapi/middleware/asyncexitstack.py\", line 18, in __call__\n    await self.app(scope, receive, send)\n  File \"/Users/idokatz/VSCode/Archmorph/backend/.venv/lib/python3.13/site-packages/starlette/routing.py\", line 716, in __call__\n    await self.middleware_stack(scope, receive, send)\n  File \"/Users/idokatz/VSCode/Archmorph/backend/.venv/lib/python3.13/site-packages/starlette/routing.py\", line 736, in app\n    await route.handle(scope, receive, send)\n  File \"/Users/idokatz/VSCode/Archmorph/backend/.venv/lib/python3.13/site-packages/starlette/routing.py\", line 290, in handle\n    await self.app(scope, receive, send)\n  File \"/Users/idokatz/VSCode/Archmorph/backend/.venv/lib/python3.13/site-packages/fastapi/routing.py\", line 129, in app\n    await wrap_app_handling_exceptions(app, request)(scope, receive, send)\n  File \"/Users/idokatz/VSCode/Archmorph/backend/.venv/lib/python3.13/site-packages/starlette/_exception_handler.py\", line 53, in wrapped_app\n    raise exc\n  File \"/Users/idokatz/VSCode/Archmorph/backend/.venv/lib/python3.13/site-packages/starlette/_exception_handler.py\", line 42, in wrapped_app\n    await app(scope, receive, sender)\n  File \"/Users/idokatz/VSCode/Archmorph/backend/.venv/lib/python3.13/site-packages/fastapi/routing.py\", line 115, in app\n    response = await f(request)\n               ^^^^^^^^^^^^^^^^\n  File \"/Users/idokatz/VSCode/Archmorph/backend/.venv/lib/python3.13/site-packages/fastapi/routing.py\", line 630, in app\n    raw_response = await run_endpoint_function(\n                   ^^^^^^^^^^^^^^^^^^^^^^^^^^^^\n    ...<3 lines>...\n    )\n    ^\n  File \"/Users/idokatz/VSCode/Archmorph/backend/.venv/lib/python3.13/site-packages/fastapi/routing.py\", line 323, in run_endpoint_function\n    return await dependant.call(**values)\n           ^^^^^^^^^^^^^^^^^^^^^^^^^^^^^^\n  File \"/Users/idokatz/VSCode/Archmorph/backend/.venv/lib/python3.13/site-packages/slowapi/extension.py\", line 734, in async_wrapper\n    response = await func(*args, **kwargs)  # type: ignore\n               ^^^^^^^^^^^^^^^^^^^^^^^^^^^\n  File \"/Users/idokatz/VSCode/Archmorph/backend/tests/../routers/privacy.py\", line 300, in request_data_deletion\n    logger.info(\n    ~~~~~~~~~~~^\n        \"Data deletion completed: request_id=%s email=%s sessions_cleared=%d\",\n        ^^^^^^^^^^^^^^^^^^^^^^^^^^^^^^^^^^^^^^^^^^^^^^^^^^^^^^^^^^^^^^^^^^^^^^\n        str(request_id).replace('\\n', '').replace('\\r', ''), str(data.email).replace('\\n', '').replace('\\r', ''), str(sessions_cleared).replace('\\n', '').replace('\\r', ''),  # lgtm[py/log-injection]\n        ^^^^^^^^^^^^^^^^^^^^^^^^^^^^^^^^^^^^^^^^^^^^^^^^^^^^^^^^^^^^^^^^^^^^^^^^^^^^^^^^^^^^^^^^^^^^^^^^^^^^^^^^^^^^^^^^^^^^^^^^^^^^^^^^^^^^^^^^^^^^^^^^^^^^^^^^^^^^^^^^^^^^^^^^^^^^^^^^^^^^^^^^^^^^^^\n    )\n    ^\n  File \"/opt/homebrew/Cellar/python@3.13/3.13.12_1/Frameworks/Python.framework/Versions/3.13/lib/python3.13/logging/__init__.py\", line 1520, in info\n    self._log(INFO, msg, args, **kwargs)\n    ~~~~~~~~~^^^^^^^^^^^^^^^^^^^^^^^^^^^\n  File \"/opt/homebrew/Cellar/python@3.13/3.13.12_1/Frameworks/Python.framework/Versions/3.13/lib/python3.13/logging/__init__.py\", line 1665, in _log\n    self.handle(record)\n    ~~~~~~~~~~~^^^^^^^^\n  File \"/opt/homebrew/Cellar/python@3.13/3.13.12_1/Frameworks/Python.framework/Versions/3.13/lib/python3.13/logging/__init__.py\", line 1681, in handle\n    self.callHandlers(record)\n    ~~~~~~~~~~~~~~~~~^^^^^^^^\n  File \"/opt/homebrew/Cellar/python@3.13/3.13.12_1/Frameworks/Python.framework/Versions/3.13/lib/python3.13/logging/__init__.py\", line 1737, in callHandlers\n    hdlr.handle(record)\n    ~~~~~~~~~~~^^^^^^^^\n  File \"/opt/homebrew/Cellar/python@3.13/3.13.12_1/Frameworks/Python.framework/Versions/3.13/lib/python3.13/logging/__init__.py\", line 1027, in handle\n    self.emit(record)\n    ~~~~~~~~~^^^^^^^^\n  File \"/Users/idokatz/VSCode/Archmorph/backend/.venv/lib/python3.13/site-packages/_pytest/logging.py\", line 386, in emit\n    super().emit(record)\n    ~~~~~~~~~~~~^^^^^^^^\n  File \"/opt/homebrew/Cellar/python@3.13/3.13.12_1/Frameworks/Python.framework/Versions/3.13/lib/python3.13/logging/__init__.py\", line 1159, in emit\n    self.handleError(record)\n    ~~~~~~~~~~~~~~~~^^^^^^^^\n  File \"/opt/homebrew/Cellar/python@3.13/3.13.12_1/Frameworks/Python.framework/Versions/3.13/lib/python3.13/logging/__init__.py\", line 1151, in emit\n    msg = self.format(record)\n  File \"/opt/homebrew/Cellar/python@3.13/3.13.12_1/Frameworks/Python.framework/Versions/3.13/lib/python3.13/logging/__init__.py\", line 999, in format\n    return fmt.format(record)\n           ~~~~~~~~~~^^^^^^^^\n  File \"/Users/idokatz/VSCode/Archmorph/backend/.venv/lib/python3.13/site-packages/_pytest/logging.py\", line 139, in format\n    return super().format(record)\n           ~~~~~~~~~~~~~~^^^^^^^^\n  File \"/opt/homebrew/Cellar/python@3.13/3.13.12_1/Frameworks/Python.framework/Versions/3.13/lib/python3.13/logging/__init__.py\", line 712, in format\n    record.message = record.getMessage()\n                     ~~~~~~~~~~~~~~~~~^^\n  File \"/opt/homebrew/Cellar/python@3.13/3.13.12_1/Frameworks/Python.framework/Versions/3.13/lib/python3.13/logging/__init__.py\", line 400, in getMessage\n    msg = msg % self.args\n          ~~~~^~~~~~~~~~~\nTypeError: %d format: a real number is required, not str", "logger": "error_envelope"}
----------------------------- Captured stderr call -----------------------------
--- Logging error ---
Traceback (most recent call last):
  File "/opt/homebrew/Cellar/python@3.13/3.13.12_1/Frameworks/Python.framework/Versions/3.13/lib/python3.13/logging/__init__.py", line 1151, in emit
    msg = self.format(record)
  File "/opt/homebrew/Cellar/python@3.13/3.13.12_1/Frameworks/Python.framework/Versions/3.13/lib/python3.13/logging/__init__.py", line 999, in format
    return fmt.format(record)
           ~~~~~~~~~~^^^^^^^^
  File "/Users/idokatz/VSCode/Archmorph/backend/.venv/lib/python3.13/site-packages/pythonjsonlogger/core.py", line 245, in format
    record.message = record.getMessage()
                     ~~~~~~~~~~~~~~~~~^^
  File "/opt/homebrew/Cellar/python@3.13/3.13.12_1/Frameworks/Python.framework/Versions/3.13/lib/python3.13/logging/__init__.py", line 400, in getMessage
    msg = msg % self.args
          ~~~~^~~~~~~~~~~
TypeError: %d format: a real number is required, not str
Call stack:
  File "/opt/homebrew/Cellar/python@3.13/3.13.12_1/Frameworks/Python.framework/Versions/3.13/lib/python3.13/threading.py", line 1015, in _bootstrap
    self._bootstrap_inner()
  File "/opt/homebrew/Cellar/python@3.13/3.13.12_1/Frameworks/Python.framework/Versions/3.13/lib/python3.13/threading.py", line 1044, in _bootstrap_inner
    self.run()
  File "/opt/homebrew/Cellar/python@3.13/3.13.12_1/Frameworks/Python.framework/Versions/3.13/lib/python3.13/threading.py", line 995, in run
    self._target(*self._args, **self._kwargs)
  File "/Users/idokatz/VSCode/Archmorph/backend/.venv/lib/python3.13/site-packages/anyio/from_thread.py", line 532, in run_blocking_portal
    run_eventloop(
  File "/Users/idokatz/VSCode/Archmorph/backend/.venv/lib/python3.13/site-packages/anyio/_core/_eventloop.py", line 77, in run
    return async_backend.run(func, args, {}, backend_options)
  File "/Users/idokatz/VSCode/Archmorph/backend/.venv/lib/python3.13/site-packages/anyio/_backends/_asyncio.py", line 2342, in run
    return runner.run(wrapper())
  File "/opt/homebrew/Cellar/python@3.13/3.13.12_1/Frameworks/Python.framework/Versions/3.13/lib/python3.13/asyncio/runners.py", line 118, in run
    return self._loop.run_until_complete(task)
  File "/opt/homebrew/Cellar/python@3.13/3.13.12_1/Frameworks/Python.framework/Versions/3.13/lib/python3.13/asyncio/base_events.py", line 712, in run_until_complete
    self.run_forever()
  File "/opt/homebrew/Cellar/python@3.13/3.13.12_1/Frameworks/Python.framework/Versions/3.13/lib/python3.13/asyncio/base_events.py", line 683, in run_forever
    self._run_once()
  File "/opt/homebrew/Cellar/python@3.13/3.13.12_1/Frameworks/Python.framework/Versions/3.13/lib/python3.13/asyncio/base_events.py", line 2050, in _run_once
    handle._run()
  File "/opt/homebrew/Cellar/python@3.13/3.13.12_1/Frameworks/Python.framework/Versions/3.13/lib/python3.13/asyncio/events.py", line 89, in _run
    self._context.run(self._callback, *self._args)
  File "/Users/idokatz/VSCode/Archmorph/backend/.venv/lib/python3.13/site-packages/starlette/middleware/base.py", line 144, in coro
    await self.app(scope, receive_or_disconnect, send_no_error)
  File "/Users/idokatz/VSCode/Archmorph/backend/.venv/lib/python3.13/site-packages/starlette/middleware/cors.py", line 87, in __call__
    await self.app(scope, receive, send)
  File "/Users/idokatz/VSCode/Archmorph/backend/.venv/lib/python3.13/site-packages/starlette/middleware/exceptions.py", line 63, in __call__
    await wrap_app_handling_exceptions(self.app, conn)(scope, receive, send)
  File "/Users/idokatz/VSCode/Archmorph/backend/.venv/lib/python3.13/site-packages/starlette/_exception_handler.py", line 42, in wrapped_app
    await app(scope, receive, sender)
  File "/Users/idokatz/VSCode/Archmorph/backend/.venv/lib/python3.13/site-packages/fastapi/middleware/asyncexitstack.py", line 18, in __call__
    await self.app(scope, receive, send)
  File "/Users/idokatz/VSCode/Archmorph/backend/.venv/lib/python3.13/site-packages/starlette/routing.py", line 716, in __call__
    await self.middleware_stack(scope, receive, send)
  File "/Users/idokatz/VSCode/Archmorph/backend/.venv/lib/python3.13/site-packages/starlette/routing.py", line 736, in app
    await route.handle(scope, receive, send)
  File "/Users/idokatz/VSCode/Archmorph/backend/.venv/lib/python3.13/site-packages/starlette/routing.py", line 290, in handle
    await self.app(scope, receive, send)
  File "/Users/idokatz/VSCode/Archmorph/backend/.venv/lib/python3.13/site-packages/fastapi/routing.py", line 129, in app
    await wrap_app_handling_exceptions(app, request)(scope, receive, send)
  File "/Users/idokatz/VSCode/Archmorph/backend/.venv/lib/python3.13/site-packages/starlette/_exception_handler.py", line 42, in wrapped_app
    await app(scope, receive, sender)
  File "/Users/idokatz/VSCode/Archmorph/backend/.venv/lib/python3.13/site-packages/fastapi/routing.py", line 115, in app
    response = await f(request)
  File "/Users/idokatz/VSCode/Archmorph/backend/.venv/lib/python3.13/site-packages/fastapi/routing.py", line 630, in app
    raw_response = await run_endpoint_function(
  File "/Users/idokatz/VSCode/Archmorph/backend/.venv/lib/python3.13/site-packages/fastapi/routing.py", line 323, in run_endpoint_function
    return await dependant.call(**values)
  File "/Users/idokatz/VSCode/Archmorph/backend/.venv/lib/python3.13/site-packages/slowapi/extension.py", line 734, in async_wrapper
    response = await func(*args, **kwargs)  # type: ignore
  File "/Users/idokatz/VSCode/Archmorph/backend/tests/../routers/privacy.py", line 300, in request_data_deletion
    logger.info(
Message: 'Data deletion completed: request_id=%s email=%s sessions_cleared=%d'
Arguments: ('21bdf666-ee51-43b8-a7c4-06110ddf0fa2', 'delete@example.com', '0')
------------------------------ Captured log call -------------------------------
ERROR    error_envelope:error_envelope.py:114 Unhandled exception: %d format: a real number is required, not str
Traceback (most recent call last):
  File "/Users/idokatz/VSCode/Archmorph/backend/.venv/lib/python3.13/site-packages/starlette/middleware/errors.py", line 164, in __call__
    await self.app(scope, receive, _send)
  File "/Users/idokatz/VSCode/Archmorph/backend/.venv/lib/python3.13/site-packages/starlette/middleware/gzip.py", line 29, in __call__
    await responder(scope, receive, send)
  File "/Users/idokatz/VSCode/Archmorph/backend/.venv/lib/python3.13/site-packages/starlette/middleware/gzip.py", line 130, in __call__
    await super().__call__(scope, receive, send)
  File "/Users/idokatz/VSCode/Archmorph/backend/.venv/lib/python3.13/site-packages/starlette/middleware/gzip.py", line 46, in __call__
    await self.app(scope, receive, self.send_with_compression)
  File "/Users/idokatz/VSCode/Archmorph/backend/tests/../api_versioning.py", line 108, in __call__
    await self.app(scope, receive, send_wrapper)
  File "/Users/idokatz/VSCode/Archmorph/backend/.venv/lib/python3.13/site-packages/starlette/middleware/base.py", line 191, in __call__
    with recv_stream, send_stream, collapse_excgroups():
                                   ~~~~~~~~~~~~~~~~~~^^
  File "/opt/homebrew/Cellar/python@3.13/3.13.12_1/Frameworks/Python.framework/Versions/3.13/lib/python3.13/contextlib.py", line 162, in __exit__
    self.gen.throw(value)
    ~~~~~~~~~~~~~~^^^^^^^
  File "/Users/idokatz/VSCode/Archmorph/backend/.venv/lib/python3.13/site-packages/starlette/_utils.py", line 87, in collapse_excgroups
    raise exc
  File "/Users/idokatz/VSCode/Archmorph/backend/.venv/lib/python3.13/site-packages/starlette/middleware/base.py", line 193, in __call__
    response = await self.dispatch_func(request, call_next)
               ^^^^^^^^^^^^^^^^^^^^^^^^^^^^^^^^^^^^^^^^^^^^
  File "/Users/idokatz/VSCode/Archmorph/backend/tests/../main.py", line 205, in dispatch
    response = await call_next(request)
               ^^^^^^^^^^^^^^^^^^^^^^^^
  File "/Users/idokatz/VSCode/Archmorph/backend/.venv/lib/python3.13/site-packages/starlette/middleware/base.py", line 168, in call_next
    raise app_exc from app_exc.__cause__ or app_exc.__context__
  File "/Users/idokatz/VSCode/Archmorph/backend/.venv/lib/python3.13/site-packages/starlette/middleware/base.py", line 144, in coro
    await self.app(scope, receive_or_disconnect, send_no_error)
  File "/Users/idokatz/VSCode/Archmorph/backend/.venv/lib/python3.13/site-packages/starlette/middleware/cors.py", line 87, in __call__
    await self.app(scope, receive, send)
  File "/Users/idokatz/VSCode/Archmorph/backend/.venv/lib/python3.13/site-packages/starlette/middleware/exceptions.py", line 63, in __call__
    await wrap_app_handling_exceptions(self.app, conn)(scope, receive, send)
  File "/Users/idokatz/VSCode/Archmorph/backend/.venv/lib/python3.13/site-packages/starlette/_exception_handler.py", line 53, in wrapped_app
    raise exc
  File "/Users/idokatz/VSCode/Archmorph/backend/.venv/lib/python3.13/site-packages/starlette/_exception_handler.py", line 42, in wrapped_app
    await app(scope, receive, sender)
  File "/Users/idokatz/VSCode/Archmorph/backend/.venv/lib/python3.13/site-packages/fastapi/middleware/asyncexitstack.py", line 18, in __call__
    await self.app(scope, receive, send)
  File "/Users/idokatz/VSCode/Archmorph/backend/.venv/lib/python3.13/site-packages/starlette/routing.py", line 716, in __call__
    await self.middleware_stack(scope, receive, send)
  File "/Users/idokatz/VSCode/Archmorph/backend/.venv/lib/python3.13/site-packages/starlette/routing.py", line 736, in app
    await route.handle(scope, receive, send)
  File "/Users/idokatz/VSCode/Archmorph/backend/.venv/lib/python3.13/site-packages/starlette/routing.py", line 290, in handle
    await self.app(scope, receive, send)
  File "/Users/idokatz/VSCode/Archmorph/backend/.venv/lib/python3.13/site-packages/fastapi/routing.py", line 129, in app
    await wrap_app_handling_exceptions(app, request)(scope, receive, send)
  File "/Users/idokatz/VSCode/Archmorph/backend/.venv/lib/python3.13/site-packages/starlette/_exception_handler.py", line 53, in wrapped_app
    raise exc
  File "/Users/idokatz/VSCode/Archmorph/backend/.venv/lib/python3.13/site-packages/starlette/_exception_handler.py", line 42, in wrapped_app
    await app(scope, receive, sender)
  File "/Users/idokatz/VSCode/Archmorph/backend/.venv/lib/python3.13/site-packages/fastapi/routing.py", line 115, in app
    response = await f(request)
               ^^^^^^^^^^^^^^^^
  File "/Users/idokatz/VSCode/Archmorph/backend/.venv/lib/python3.13/site-packages/fastapi/routing.py", line 630, in app
    raw_response = await run_endpoint_function(
                   ^^^^^^^^^^^^^^^^^^^^^^^^^^^^
    ...<3 lines>...
    )
    ^
  File "/Users/idokatz/VSCode/Archmorph/backend/.venv/lib/python3.13/site-packages/fastapi/routing.py", line 323, in run_endpoint_function
    return await dependant.call(**values)
           ^^^^^^^^^^^^^^^^^^^^^^^^^^^^^^
  File "/Users/idokatz/VSCode/Archmorph/backend/.venv/lib/python3.13/site-packages/slowapi/extension.py", line 734, in async_wrapper
    response = await func(*args, **kwargs)  # type: ignore
               ^^^^^^^^^^^^^^^^^^^^^^^^^^^
  File "/Users/idokatz/VSCode/Archmorph/backend/tests/../routers/privacy.py", line 300, in request_data_deletion
    logger.info(
    ~~~~~~~~~~~^
        "Data deletion completed: request_id=%s email=%s sessions_cleared=%d",
        ^^^^^^^^^^^^^^^^^^^^^^^^^^^^^^^^^^^^^^^^^^^^^^^^^^^^^^^^^^^^^^^^^^^^^^
        str(request_id).replace('\n', '').replace('\r', ''), str(data.email).replace('\n', '').replace('\r', ''), str(sessions_cleared).replace('\n', '').replace('\r', ''),  # lgtm[py/log-injection]
        ^^^^^^^^^^^^^^^^^^^^^^^^^^^^^^^^^^^^^^^^^^^^^^^^^^^^^^^^^^^^^^^^^^^^^^^^^^^^^^^^^^^^^^^^^^^^^^^^^^^^^^^^^^^^^^^^^^^^^^^^^^^^^^^^^^^^^^^^^^^^^^^^^^^^^^^^^^^^^^^^^^^^^^^^^^^^^^^^^^^^^^^^^^^^^^
    )
    ^
  File "/opt/homebrew/Cellar/python@3.13/3.13.12_1/Frameworks/Python.framework/Versions/3.13/lib/python3.13/logging/__init__.py", line 1520, in info
    self._log(INFO, msg, args, **kwargs)
    ~~~~~~~~~^^^^^^^^^^^^^^^^^^^^^^^^^^^
  File "/opt/homebrew/Cellar/python@3.13/3.13.12_1/Frameworks/Python.framework/Versions/3.13/lib/python3.13/logging/__init__.py", line 1665, in _log
    self.handle(record)
    ~~~~~~~~~~~^^^^^^^^
  File "/opt/homebrew/Cellar/python@3.13/3.13.12_1/Frameworks/Python.framework/Versions/3.13/lib/python3.13/logging/__init__.py", line 1681, in handle
    self.callHandlers(record)
    ~~~~~~~~~~~~~~~~~^^^^^^^^
  File "/opt/homebrew/Cellar/python@3.13/3.13.12_1/Frameworks/Python.framework/Versions/3.13/lib/python3.13/logging/__init__.py", line 1737, in callHandlers
    hdlr.handle(record)
    ~~~~~~~~~~~^^^^^^^^
  File "/opt/homebrew/Cellar/python@3.13/3.13.12_1/Frameworks/Python.framework/Versions/3.13/lib/python3.13/logging/__init__.py", line 1027, in handle
    self.emit(record)
    ~~~~~~~~~^^^^^^^^
  File "/Users/idokatz/VSCode/Archmorph/backend/.venv/lib/python3.13/site-packages/_pytest/logging.py", line 386, in emit
    super().emit(record)
    ~~~~~~~~~~~~^^^^^^^^
  File "/opt/homebrew/Cellar/python@3.13/3.13.12_1/Frameworks/Python.framework/Versions/3.13/lib/python3.13/logging/__init__.py", line 1159, in emit
    self.handleError(record)
    ~~~~~~~~~~~~~~~~^^^^^^^^
  File "/opt/homebrew/Cellar/python@3.13/3.13.12_1/Frameworks/Python.framework/Versions/3.13/lib/python3.13/logging/__init__.py", line 1151, in emit
    msg = self.format(record)
  File "/opt/homebrew/Cellar/python@3.13/3.13.12_1/Frameworks/Python.framework/Versions/3.13/lib/python3.13/logging/__init__.py", line 999, in format
    return fmt.format(record)
           ~~~~~~~~~~^^^^^^^^
  File "/Users/idokatz/VSCode/Archmorph/backend/.venv/lib/python3.13/site-packages/_pytest/logging.py", line 139, in format
    return super().format(record)
           ~~~~~~~~~~~~~~^^^^^^^^
  File "/opt/homebrew/Cellar/python@3.13/3.13.12_1/Frameworks/Python.framework/Versions/3.13/lib/python3.13/logging/__init__.py", line 712, in format
    record.message = record.getMessage()
                     ~~~~~~~~~~~~~~~~~^^
  File "/opt/homebrew/Cellar/python@3.13/3.13.12_1/Frameworks/Python.framework/Versions/3.13/lib/python3.13/logging/__init__.py", line 400, in getMessage
    msg = msg % self.args
          ~~~~^~~~~~~~~~~
TypeError: %d format: a real number is required, not str
=============================== warnings summary ===============================
routers/agents.py:42
  /Users/idokatz/VSCode/Archmorph/backend/tests/../routers/agents.py:42: PydanticDeprecatedSince20: Support for class-based `config` is deprecated, use ConfigDict instead. Deprecated in Pydantic V2.0 to be removed in V3.0. See Pydantic V2 Migration Guide at https://errors.pydantic.dev/2.12/migration/
    class AgentResponseSchema(BaseModel):

routers/executions.py:21
  /Users/idokatz/VSCode/Archmorph/backend/tests/../routers/executions.py:21: PydanticDeprecatedSince20: Support for class-based `config` is deprecated, use ConfigDict instead. Deprecated in Pydantic V2.0 to be removed in V3.0. See Pydantic V2 Migration Guide at https://errors.pydantic.dev/2.12/migration/
    class ExecutionResponseSchema(BaseModel):

routers/agent_memory.py:13
  /Users/idokatz/VSCode/Archmorph/backend/tests/../routers/agent_memory.py:13: PydanticDeprecatedSince20: Support for class-based `config` is deprecated, use ConfigDict instead. Deprecated in Pydantic V2.0 to be removed in V3.0. See Pydantic V2 Migration Guide at https://errors.pydantic.dev/2.12/migration/
    class DocumentResponseSchema(BaseModel):

routers/agent_memory.py:23
  /Users/idokatz/VSCode/Archmorph/backend/tests/../routers/agent_memory.py:23: PydanticDeprecatedSince20: Support for class-based `config` is deprecated, use ConfigDict instead. Deprecated in Pydantic V2.0 to be removed in V3.0. See Pydantic V2 Migration Guide at https://errors.pydantic.dev/2.12/migration/
    class EpisodeResponseSchema(BaseModel):

routers/agent_memory.py:32
  /Users/idokatz/VSCode/Archmorph/backend/tests/../routers/agent_memory.py:32: PydanticDeprecatedSince20: Support for class-based `config` is deprecated, use ConfigDict instead. Deprecated in Pydantic V2.0 to be removed in V3.0. See Pydantic V2 Migration Guide at https://errors.pydantic.dev/2.12/migration/
    class EntityResponseSchema(BaseModel):

routers/policies.py:19
  /Users/idokatz/VSCode/Archmorph/backend/tests/../routers/policies.py:19: PydanticDeprecatedSince20: Support for class-based `config` is deprecated, use ConfigDict instead. Deprecated in Pydantic V2.0 to be removed in V3.0. See Pydantic V2 Migration Guide at https://errors.pydantic.dev/2.12/migration/
    class PolicyResponseSchema(BaseModel):

routers/models.py:21
  /Users/idokatz/VSCode/Archmorph/backend/tests/../routers/models.py:21: PydanticDeprecatedSince20: Support for class-based `config` is deprecated, use ConfigDict instead. Deprecated in Pydantic V2.0 to be removed in V3.0. See Pydantic V2 Migration Guide at https://errors.pydantic.dev/2.12/migration/
    class ModelEndpointResponseSchema(BaseModel):

-- Docs: https://docs.pytest.org/en/stable/how-to/capture-warnings.html
=========================== short test summary info ============================
FAILED tests/test_icon_registry.py::TestIconRegistry::test_ingest_folder_pack
FAILED tests/test_icon_registry.py::TestIconRegistry::test_ingest_zip_pack - ...
FAILED tests/test_icon_registry.py::TestIconRegistry::test_get_icon_after_ingest
FAILED tests/test_icon_registry.py::TestIconRegistry::test_resolve_icon_by_service_id
FAILED tests/test_icon_registry.py::TestIconRegistry::test_search_by_provider
FAILED tests/test_icon_registry.py::TestIconRegistry::test_search_by_query - ...
FAILED tests/test_icon_registry.py::TestIconRegistry::test_list_packs_after_ingest
FAILED tests/test_icon_registry.py::TestIconRegistry::test_clear_all_resets
FAILED tests/test_icon_registry.py::TestIconRegistry::test_metrics_tracked - ...
FAILED tests/test_icon_registry.py::TestIconRegistry::test_duplicate_ingest_idempotent
FAILED tests/test_icon_registry.py::TestDrawioBuilder::test_drawio_reference_mode
FAILED tests/test_icon_registry.py::TestDrawioBuilder::test_drawio_full_embed_mode
FAILED tests/test_icon_registry.py::TestDrawioBuilder::test_drawio_xml_valid
FAILED tests/test_icon_registry.py::TestDrawioBuilder::test_drawio_deterministic
FAILED tests/test_icon_registry.py::TestExcalidrawBuilder::test_excalidraw_schema
FAILED tests/test_icon_registry.py::TestExcalidrawBuilder::test_excalidraw_item_structure
FAILED tests/test_icon_registry.py::TestExcalidrawBuilder::test_excalidraw_has_files
FAILED tests/test_icon_registry.py::TestExcalidrawBuilder::test_excalidraw_deterministic
FAILED tests/test_icon_registry.py::TestVisioBuilder::test_visio_pack_is_zip
FAILED tests/test_icon_registry.py::TestVisioBuilder::test_visio_pack_contents
FAILED tests/test_icon_registry.py::TestVisioBuilder::test_visio_manifest_valid
FAILED tests/test_icon_registry.py::TestVisioBuilder::test_visio_readme_present
FAILED tests/test_icon_registry.py::TestIconAPI::test_upload_zip_pack - asser...
FAILED tests/test_icon_registry.py::TestIconAPI::test_upload_then_download_drawio
FAILED tests/test_icon_registry.py::TestIconAPI::test_upload_then_download_excalidraw
FAILED tests/test_icon_registry.py::TestIconAPI::test_upload_then_download_visio
FAILED tests/test_middleware_and_routers.py::TestHLDExportRoutes::test_export_hld_requires_hld
FAILED tests/test_middleware_and_routers.py::TestHLDExportRoutes::test_export_hld_docx_success
FAILED tests/test_privacy.py::TestDataDeletion::test_delete_data_confirmed - ...
FAILED tests/test_privacy.py::TestDataDeletion::test_delete_data_with_reason
!!!!!!!!!!!!!!!!!!!!!!!!!!!!!! KeyboardInterrupt !!!!!!!!!!!!!!!!!!!!!!!!!!!!!!!
/opt/homebrew/Cellar/python@3.13/3.13.12_1/Frameworks/Python.framework/Versions/3.13/lib/python3.13/ast.py:50: KeyboardInterrupt
(to show a full traceback on KeyboardInterrupt use --full-trace)
30 failed, 12 passed, 1407 deselected, 7 warnings in 88.28s (0:01:28)
